*** Using Compiler 'V5.06 update 5 (build 528)', folder: 'C:\Keil_v5\ARM\ARMCC\Bin'
Rebuild target 'APP Target'
compiling system_stm32f4xx.c...
compiling stm32f4xx_adc.c...
compiling stm32f4xx_dbgmcu.c...
compiling stm32f4xx_dcmi.c...
compiling stm32f4xx_it.c...
compiling stm32f4xx_cryp.c...
compiling stm32f4xx_cec.c...
compiling stm32f4xx_crc.c...
compiling misc.c...
compiling stm32f4xx_cryp_des.c...
compiling stm32f4xx_cryp_tdes.c...
compiling stm32f4xx_dfsdm.c...
compiling stm32f4xx_can.c...
compiling stm32f4xx_dac.c...
compiling stm32f4xx_cryp_aes.c...
compiling stm32f4xx_dma.c...
compiling stm32f4xx_dsi.c...
compiling stm32f4xx_exti.c...
compiling stm32f4xx_flash.c...
compiling stm32f4xx_dma2d.c...
compiling stm32f4xx_flash_ramfunc.c...
compiling stm32f4xx_fmpi2c.c...
compiling stm32f4xx_lptim.c...
compiling stm32f4xx_i2c.c...
compiling stm32f4xx_gpio.c...
compiling stm32f4xx_iwdg.c...
compiling stm32f4xx_ltdc.c...
compiling stm32f4xx_pwr.c...
compiling stm32f4xx_qspi.c...
compiling stm32f4xx_rng.c...
compiling stm32f4xx_sai.c...
compiling stm32f4xx_rcc.c...
compiling stm32f4xx_rtc.c...
assembling startup_stm32f411xe.s...
compiling stm32f4xx_sdio.c...
compiling stm32f4xx_spdifrx.c...
compiling stm32f4xx_spi.c...
compiling boot_confirm.c...
compiling stm32f4xx_usart.c...
compiling stm32f4xx_wwdg.c...
compiling stm32f4xx_syscfg.c...
compiling stm32f4xx_tim.c...
compiling main.c...
compiling heap_4.c...
compiling port.c...
compiling ota_update.c...
compiling croutine.c...
compiling hi2c.c...
compiling delay.c...
compiling i2c.c...
compiling event_groups.c...
compiling max30102.c...
compiling list.c...
compiling queue.c...
compiling stream_buffer.c...
compiling HrAlgorythm.c...
compiling user_Queue.c...
compiling timers.c...
compiling tasks.c...
compiling em70x8.c...
compiling ADC_battery.c...
compiling bme280.c...
compiling ds3231.c...
compiling motor.c...
compiling Key.c...
compiling OLED_Data.c...
compiling mpu6050.c...
compiling oled_font.c...
compiling usart.c...
compiling OLED.c...
compiling oled_clock.c...
compiling timer.c...
linking...
Program Size: Code=36804 RO-data=6708 RW-data=436 ZI-data=43940  
FromELF: creating hex file...
After Build - User command #1: fromelf --bin --output=.\Objects\APP\app.bin .\Objects\APP\app.axf
".\Objects\APP\app.axf" - 0 Error(s), 0 Warning(s).
Build Time Elapsed:  00:00:11
