*** Using Compiler 'V5.06 update 5 (build 528)', folder: 'C:\Keil_v5\ARM\ARMCC\Bin'
Rebuild target 'APP Target'
Note: source file '.\User\Battery\ADC_battery.c' - object file renamed from '.\Objects\ADC_battery.o' to '.\Objects\adc_battery_1.o'.Note: source file '.\User\BME280\bme280.c' - object file renamed from '.\Objects\bme280.o' to '.\Objects\bme280_1.o'.Note: source file '.\User\DS3231\ds3231.c' - object file renamed from '.\Objects\ds3231.o' to '.\Objects\ds3231_1.o'.Note: source file '.\User\KEY\Key.c' - object file renamed from '.\Objects\Key.o' to '.\Objects\key_1.o'.Note: source file '.\User\MPU6050\mpu6050.c' - object file renamed from '.\Objects\mpu6050.o' to '.\Objects\mpu6050_1.o'.Note: source file '.\User\OLED\OLED.c' - object file renamed from '.\Objects\OLED.o' to '.\Objects\oled_1.o'.Note: source file '.\User\OLED\oled_clock.c' - object file renamed from '.\Objects\oled_clock.o' to '.\Objects\oled_clock_1.o'.Note: source file '.\User\OLED\OLED_Data.c' - object file renamed from '.\Objects\OLED_Data.o' to '.\Objects\oled_data_1.o'.Note: source file '.\User\TIM\timer.c' - object file renamed from '.\Objects\timer.o' to '.\Objects\timer_1.o'.Note: source file '.\User\UART\usart.c' - object file renamed from '.\Objects\usart.o' to '.\Objects\usart_1.o'.compiling system_stm32f4xx.c...
CMSIS\system_stm32f4xx.c(378): warning:  #9-D: nested comment is not allowed
   #endif /* USE_HSE_BYPASS */
CMSIS\system_stm32f4xx.c(379): error:  #38-D: directive is not allowed -- an #else has already appeared
  #else
CMSIS\system_stm32f4xx.c(851): error:  #20: identifier "PLL_M" is undefined
    
CC->PLLCFGR = PLL_M | (PLL_N << 6) | (((PLL_P >> 1) -1) << 16) | (PLL_Q << 24); 
CMSIS\system_stm32f4xx.c(368): error:  #37: the #endif for this directive is missing
  #if defined(STM32F40_41xxx) || defined(STM32F427_437xx) || defined(STM32F429_439xx) || defined(STM32F401xx) || defined(STM32F469_479xx)
CMSIS\system_stm32f4xx.c: 1 warning, 3 errors
compiling misc.c...
compiling stm32f4xx_cryp_des.c...
compiling stm32f4xx_cec.c...
compiling stm32f4xx_it.c...
compiling stm32f4xx_cryp.c...
compiling stm32f4xx_crc.c...
compiling stm32f4xx_dcmi.c...
compiling stm32f4xx_adc.c...
compiling stm32f4xx_dfsdm.c...
compiling stm32f4xx_dac.c...
compiling stm32f4xx_cryp_tdes.c...
compiling stm32f4xx_can.c...
compiling stm32f4xx_dbgmcu.c...
compiling stm32f4xx_cryp_aes.c...
compiling stm32f4xx_dma.c...
compiling stm32f4xx_i2c.c...
compiling stm32f4xx_flash.c...
compiling stm32f4xx_dma2d.c...
compiling stm32f4xx_hash_md5.c...
compiling stm32f4xx_fmpi2c.c...
compiling stm32f4xx_dsi.c...
compiling stm32f4xx_lptim.c...
compiling stm32f4xx_hash_sha1.c...
compiling stm32f4xx_flash_ramfunc.c...
compiling stm32f4xx_exti.c...
compiling stm32f4xx_gpio.c...
compiling stm32f4xx_iwdg.c...
compiling stm32f4xx_ltdc.c...
compiling stm32f4xx_hash.c...
compiling stm32f4xx_qspi.c...
compiling stm32f4xx_pwr.c...
compiling stm32f4xx_rng.c...
compiling stm32f4xx_rcc.c...
compiling stm32f4xx_rtc.c...
assembling startup_stm32f411xe.s...
compiling stm32f4xx_syscfg.c...
compiling stm32f4xx_spdifrx.c...
compiling stm32f4xx_usart.c...
compiling stm32f4xx_sai.c...
compiling stm32f4xx_wwdg.c...
compiling stm32f4xx_spi.c...
compiling stm32f4xx_sdio.c...
compiling stm32f4xx_tim.c...
compiling main.c...
User\main.c(1577): warning:  #9-D: nested comment is not allowed
          DS3231_SetAlarm1Daily(bell_data[2], bell_data[1], bell_data[0], bell_data[3]); /*bell_data[0] = hour; bell_data[1] = minute; bell_data[2] = second; bell_data[3] = day;*/
User\main.c: 1 warning, 0 errors
compiling heap_4.c...
compiling delay.c...
compiling croutine.c...
compiling port.c...
compiling i2c.c...
compiling list.c...
compiling event_groups.c...
compiling hi2c.c...
compiling max30102.c...
compiling queue.c...
compiling stream_buffer.c...
compiling timers.c...
compiling tasks.c...
compiling HrAlgorythm.c...
compiling user_Queue.c...
compiling em70x8.c...
compiling OLED_Data.c...
compiling ADC_battery.c...
compiling bme280.c...
compiling ds3231.c...
compiling Key.c...
compiling motor.c...
compiling mpu6050.c...
compiling OLED.c...
compiling oled_clock.c...
compiling oled_font.c...
compiling usart.c...
compiling timer.c...
".\Objects\app.axf" - 3 Error(s), 2 Warning(s).
Target not created.
Build Time Elapsed:  00:00:13
