<html>
<body>
<pre>
<h1>µVision Build Log</h1>
<h2>Tool Versions:</h2>
IDE-Version: ¦ÌVision V5.39.0.0
Copyright (C) 2023 ARM Ltd and ARM Germany GmbH. All rights reserved.
License Information: 1 94122, 2, LIC=V85FJ-UI7Y8-NTD3G-V6ES9-D4AU8-F8SF7
 
Tool Versions:
Toolchain:       MDK-ARM Professional  Version: 5.39.0.0
Toolchain Path:  C:\Keil_v5\ARM\ARMCC\Bin
C Compiler:      Armcc.exe V5.06 update 5 (build 528)
Assembler:       Armasm.exe V5.06 update 5 (build 528)
Linker/Locator:  ArmLink.exe V5.06 update 5 (build 528)
Library Manager: ArmAr.exe V5.06 update 5 (build 528)
Hex Converter:   FromElf.exe V5.06 update 5 (build 528)
CPU DLL:         SARMCM3.DLL V5.39.0.0
Dialog DLL:      DCM.DLL V1.17.5.0
Target DLL:      Segger\JL2CM3.dll V2.99.43.0
Dialog DLL:      TCM.DLL V1.56.4.0
 
<h2>Project:</h2>
D:\SSTM32\F411\WATCH\project.uvprojx
Project File Date:  05/11/2026

<h2>Output:</h2>
*** Using Compiler 'V5.06 update 5 (build 528)', folder: 'C:\Keil_v5\ARM\ARMCC\Bin'
Rebuild target 'Bootloader Target'
Note: source file '.\User\Battery\ADC_battery.c' - object file renamed from '.\Objects\ADC_battery.o' to '.\Objects\adc_battery_1.o'.
Note: source file '.\User\BME280\bme280.c' - object file renamed from '.\Objects\bme280.o' to '.\Objects\bme280_1.o'.
Note: source file '.\User\DS3231\ds3231.c' - object file renamed from '.\Objects\ds3231.o' to '.\Objects\ds3231_1.o'.
Note: source file '.\User\KEY\Key.c' - object file renamed from '.\Objects\Key.o' to '.\Objects\key_1.o'.
Note: source file '.\User\MPU6050\mpu6050.c' - object file renamed from '.\Objects\mpu6050.o' to '.\Objects\mpu6050_1.o'.
Note: source file '.\User\OLED\OLED.c' - object file renamed from '.\Objects\OLED.o' to '.\Objects\oled_1.o'.
Note: source file '.\User\OLED\oled_clock.c' - object file renamed from '.\Objects\oled_clock.o' to '.\Objects\oled_clock_1.o'.
Note: source file '.\User\OLED\OLED_Data.c' - object file renamed from '.\Objects\OLED_Data.o' to '.\Objects\oled_data_1.o'.
Note: source file '.\User\TIM\timer.c' - object file renamed from '.\Objects\timer.o' to '.\Objects\timer_1.o'.
Note: source file '.\User\UART\usart.c' - object file renamed from '.\Objects\usart.o' to '.\Objects\usart_1.o'.
compiling stm32f4xx_can.c...
compiling stm32f4xx_crc.c...
compiling stm32f4xx_cryp_des.c...
compiling stm32f4xx_cryp_tdes.c...
compiling stm32f4xx_cec.c...
compiling stm32f4xx_cryp.c...
compiling stm32f4xx_dbgmcu.c...
compiling stm32f4xx_it.c...
compiling stm32f4xx_dfsdm.c...
compiling system_stm32f4xx.c...
compiling stm32f4xx_adc.c...
compiling misc.c...
compiling stm32f4xx_cryp_aes.c...
compiling stm32f4xx_dcmi.c...
compiling stm32f4xx_dac.c...
compiling stm32f4xx_dma.c...
compiling stm32f4xx_dsi.c...
compiling stm32f4xx_dma2d.c...
compiling stm32f4xx_exti.c...
compiling stm32f4xx_flash.c...
compiling stm32f4xx_flash_ramfunc.c...
compiling stm32f4xx_fmpi2c.c...
compiling stm32f4xx_gpio.c...
compiling stm32f4xx_hash_sha1.c...
compiling stm32f4xx_iwdg.c...
compiling stm32f4xx_hash_md5.c...
compiling stm32f4xx_lptim.c...
compiling stm32f4xx_i2c.c...
compiling stm32f4xx_hash.c...
compiling stm32f4xx_ltdc.c...
compiling stm32f4xx_pwr.c...
compiling stm32f4xx_rng.c...
compiling stm32f4xx_qspi.c...
compiling stm32f4xx_rcc.c...
assembling startup_stm32f411xe.s...
compiling stm32f4xx_rtc.c...
compiling stm32f4xx_spdifrx.c...
compiling stm32f4xx_sai.c...
compiling stm32f4xx_sdio.c...
compiling stm32f4xx_spi.c...
compiling stm32f4xx_syscfg.c...
compiling stm32f4xx_usart.c...
compiling stm32f4xx_tim.c...
compiling stm32f4xx_wwdg.c...
compiling port.c...
compiling heap_4.c...
compiling croutine.c...
compiling delay.c...
compiling list.c...
compiling event_groups.c...
compiling i2c.c...
compiling hi2c.c...
compiling stream_buffer.c...
compiling max30102.c...
compiling queue.c...
compiling main.c...
compiling timers.c...
compiling tasks.c...
compiling user_Queue.c...
compiling HrAlgorythm.c...
compiling em70x8.c...
compiling OLED_Data.c...
compiling ADC_battery.c...
compiling bme280.c...
compiling motor.c...
compiling ds3231.c...
compiling Key.c...
compiling mpu6050.c...
compiling OLED.c...
compiling oled_clock.c...
compiling oled_font.c...
compiling usart.c...
compiling timer.c...
linking...
Program Size: Code=34488 RO-data=6708 RW-data=432 ZI-data=43672  
FromELF: creating hex file...
After Build - User command #1: fromelf --bin --output=.\OTA\app.bin .\Objects\project.axf
".\Objects\project.axf" - 0 Error(s), 0 Warning(s).

<h2>Software Packages used:</h2>

Package Vendor: Keil
                https://www.keil.com/pack/Keil.STM32F4xx_DFP.3.1.1.pack
                Keil::STM32F4xx_DFP@3.1.1
                STMicroelectronics STM32F4 Series Device Support

<h2>Collection of Component include folders:</h2>

<h2>Collection of Component Files used:</h2>
Build Time Elapsed:  00:00:06
</pre>
</body>
</html>
