Component: ARM Compiler 5.06 update 5 (build 528) Tool: armlink [4d35e2]

==============================================================================

Section Cross References

    system_stm32f4xx.o(i.SystemCoreClockUpdate) refers to system_stm32f4xx.o(.data) for .data
    system_stm32f4xx.o(i.SystemInit) refers to system_stm32f4xx.o(i.SetSysClock) for SetSysClock
    stm32f4xx_adc.o(i.ADC_DeInit) refers to stm32f4xx_rcc.o(i.RCC_APB2PeriphResetCmd) for RCC_APB2PeriphResetCmd
    stm32f4xx_can.o(i.CAN_DeInit) refers to stm32f4xx_rcc.o(i.RCC_APB1PeriphResetCmd) for RCC_APB1PeriphResetCmd
    stm32f4xx_can.o(i.CAN_GetITStatus) refers to stm32f4xx_can.o(i.CheckITStatus) for CheckITStatus
    stm32f4xx_cryp.o(i.CRYP_DeInit) refers to stm32f4xx_rcc.o(i.RCC_AHB2PeriphResetCmd) for RCC_AHB2PeriphResetCmd
    stm32f4xx_cryp_aes.o(i.CRYP_AES_CBC) refers to stm32f4xx_cryp.o(i.CRYP_KeyStructInit) for CRYP_KeyStructInit
    stm32f4xx_cryp_aes.o(i.CRYP_AES_CBC) refers to stm32f4xx_cryp.o(i.CRYP_KeyInit) for CRYP_KeyInit
    stm32f4xx_cryp_aes.o(i.CRYP_AES_CBC) refers to stm32f4xx_cryp.o(i.CRYP_Init) for CRYP_Init
    stm32f4xx_cryp_aes.o(i.CRYP_AES_CBC) refers to stm32f4xx_cryp.o(i.CRYP_IVInit) for CRYP_IVInit
    stm32f4xx_cryp_aes.o(i.CRYP_AES_CBC) refers to stm32f4xx_cryp.o(i.CRYP_FIFOFlush) for CRYP_FIFOFlush
    stm32f4xx_cryp_aes.o(i.CRYP_AES_CBC) refers to stm32f4xx_cryp.o(i.CRYP_Cmd) for CRYP_Cmd
    stm32f4xx_cryp_aes.o(i.CRYP_AES_CBC) refers to stm32f4xx_cryp.o(i.CRYP_GetCmdStatus) for CRYP_GetCmdStatus
    stm32f4xx_cryp_aes.o(i.CRYP_AES_CBC) refers to stm32f4xx_cryp.o(i.CRYP_GetFlagStatus) for CRYP_GetFlagStatus
    stm32f4xx_cryp_aes.o(i.CRYP_AES_CBC) refers to stm32f4xx_cryp.o(i.CRYP_DataIn) for CRYP_DataIn
    stm32f4xx_cryp_aes.o(i.CRYP_AES_CBC) refers to stm32f4xx_cryp.o(i.CRYP_DataOut) for CRYP_DataOut
    stm32f4xx_cryp_aes.o(i.CRYP_AES_CCM) refers to stm32f4xx_cryp.o(i.CRYP_KeyStructInit) for CRYP_KeyStructInit
    stm32f4xx_cryp_aes.o(i.CRYP_AES_CCM) refers to stm32f4xx_cryp.o(i.CRYP_FIFOFlush) for CRYP_FIFOFlush
    stm32f4xx_cryp_aes.o(i.CRYP_AES_CCM) refers to stm32f4xx_cryp.o(i.CRYP_KeyInit) for CRYP_KeyInit
    stm32f4xx_cryp_aes.o(i.CRYP_AES_CCM) refers to stm32f4xx_cryp.o(i.CRYP_IVInit) for CRYP_IVInit
    stm32f4xx_cryp_aes.o(i.CRYP_AES_CCM) refers to stm32f4xx_cryp.o(i.CRYP_Init) for CRYP_Init
    stm32f4xx_cryp_aes.o(i.CRYP_AES_CCM) refers to stm32f4xx_cryp.o(i.CRYP_PhaseConfig) for CRYP_PhaseConfig
    stm32f4xx_cryp_aes.o(i.CRYP_AES_CCM) refers to stm32f4xx_cryp.o(i.CRYP_DataIn) for CRYP_DataIn
    stm32f4xx_cryp_aes.o(i.CRYP_AES_CCM) refers to stm32f4xx_cryp.o(i.CRYP_Cmd) for CRYP_Cmd
    stm32f4xx_cryp_aes.o(i.CRYP_AES_CCM) refers to stm32f4xx_cryp.o(i.CRYP_GetCmdStatus) for CRYP_GetCmdStatus
    stm32f4xx_cryp_aes.o(i.CRYP_AES_CCM) refers to stm32f4xx_cryp.o(i.CRYP_GetFlagStatus) for CRYP_GetFlagStatus
    stm32f4xx_cryp_aes.o(i.CRYP_AES_CCM) refers to stm32f4xx_cryp.o(i.CRYP_DataOut) for CRYP_DataOut
    stm32f4xx_cryp_aes.o(i.CRYP_AES_CTR) refers to stm32f4xx_cryp.o(i.CRYP_KeyStructInit) for CRYP_KeyStructInit
    stm32f4xx_cryp_aes.o(i.CRYP_AES_CTR) refers to stm32f4xx_cryp.o(i.CRYP_KeyInit) for CRYP_KeyInit
    stm32f4xx_cryp_aes.o(i.CRYP_AES_CTR) refers to stm32f4xx_cryp.o(i.CRYP_Init) for CRYP_Init
    stm32f4xx_cryp_aes.o(i.CRYP_AES_CTR) refers to stm32f4xx_cryp.o(i.CRYP_IVInit) for CRYP_IVInit
    stm32f4xx_cryp_aes.o(i.CRYP_AES_CTR) refers to stm32f4xx_cryp.o(i.CRYP_FIFOFlush) for CRYP_FIFOFlush
    stm32f4xx_cryp_aes.o(i.CRYP_AES_CTR) refers to stm32f4xx_cryp.o(i.CRYP_Cmd) for CRYP_Cmd
    stm32f4xx_cryp_aes.o(i.CRYP_AES_CTR) refers to stm32f4xx_cryp.o(i.CRYP_GetCmdStatus) for CRYP_GetCmdStatus
    stm32f4xx_cryp_aes.o(i.CRYP_AES_CTR) refers to stm32f4xx_cryp.o(i.CRYP_DataIn) for CRYP_DataIn
    stm32f4xx_cryp_aes.o(i.CRYP_AES_CTR) refers to stm32f4xx_cryp.o(i.CRYP_GetFlagStatus) for CRYP_GetFlagStatus
    stm32f4xx_cryp_aes.o(i.CRYP_AES_CTR) refers to stm32f4xx_cryp.o(i.CRYP_DataOut) for CRYP_DataOut
    stm32f4xx_cryp_aes.o(i.CRYP_AES_ECB) refers to stm32f4xx_cryp.o(i.CRYP_KeyStructInit) for CRYP_KeyStructInit
    stm32f4xx_cryp_aes.o(i.CRYP_AES_ECB) refers to stm32f4xx_cryp.o(i.CRYP_KeyInit) for CRYP_KeyInit
    stm32f4xx_cryp_aes.o(i.CRYP_AES_ECB) refers to stm32f4xx_cryp.o(i.CRYP_Init) for CRYP_Init
    stm32f4xx_cryp_aes.o(i.CRYP_AES_ECB) refers to stm32f4xx_cryp.o(i.CRYP_FIFOFlush) for CRYP_FIFOFlush
    stm32f4xx_cryp_aes.o(i.CRYP_AES_ECB) refers to stm32f4xx_cryp.o(i.CRYP_Cmd) for CRYP_Cmd
    stm32f4xx_cryp_aes.o(i.CRYP_AES_ECB) refers to stm32f4xx_cryp.o(i.CRYP_GetCmdStatus) for CRYP_GetCmdStatus
    stm32f4xx_cryp_aes.o(i.CRYP_AES_ECB) refers to stm32f4xx_cryp.o(i.CRYP_GetFlagStatus) for CRYP_GetFlagStatus
    stm32f4xx_cryp_aes.o(i.CRYP_AES_ECB) refers to stm32f4xx_cryp.o(i.CRYP_DataIn) for CRYP_DataIn
    stm32f4xx_cryp_aes.o(i.CRYP_AES_ECB) refers to stm32f4xx_cryp.o(i.CRYP_DataOut) for CRYP_DataOut
[...]
    __aeabi_cdcmpeq                          0x080206e1   Thumb Code     0  cdcmple.o(.text)
    __aeabi_cdcmple                          0x080206e1   Thumb Code    48  cdcmple.o(.text)
    __aeabi_cdrcmple                         0x08020711   Thumb Code    48  cdrcmple.o(.text)
    __aeabi_d2f                              0x08020741   Thumb Code    56  d2f.o(.text)
    __aeabi_uidiv                            0x08020779   Thumb Code     0  uidiv.o(.text)
    __aeabi_uidivmod                         0x08020779   Thumb Code    44  uidiv.o(.text)
    __aeabi_llsl                             0x080207a5   Thumb Code    30  llshl.o(.text)
    _ll_shift_l                              0x080207a5   Thumb Code     0  llshl.o(.text)
    __aeabi_llsr                             0x080207c3   Thumb Code    32  llushr.o(.text)
    _ll_ushift_r                             0x080207c3   Thumb Code     0  llushr.o(.text)
    __aeabi_lasr                             0x080207e3   Thumb Code    36  llsshr.o(.text)
    _ll_sshift_r                             0x080207e3   Thumb Code     0  llsshr.o(.text)
    __I$use$fp                               0x08020807   Thumb Code     0  iusefp.o(.text)
    _float_round                             0x08020807   Thumb Code    18  fepilogue.o(.text)
    _float_epilogue                          0x08020819   Thumb Code    92  fepilogue.o(.text)
    _double_round                            0x08020875   Thumb Code    30  depilogue.o(.text)
    _double_epilogue                         0x08020893   Thumb Code   156  depilogue.o(.text)
    __aeabi_d2ulz                            0x0802092f   Thumb Code    48  dfixul.o(.text)
    __scatterload                            0x08020961   Thumb Code    28  init.o(.text)
    __scatterload_rt2                        0x08020961   Thumb Code     0  init.o(.text)
    __decompress                             0x08020985   Thumb Code     0  __dczerorl.o(.text)
    __decompress0                            0x08020985   Thumb Code    58  __dczerorl.o(.text)
    ADC_Battery_Init                         0x080209c1   Thumb Code   170  adc_battery.o(i.ADC_Battery_Init)
    ADC_Cmd                                  0x08020a79   Thumb Code    24  stm32f4xx_adc.o(i.ADC_Cmd)
    ADC_CommonInit                           0x08020a91   Thumb Code    30  stm32f4xx_adc.o(i.ADC_CommonInit)
    ADC_DMACmd                               0x08020ab9   Thumb Code    24  stm32f4xx_adc.o(i.ADC_DMACmd)
    ADC_DMARequestAfterLastTransferCmd       0x08020ad1   Thumb Code    24  stm32f4xx_adc.o(i.ADC_DMARequestAfterLastTransferCmd)
    ADC_Init                                 0x08020ae9   Thumb Code    66  stm32f4xx_adc.o(i.ADC_Init)
    ADC_RegularChannelConfig                 0x08020b35   Thumb Code   116  stm32f4xx_adc.o(i.ADC_RegularChannelConfig)
    ADC_Start                                0x08020ba9   Thumb Code    58  adc_battery.o(i.ADC_Start)
    ADC_dma_int                              0x08020be9   Thumb Code   134  adc_battery.o(i.ADC_dma_int)
    AppBoot_ConfirmIfTrial                   0x08020c81   Thumb Code    76  boot_confirm.o(i.AppBoot_ConfirmIfTrial)
    BME280_Init                              0x08020d4f   Thumb Code    54  bme280.o(i.BME280_Init)
    BME280_Read_All                          0x08020d85   Thumb Code  1422  bme280.o(i.BME280_Read_All)
    BME_POWER_OFF                            0x08021439   Thumb Code    20  bme280.o(i.BME_POWER_OFF)
    BusFault_Handler                         0x0802146f   Thumb Code     2  stm32f4xx_it.o(i.BusFault_Handler)
    DEC_BCD                                  0x08021471   Thumb Code    22  ds3231.o(i.DEC_BCD)
    DMA2_Stream0_IRQHandler                  0x08021489   Thumb Code   182  main.o(i.DMA2_Stream0_IRQHandler)
    DMA_ClearFlag                            0x08021565   Thumb Code    32  stm32f4xx_dma.o(i.DMA_ClearFlag)
    DMA_ClearITPendingBit                    0x08021591   Thumb Code    32  stm32f4xx_dma.o(i.DMA_ClearITPendingBit)
    DMA_Cmd                                  0x080215bd   Thumb Code    24  stm32f4xx_dma.o(i.DMA_Cmd)
    DMA_DoubleBufferModeCmd                  0x080215d5   Thumb Code    24  stm32f4xx_dma.o(i.DMA_DoubleBufferModeCmd)
    DMA_DoubleBufferModeConfig               0x080215ed   Thumb Code    26  stm32f4xx_dma.o(i.DMA_DoubleBufferModeConfig)
    DMA_GetCurrentMemoryTarget               0x08021607   Thumb Code    14  stm32f4xx_dma.o(i.DMA_GetCurrentMemoryTarget)
    DMA_GetITStatus                          0x08021615   Thumb Code    68  stm32f4xx_dma.o(i.DMA_GetITStatus)
    DMA_ITConfig                             0x08021669   Thumb Code    50  stm32f4xx_dma.o(i.DMA_ITConfig)
    DMA_Init                                 0x0802169d   Thumb Code    80  stm32f4xx_dma.o(i.DMA_Init)
    DMA_StructInit                           0x080216f1   Thumb Code    34  stm32f4xx_dma.o(i.DMA_StructInit)
    DS3231_ClearAlarmFlag                    0x08021713   Thumb Code    72  ds3231.o(i.DS3231_ClearAlarmFlag)
    DS3231_EnableAlarmInterrupt              0x0802175b   Thumb Code   108  ds3231.o(i.DS3231_EnableAlarmInterrupt)
    DS3231_SetAlarm1Daily                    0x080217c7   Thumb Code    98  ds3231.o(i.DS3231_SetAlarm1Daily)
    DS3231_SetAlarm2Daily                    0x08021829   Thumb Code    72  ds3231.o(i.DS3231_SetAlarm2Daily)
    DS3231_SetDateTime                       0x08021871   Thumb Code   224  ds3231.o(i.DS3231_SetDateTime)
    DS3231_getdate                           0x08021989   Thumb Code   112  ds3231.o(i.DS3231_getdate)
    DS3231_gettime                           0x080219f9   Thumb Code    84  ds3231.o(i.DS3231_gettime)
    DS3231_setDate                           0x08021a4d   Thumb Code   180  ds3231.o(i.DS3231_setDate)
    DS3231_setTime                           0x08021b51   Thumb Code   120  ds3231.o(i.DS3231_setTime)
    DebugMon_Handler                         0x08021bc9   Thumb Code     2  stm32f4xx_it.o(i.DebugMon_Handler)
    EM7028_Get_HRS1                          0x08021be3   Thumb Code    26  em7028.o(i.EM7028_Get_HRS1)
    EM7028_Get_ID                            0x08021bfd   Thumb Code     6  em7028.o(i.EM7028_Get_ID)
    EM7028_HR_SetEnabled                     0x08021c05   Thumb Code    18  em7028.o(i.EM7028_HR_SetEnabled)
    EM7028_ReadOneReg                        0x08021c1d   Thumb Code    30  em7028.o(i.EM7028_ReadOneReg)
    EM7028_WriteOneReg                       0x08021c3b   Thumb Code    22  em7028.o(i.EM7028_WriteOneReg)
    EM7028_hrs_DisEnable                     0x08021c51   Thumb Code    46  em7028.o(i.EM7028_hrs_DisEnable)
    EM7028_hrs_Enable                        0x08021c7f   Thumb Code    46  em7028.o(i.EM7028_hrs_Enable)
    EM7028_hrs_init                          0x08021cad   Thumb Code    78  em7028.o(i.EM7028_hrs_init)
    EXTI0_IRQHandler                         0x08021cfd   Thumb Code    90  key.o(i.EXTI0_IRQHandler)
    EXTI15_10_IRQHandler                     0x08021d61   Thumb Code    62  key.o(i.EXTI15_10_IRQHandler)
    EXTI1_IRQHandler                         0x08021da9   Thumb Code    66  main.o(i.EXTI1_IRQHandler)
    EXTI4_IRQHandler                         0x08021df5   Thumb Code    64  main.o(i.EXTI4_IRQHandler)
    EXTI_ClearFlag                           0x08021e3d   Thumb Code     6  stm32f4xx_exti.o(i.EXTI_ClearFlag)
    EXTI_ClearITPendingBit                   0x08021e49   Thumb Code     6  stm32f4xx_exti.o(i.EXTI_ClearITPendingBit)
    EXTI_Configuration                       0x08021e55   Thumb Code   236  key.o(i.EXTI_Configuration)
    EXTI_GetITStatus                         0x08021f41   Thumb Code    16  stm32f4xx_exti.o(i.EXTI_GetITStatus)
    EXTI_Init                                0x08021f55   Thumb Code   110  stm32f4xx_exti.o(i.EXTI_Init)
    Enter_Standby_Mode                       0x08021fc9   Thumb Code    36  key.o(i.Enter_Standby_Mode)
    FLASH_ClearFlag                          0x08021fed   Thumb Code     6  stm32f4xx_flash.o(i.FLASH_ClearFlag)
    FLASH_DataCacheCmd                       0x08021ff9   Thumb Code    26  stm32f4xx_flash.o(i.FLASH_DataCacheCmd)
    FLASH_DataCacheReset                     0x08022019   Thumb Code    12  stm32f4xx_flash.o(i.FLASH_DataCacheReset)
    FLASH_EraseSector                        0x08022029   Thumb Code   106  stm32f4xx_flash.o(i.FLASH_EraseSector)
    FLASH_GetStatus                          0x08022099   Thumb Code    56  stm32f4xx_flash.o(i.FLASH_GetStatus)
    FLASH_InstructionCacheCmd                0x080220d5   Thumb Code    26  stm32f4xx_flash.o(i.FLASH_InstructionCacheCmd)
    FLASH_InstructionCacheReset              0x080220f5   Thumb Code    12  stm32f4xx_flash.o(i.FLASH_InstructionCacheReset)
    FLASH_Lock                               0x08022105   Thumb Code    12  stm32f4xx_flash.o(i.FLASH_Lock)
    FLASH_ProgramByte                        0x08022115   Thumb Code    52  stm32f4xx_flash.o(i.FLASH_ProgramByte)
    FLASH_ProgramWord                        0x0802214d   Thumb Code    56  stm32f4xx_flash.o(i.FLASH_ProgramWord)
    FLASH_Unlock                             0x08022189   Thumb Code    22  stm32f4xx_flash.o(i.FLASH_Unlock)
    FLASH_WaitForLastOperation               0x080221ad   Thumb Code    34  stm32f4xx_flash.o(i.FLASH_WaitForLastOperation)
    FPU_Enable                               0x080221d1   Thumb Code    12  mcu_debug.o(i.FPU_Enable)
    FreeRTOS_Start                           0x080221e1   Thumb Code   306  main.o(i.FreeRTOS_Start)
    GPIO_Init                                0x08022381   Thumb Code   124  stm32f4xx_gpio.o(i.GPIO_Init)
    GPIO_PinAFConfig                         0x080223fd   Thumb Code    32  stm32f4xx_gpio.o(i.GPIO_PinAFConfig)
    GPIO_ReadInputDataBit                    0x0802241d   Thumb Code    14  stm32f4xx_gpio.o(i.GPIO_ReadInputDataBit)
    GPIO_ResetBits                           0x0802242b   Thumb Code     6  stm32f4xx_gpio.o(i.GPIO_ResetBits)
    GPIO_SetBits                             0x08022431   Thumb Code     4  stm32f4xx_gpio.o(i.GPIO_SetBits)
    GPIO_WriteBit                            0x08022435   Thumb Code    14  stm32f4xx_gpio.o(i.GPIO_WriteBit)
    GetKeyNum                                0x08022445   Thumb Code    38  key.o(i.GetKeyNum)
    HR_AlgoInit                              0x08022471   Thumb Code    38  hralgorythm.o(i.HR_AlgoInit)
    HR_Calculate                             0x080224a1   Thumb Code   200  hralgorythm.o(i.HR_Calculate)
    HR_SpO2_Hander                           0x08022651   Thumb Code   336  em7028.o(i.HR_SpO2_Hander)
    HR_SpO2_showm                            0x08022891   Thumb Code   170  oled_clock.o(i.HR_SpO2_showm)
    HardFault_Handler                        0x08022955   Thumb Code     2  stm32f4xx_it.o(i.HardFault_Handler)
    I2C_AcknowledgeConfig                    0x0802297d   Thumb Code    24  stm32f4xx_i2c.o(i.I2C_AcknowledgeConfig)
    I2C_ClearFlag                            0x08022995   Thumb Code     6  stm32f4xx_i2c.o(i.I2C_ClearFlag)
    I2C_Cmd                                  0x0802299b   Thumb Code    24  stm32f4xx_i2c.o(i.I2C_Cmd)
    I2C_GenerateSTART                        0x080229b3   Thumb Code    24  stm32f4xx_i2c.o(i.I2C_GenerateSTART)
    I2C_GenerateSTOP                         0x080229cb   Thumb Code    24  stm32f4xx_i2c.o(i.I2C_GenerateSTOP)
    I2C_GetFlagStatus                        0x080229e3   Thumb Code    50  stm32f4xx_i2c.o(i.I2C_GetFlagStatus)
    I2C_Init                                 0x08022a15   Thumb Code   178  stm32f4xx_i2c.o(i.I2C_Init)
    I2C_ReadRegister                         0x08022ad1   Thumb Code    16  stm32f4xx_i2c.o(i.I2C_ReadRegister)
    I2C_ReceiveData                          0x08022ae1   Thumb Code     6  stm32f4xx_i2c.o(i.I2C_ReceiveData)
    I2C_SendData                             0x08022ae7   Thumb Code     4  stm32f4xx_i2c.o(i.I2C_SendData)
    IIC_DS3231_ByteRead                      0x08022aeb   Thumb Code    12  ds3231.o(i.IIC_DS3231_ByteRead)
    IIC_DS3231_ByteWrite                     0x08022af7   Thumb Code    22  ds3231.o(i.IIC_DS3231_ByteWrite)
    Key_Init                                 0x08022b0d   Thumb Code   130  key.o(i.Key_Init)
    LED_Switch                               0x08022bad   Thumb Code    10  main.o(i.LED_Switch)
    LED_init                                 0x08022bbd   Thumb Code    46  main.o(i.LED_init)
    MPU6050_Proc                             0x08022bf1   Thumb Code   150  mpu6050.o(i.MPU6050_Proc)
    MemManage_Handler                        0x08022c9d   Thumb Code     2  stm32f4xx_it.o(i.MemManage_Handler)
    Motor_GPIO_Init                          0x08022ca1   Thumb Code    48  motor.o(i.Motor_GPIO_Init)
    Motor_GPIO_ON                            0x08022cd5   Thumb Code    10  motor.o(i.Motor_GPIO_ON)
    Motor_GPIO_off                           0x08022ce5   Thumb Code    10  motor.o(i.Motor_GPIO_off)
    Motor_alarm                              0x08022cf5   Thumb Code    66  main.o(i.Motor_alarm)
    NMI_Handler                              0x08022d51   Thumb Code     2  stm32f4xx_it.o(i.NMI_Handler)
    NVIC_Configuration                       0x08022d53   Thumb Code    42  usart.o(i.NVIC_Configuration)
    NVIC_Init                                0x08022d7d   Thumb Code    98  misc.o(i.NVIC_Init)
    NVIC_PriorityGroupConfig                 0x08022de5   Thumb Code    10  misc.o(i.NVIC_PriorityGroupConfig)
    NVIC_adc_Configuration                   0x08022df9   Thumb Code    42  adc_battery.o(i.NVIC_adc_Configuration)
    OLED_Clear                               0x08022e25   Thumb Code    34  oled.o(i.OLED_Clear)
    OLED_ClearArea                           0x08022e4d   Thumb Code    88  oled.o(i.OLED_ClearArea)
    OLED_Init                                0x08022ea9   Thumb Code   152  oled.o(i.OLED_Init)
    OLED_Pow                                 0x08022f41   Thumb Code    16  oled.o(i.OLED_Pow)
    OLED_SetCursor                           0x08022f51   Thumb Code    34  oled.o(i.OLED_SetCursor)
    OLED_ShowChar                            0x08022f75   Thumb Code    78  oled.o(i.OLED_ShowChar)
    OLED_ShowImage                           0x08022fd1   Thumb Code   176  oled.o(i.OLED_ShowImage)
    OLED_ShowNum                             0x08023085   Thumb Code    72  oled.o(i.OLED_ShowNum)
    OLED_ShowString                          0x080230cd   Thumb Code   382  oled.o(i.OLED_ShowString)
    OLED_Update                              0x08023255   Thumb Code    34  oled.o(i.OLED_Update)
    OLED_WriteCommand                        0x0802327d   Thumb Code    22  hi2c.o(i.OLED_WriteCommand)
    OLED_WriteData                           0x08023295   Thumb Code   330  hi2c.o(i.OLED_WriteData)
    Ota_UpdateCaptureResetCause              0x080238bd   Thumb Code    18  ota_update.o(i.Ota_UpdateCaptureResetCause)
    Ota_UpdateFeedByte                       0x080238d9   Thumb Code   358  ota_update.o(i.Ota_UpdateFeedByte)
    Ota_UpdateGetResetCsr                    0x08023a45   Thumb Code     6  ota_update.o(i.Ota_UpdateGetResetCsr)
    Ota_UpdateInProgress                     0x08023a51   Thumb Code    18  ota_update.o(i.Ota_UpdateInProgress)
    Ota_UpdateOnUartRxDrop                   0x08023a69   Thumb Code    10  ota_update.o(i.Ota_UpdateOnUartRxDrop)
    Ota_UpdatePoll                           0x08023a79   Thumb Code    70  ota_update.o(i.Ota_UpdatePoll)
    Ota_UpdateReset                          0x08023ac5   Thumb Code    30  ota_update.o(i.Ota_UpdateReset)
    PWR_ClearFlag                            0x08023bd9   Thumb Code    12  stm32f4xx_pwr.o(i.PWR_ClearFlag)
    PWR_EnterSTANDBYMode                     0x08023be9   Thumb Code    24  stm32f4xx_pwr.o(i.PWR_EnterSTANDBYMode)
    PWR_GetFlagStatus                        0x08023c09   Thumb Code    16  stm32f4xx_pwr.o(i.PWR_GetFlagStatus)
    PWR_WakeUpPinCmd                         0x08023c1d   Thumb Code     6  stm32f4xx_pwr.o(i.PWR_WakeUpPinCmd)
    RCC_AHB1PeriphClockCmd                   0x08023c29   Thumb Code    22  stm32f4xx_rcc.o(i.RCC_AHB1PeriphClockCmd)
    RCC_APB1PeriphClockCmd                   0x08023c45   Thumb Code    22  stm32f4xx_rcc.o(i.RCC_APB1PeriphClockCmd)
    RCC_APB2PeriphClockCmd                   0x08023c61   Thumb Code    22  stm32f4xx_rcc.o(i.RCC_APB2PeriphClockCmd)
    RCC_GetClocksFreq                        0x08023c7d   Thumb Code   148  stm32f4xx_rcc.o(i.RCC_GetClocksFreq)
    SYSCFG_EXTILineConfig                    0x08023d1d   Thumb Code    38  stm32f4xx_syscfg.o(i.SYSCFG_EXTILineConfig)
    SetTimeAlarm_Hander                      0x08023dbd   Thumb Code   910  main.o(i.SetTimeAlarm_Hander)
    SysTick_Handler                          0x080242d5   Thumb Code    38  port.o(i.SysTick_Handler)
    SystemInit                               0x08024301   Thumb Code    72  system_stm32f4xx.o(i.SystemInit)
    TIM2_IRQHandler                          0x0802435d   Thumb Code    60  main.o(i.TIM2_IRQHandler)
    TIM2_Int_Init                            0x080243a1   Thumb Code    94  timer.o(i.TIM2_Int_Init)
    TIM3_IRQHandler                          0x08024401   Thumb Code    42  timer.o(i.TIM3_IRQHandler)
    TIM3_Int_Init                            0x08024435   Thumb Code    76  timer.o(i.TIM3_Int_Init)
    TIM_ClearITPendingBit                    0x08024489   Thumb Code     6  stm32f4xx_tim.o(i.TIM_ClearITPendingBit)
    TIM_Cmd                                  0x0802448f   Thumb Code    24  stm32f4xx_tim.o(i.TIM_Cmd)
    TIM_GetITStatus                          0x080244a7   Thumb Code    24  stm32f4xx_tim.o(i.TIM_GetITStatus)
    TIM_ITConfig                             0x080244bf   Thumb Code    20  stm32f4xx_tim.o(i.TIM_ITConfig)
    TIM_OC4Init                              0x080244d5   Thumb Code    92  stm32f4xx_tim.o(i.TIM_OC4Init)
    TIM_OCStructInit                         0x08024539   Thumb Code    20  stm32f4xx_tim.o(i.TIM_OCStructInit)
    TIM_TimeBaseInit                         0x0802454d   Thumb Code    96  stm32f4xx_tim.o(i.TIM_TimeBaseInit)
    USART2_IRQHandler                        0x080245c9   Thumb Code   140  main.o(i.USART2_IRQHandler)
    USART_Cmd                                0x08024661   Thumb Code    24  stm32f4xx_usart.o(i.USART_Cmd)
    USART_Config                             0x08024679   Thumb Code   162  usart.o(i.USART_Config)
    USART_GetFlagStatus                      0x08024725   Thumb Code    14  stm32f4xx_usart.o(i.USART_GetFlagStatus)
    USART_GetITStatus                        0x08024733   Thumb Code    64  stm32f4xx_usart.o(i.USART_GetITStatus)
    USART_ITConfig                           0x08024773   Thumb Code    54  stm32f4xx_usart.o(i.USART_ITConfig)
    USART_Init                               0x080247a9   Thumb Code   180  stm32f4xx_usart.o(i.USART_Init)
    USART_ReceiveData                        0x08024865   Thumb Code     8  stm32f4xx_usart.o(i.USART_ReceiveData)
    USART_SendData                           0x0802486d   Thumb Code     8  stm32f4xx_usart.o(i.USART_SendData)
    UsageFault_Handler                       0x08024875   Thumb Code     2  stm32f4xx_it.o(i.UsageFault_Handler)
    Usart_SendByte                           0x08024877   Thumb Code    24  usart.o(i.Usart_SendByte)
    __0printf                                0x08024891   Thumb Code    22  printfa.o(i.__0printf)
    __1printf                                0x08024891   Thumb Code     0  printfa.o(i.__0printf)
    __2printf                                0x08024891   Thumb Code     0  printfa.o(i.__0printf)
    __c89printf                              0x08024891   Thumb Code     0  printfa.o(i.__0printf)
    printf                                   0x08024891   Thumb Code     0  printfa.o(i.__0printf)
    __ARM_fpclassifyf                        0x080248b1   Thumb Code    38  fpclassifyf.o(i.__ARM_fpclassifyf)
    __hardfp_atan2f                          0x080248d9   Thumb Code   502  atan2f.o(i.__hardfp_atan2f)
    __hardfp_sqrtf                           0x08024b29   Thumb Code    58  sqrtf.o(i.__hardfp_sqrtf)
    __mathlib_flt_infnan2                    0x08024b63   Thumb Code     6  funder.o(i.__mathlib_flt_infnan2)
    __mathlib_flt_underflow                  0x08024b69   Thumb Code    10  funder.o(i.__mathlib_flt_underflow)
    __scatterload_copy                       0x08024b79   Thumb Code    14  handlers.o(i.__scatterload_copy)
    __scatterload_null                       0x08024b87   Thumb Code     2  handlers.o(i.__scatterload_null)
    __scatterload_zeroinit                   0x08024b89   Thumb Code    14  handlers.o(i.__scatterload_zeroinit)
    __set_errno                              0x08024b99   Thumb Code     6  errno.o(i.__set_errno)
    adc_tim_init                             0x08025459   Thumb Code    84  adc_battery.o(i.adc_tim_init)
    alarm_stop_timer_callback                0x080254b1   Thumb Code    42  main.o(i.alarm_stop_timer_callback)
    battery_show                             0x08025545   Thumb Code   166  oled_clock.o(i.battery_show)
    battery_update                           0x080255f1   Thumb Code   118  main.o(i.battery_update)
    bell_switch                              0x08025675   Thumb Code   196  main.o(i.bell_switch)
    decrementAlarmValue                      0x08025741   Thumb Code    82  main.o(i.decrementAlarmValue)
    decrementTimeValue                       0x08025799   Thumb Code   132  main.o(i.decrementTimeValue)
    dequeue                                  0x08025825   Thumb Code    96  user_queue.o(i.dequeue)
    disableClock                             0x080259d1   Thumb Code     8  timer.o(i.disableClock)
    display_day                              0x080259dd   Thumb Code    86  oled_clock.o(i.display_day)
    display_hour                             0x08025a33   Thumb Code    86  oled_clock.o(i.display_hour)
    display_min                              0x08025a89   Thumb Code    86  oled_clock.o(i.display_min)
    display_month                            0x08025adf   Thumb Code    86  oled_clock.o(i.display_month)
    display_sec                              0x08025b35   Thumb Code    86  oled_clock.o(i.display_sec)
    display_week                             0x08025b8b   Thumb Code    48  oled_clock.o(i.display_week)
    display_year                             0x08025bbb   Thumb Code    84  oled_clock.o(i.display_year)
    eTaskConfirmSleepModeStatus              0x08025c11   Thumb Code    54  tasks.o(i.eTaskConfirmSleepModeStatus)
    enableClock                              0x08025c51   Thumb Code    26  timer.o(i.enableClock)
    enqueue                                  0x08025c71   Thumb Code    44  user_queue.o(i.enqueue)
    fputc                                    0x08025cbd   Thumb Code    40  usart.o(i.fputc)
    getMaxDaysOfMonth                        0x08025ce9   Thumb Code    42  main.o(i.getMaxDaysOfMonth)
    h_I2C_ReadReceives                       0x08025d21   Thumb Code   510  hi2c.o(i.h_I2C_ReadReceives)
    h_I2C_SendBytes                          0x08025f2d   Thumb Code   248  hi2c.o(i.h_I2C_SendBytes)
    handleAlarmSettingKey                    0x08026031   Thumb Code   126  main.o(i.handleAlarmSettingKey)
    handleKeyPress                           0x080260f9   Thumb Code   630  main.o(i.handleKeyPress)
    handleTimeSettingKey                     0x08026375   Thumb Code   130  main.o(i.handleTimeSettingKey)
    hi2c_init                                0x0802644d   Thumb Code   126  hi2c.o(i.hi2c_init)
    incrementAlarmValue                      0x080264d9   Thumb Code   102  main.o(i.incrementAlarmValue)
    incrementTimeValue                       0x08026545   Thumb Code   162  main.o(i.incrementTimeValue)
    initQueue                                0x080265f1   Thumb Code    28  user_queue.o(i.initQueue)
    isLeapYear                               0x0802660d   Thumb Code    38  main.o(i.isLeapYear)
    isQueueEmpty                             0x08026633   Thumb Code    14  user_queue.o(i.isQueueEmpty)
    isQueueFull                              0x08026641   Thumb Code    14  user_queue.o(i.isQueueFull)
    is_digit_char                            0x0802664f   Thumb Code    14  ds3231.o(i.is_digit_char)
    main                                     0x0802665d   Thumb Code    34  main.o(i.main)
    mpu6050_init                             0x08026685   Thumb Code    44  mpu6050.o(i.mpu6050_init)
    parse_app_alarm                          0x080267db   Thumb Code   174  ds3231.o(i.parse_app_alarm)
    parse_app_time                           0x08026889   Thumb Code   390  ds3231.o(i.parse_app_time)
    power_switch_init                        0x08026a11   Thumb Code    92  key.o(i.power_switch_init)
    pvPortMalloc                             0x08027429   Thumb Code   172  heap_4.o(i.pvPortMalloc)
    pvTaskIncrementMutexHeldCount            0x080274d9   Thumb Code    16  tasks.o(i.pvTaskIncrementMutexHeldCount)
    pxPortInitialiseStack                    0x080274ed   Thumb Code    30  port.o(i.pxPortInitialiseStack)
    saveAlarmSettings                        0x08027511   Thumb Code    74  main.o(i.saveAlarmSettings)
    saveTimeSettings                         0x080275d1   Thumb Code    98  main.o(i.saveTimeSettings)
    sensor_Hander                            0x08027699   Thumb Code   128  main.o(i.sensor_Hander)
    show_bme280_time                         0x08027725   Thumb Code   138  oled_clock.o(i.show_bme280_time)
    show_step                                0x080277b9   Thumb Code   148  oled_clock.o(i.show_step)
    show_time                                0x08027859   Thumb Code   162  oled_clock.o(i.show_time)
    show_timer                               0x080278fd   Thumb Code   102  timer.o(i.show_timer)
    sleep_timer_callback                     0x08027969   Thumb Code    30  key.o(i.sleep_timer_callback)
    stopwatch                                0x0802798d   Thumb Code    62  main.o(i.stopwatch)
    task_init                                0x080279d1   Thumb Code   124  main.o(i.task_init)
    task_key                                 0x08027a61   Thumb Code   370  main.o(i.task_key)
    task_ring_battery                        0x08027bed   Thumb Code    74  main.o(i.task_ring_battery)
    task_step_detect                         0x08027c39   Thumb Code   128  main.o(i.task_step_detect)
    task_time                                0x08027cbd   Thumb Code   242  main.o(i.task_time)
    timer_loop                               0x08027db9   Thumb Code    96  timer.o(i.timer_loop)
    updateAlarmDisplay                       0x08027e1d   Thumb Code   184  main.o(i.updateAlarmDisplay)
    updateTimeDisplay                        0x08027f19   Thumb Code   176  main.o(i.updateTimeDisplay)
    uxListRemove                             0x08027ffd   Thumb Code    36  list.o(i.uxListRemove)
    uxTaskGetNumberOfTasks                   0x08028021   Thumb Code     6  tasks.o(i.uxTaskGetNumberOfTasks)
    vAlarmBlinkTimerCallback                 0x0802802d   Thumb Code    42  main.o(i.vAlarmBlinkTimerCallback)
    vBlinkTimerCallback                      0x0802805d   Thumb Code    42  main.o(i.vBlinkTimerCallback)
    vListInitialise                          0x0802808d   Thumb Code    22  list.o(i.vListInitialise)
    vListInitialiseItem                      0x080280a3   Thumb Code     6  list.o(i.vListInitialiseItem)
    vListInsert                              0x080280a9   Thumb Code    48  list.o(i.vListInsert)
    vListInsertEnd                           0x080280d9   Thumb Code    24  list.o(i.vListInsertEnd)
    vPortEnterCritical                       0x080280f1   Thumb Code    24  port.o(i.vPortEnterCritical)
    vPortExitCritical                        0x0802810d   Thumb Code    18  port.o(i.vPortExitCritical)
    vPortFree                                0x08028125   Thumb Code    64  heap_4.o(i.vPortFree)
    vPortSetupTimerInterrupt                 0x08028169   Thumb Code    42  port.o(i.vPortSetupTimerInterrupt)
    vPortSuppressTicksAndSleep               0x0802819d   Thumb Code   208  port.o(i.vPortSuppressTicksAndSleep)
    vQueueWaitForMessageRestricted           0x08028275   Thumb Code    70  queue.o(i.vQueueWaitForMessageRestricted)
    vTaskDelay                               0x080282bd   Thumb Code    48  tasks.o(i.vTaskDelay)
    vTaskDelete                              0x080282f1   Thumb Code   156  tasks.o(i.vTaskDelete)
    vTaskInternalSetTimeOutState             0x0802839d   Thumb Code    12  tasks.o(i.vTaskInternalSetTimeOutState)
    vTaskMissedYield                         0x080283ad   Thumb Code     8  tasks.o(i.vTaskMissedYield)
    vTaskPlaceOnEventList                    0x080283b9   Thumb Code    26  tasks.o(i.vTaskPlaceOnEventList)
    vTaskPlaceOnEventListRestricted          0x080283d9   Thumb Code    62  tasks.o(i.vTaskPlaceOnEventListRestricted)
    vTaskPriorityDisinheritAfterTimeout      0x0802841d   Thumb Code   148  tasks.o(i.vTaskPriorityDisinheritAfterTimeout)
    vTaskStartScheduler                      0x080284b9   Thumb Code    56  tasks.o(i.vTaskStartScheduler)
    vTaskStepTick                            0x080284f5   Thumb Code    40  tasks.o(i.vTaskStepTick)
    vTaskSuspendAll                          0x08028521   Thumb Code    10  tasks.o(i.vTaskSuspendAll)
    vTaskSwitchContext                       0x08028531   Thumb Code    70  tasks.o(i.vTaskSwitchContext)
    xPortStartScheduler                      0x08028581   Thumb Code    52  port.o(i.xPortStartScheduler)
    xQueueAddToSet                           0x080285c1   Thumb Code    38  queue.o(i.xQueueAddToSet)
    xQueueCreateMutex                        0x080285e7   Thumb Code    24  queue.o(i.xQueueCreateMutex)
    xQueueCreateSet                          0x080285ff   Thumb Code     8  queue.o(i.xQueueCreateSet)
    xQueueGenericCreate                      0x08028607   Thumb Code    64  queue.o(i.xQueueGenericCreate)
    xQueueGenericReset                       0x08028649   Thumb Code   142  queue.o(i.xQueueGenericReset)
    xQueueGenericSend                        0x080286dd   Thumb Code   282  queue.o(i.xQueueGenericSend)
    xQueueGenericSendFromISR                 0x080287fd   Thumb Code   152  queue.o(i.xQueueGenericSendFromISR)
    xQueueGiveFromISR                        0x08028895   Thumb Code   124  queue.o(i.xQueueGiveFromISR)
    xQueueReceive                            0x08028911   Thumb Code   236  queue.o(i.xQueueReceive)
    xQueueSelectFromSet                      0x08028a01   Thumb Code    18  queue.o(i.xQueueSelectFromSet)
    xQueueSemaphoreTake                      0x08028a15   Thumb Code   286  queue.o(i.xQueueSemaphoreTake)
    xTaskCheckForTimeOut                     0x08028b39   Thumb Code    84  tasks.o(i.xTaskCheckForTimeOut)
    xTaskCreate                              0x08028b91   Thumb Code    30  tasks.o(i.xTaskCreate)
    xTaskDelayUntil                          0x08028bb1   Thumb Code    84  tasks.o(i.xTaskDelayUntil)
    xTaskGenericNotifyFromISR                0x08028c0d   Thumb Code   332  tasks.o(i.xTaskGenericNotifyFromISR)
    xTaskGenericNotifyWait                   0x08028d61   Thumb Code   180  tasks.o(i.xTaskGenericNotifyWait)
    xTaskGetSchedulerState                   0x08028e1d   Thumb Code    24  tasks.o(i.xTaskGetSchedulerState)
    xTaskGetTickCount                        0x08028e39   Thumb Code     6  tasks.o(i.xTaskGetTickCount)
    xTaskGetTickCountFromISR                 0x08028e45   Thumb Code     6  tasks.o(i.xTaskGetTickCountFromISR)
    xTaskIncrementTick                       0x08028e51   Thumb Code   278  tasks.o(i.xTaskIncrementTick)
    xTaskPriorityDisinherit                  0x08028f71   Thumb Code   132  tasks.o(i.xTaskPriorityDisinherit)
    xTaskPriorityInherit                     0x08028ffd   Thumb Code   172  tasks.o(i.xTaskPriorityInherit)
    xTaskRemoveFromEventList                 0x080290b1   Thumb Code   200  tasks.o(i.xTaskRemoveFromEventList)
    xTaskResumeAll                           0x08029181   Thumb Code   286  tasks.o(i.xTaskResumeAll)
    xTimerCreate                             0x080292ad   Thumb Code    52  timers.o(i.xTimerCreate)
    xTimerCreateTimerTask                    0x080292e1   Thumb Code    44  timers.o(i.xTimerCreateTimerTask)
    xTimerGenericCommandFromISR              0x0802931d   Thumb Code    40  timers.o(i.xTimerGenericCommandFromISR)
    xTimerGenericCommandFromTask             0x08029349   Thumb Code    62  timers.o(i.xTimerGenericCommandFromTask)
    zero_timer                               0x0802938d   Thumb Code    12  timer.o(i.zero_timer)
    OLED_F8x16                               0x080293ac   Data        1520  oled_data.o(.constdata)
    OLED_F12x24                              0x0802999c   Data        3420  oled_data.o(.constdata)
    OLED_F6x8                                0x0802a6f8   Data         570  oled_data.o(.constdata)
    OLED_CF16x16                             0x0802a932   Data         407  oled_data.o(.constdata)
    battery                                  0x0802aac9   Data          32  oled_data.o(.constdata)
    sd_t                                     0x0802aae9   Data         228  oled_data.o(.constdata)
    temperature                              0x0802abcd   Data          22  oled_data.o(.constdata)
    alalrm_data                              0x0802abe3   Data          32  oled_data.o(.constdata)
    Region$$Table$$Base                      0x0802ac18   Number         0  anon$$obj.o(Region$$Table)
    Region$$Table$$Limit                     0x0802ac38   Number         0  anon$$obj.o(Region$$Table)
    mode                                     0x20000011   Data           1  main.o(.data)
    last_second                              0x20000012   Data           1  main.o(.data)
    set_run                                  0x20000013   Data           1  main.o(.data)
    set_bell                                 0x20000014   Data           1  main.o(.data)
    set_time                                 0x20000015   Data           1  main.o(.data)
    set_shift                                0x20000016   Data           1  main.o(.data)
    set_shift_bell                           0x20000017   Data           1  main.o(.data)
    bell_data                                0x20000022   Data           4  main.o(.data)
    xGlobalMutex                             0x20000044   Data           4  main.o(.data)
    sem_init                                 0x20000048   Data           4  main.o(.data)
    xAlarmSemaphore                          0x2000004c   Data           4  main.o(.data)
    xI2CMutex                                0x20000050   Data           4  main.o(.data)
    xStepSemaphore                           0x20000054   Data           4  main.o(.data)
    key_mode_queue                           0x20000058   Data           4  main.o(.data)
    key_alarm_queue                          0x2000005c   Data           4  main.o(.data)
    key_timeMode_queue                       0x20000060   Data           4  main.o(.data)
    key_stopwatch_queue                      0x20000064   Data           4  main.o(.data)
    step_queue                               0x20000068   Data           4  main.o(.data)
    usart2_key_queue                         0x2000006c   Data           4  main.o(.data)
    mpu6050_queue                            0x20000070   Data           4  main.o(.data)
    time_alarm_queue_set                     0x20000074   Data           4  main.o(.data)
    task_init_handle                         0x20000078   Data           4  main.o(.data)
    task_key_handle                          0x2000007c   Data           4  main.o(.data)
    task_time_handle                         0x20000080   Data           4  main.o(.data)
    SetTime_handle                           0x20000084   Data           4  main.o(.data)
    task_ring_battery_handle                 0x20000088   Data           4  main.o(.data)
    task_step_handle                         0x2000008c   Data           4  main.o(.data)
    max30102_int_triggered                   0x20000098   Data           1  max30102.o(.data)
    pxCurrentTCB                             0x200000c8   Data           4  tasks.o(.data)
    adc_ready_buffer                         0x20000148   Data           4  adc_battery.o(.data)
    adc_ready_count                          0x2000014c   Data           2  adc_battery.o(.data)
    EXTI_IRQ_KEY                             0x20000150   Data           1  key.o(.data)
    KeyPressed                               0x20000151   Data           1  key.o(.data)
    Sleep_switch                             0x20000154   Data           4  key.o(.data)
    is_wrist_lifted                          0x2000015a   Data           1  mpu6050.o(.data)
    step_numbers                             0x2000015c   Data           2  mpu6050.o(.data)
    pitch                                    0x20000198   Data           4  mpu6050.o(.data)
    roll                                     0x2000019c   Data           4  mpu6050.o(.data)
    yaw                                      0x200001a0   Data           4  mpu6050.o(.data)
    start_flag                               0x200001a4   Data           1  timer.o(.data)
    zero_flag                                0x200001a5   Data           1  timer.o(.data)
    update_flag                              0x200001a6   Data           1  timer.o(.data)
    m                                        0x200001a7   Data           1  timer.o(.data)
    s                                        0x200001a8   Data           1  timer.o(.data)
    ms                                       0x200001a9   Data           1  timer.o(.data)
    tim_PeriodNum                            0x200001aa   Data           1  timer.o(.data)
    timestamp                                0x200001ac   Data           2  timer.o(.data)
    __stdout                                 0x200001b0   Data           4  stdout.o(.data)
    time_data                                0x200001b8   Data          14  main.o(.bss)
    calendar                                 0x200001c6   Data          10  main.o(.bss)
    bme280_data                              0x200001d0   Data          20  main.o(.bss)
    adc_buffer                               0x2000a5bc   Data          60  adc_battery.o(.bss)
    adc_buffer_b                             0x2000a5f8   Data          60  adc_battery.o(.bss)
    calib                                    0x2000a634   Data          40  bme280.o(.bss)
    OLED_DisplayBuf                          0x2000a65c   Data        1024  oled.o(.bss)
    __initial_sp                             0x2000ae60   Data           0  startup_stm32f411xe.o(STACK)



==============================================================================

Memory Map of the image

  Image Entry point : 0x08020199

  Load Region LR_IROM1 (Base: 0x08020000, Size: 0x0000adf0, Max: 0x00020000, ABSOLUTE, COMPRESSED[0x0000ac64])

    Execution Region ER_IROM1 (Exec base: 0x08020000, Load base: 0x08020000, Size: 0x0000ac38, Max: 0x00020000, ABSOLUTE)

    Exec Addr    Load Addr    Size         Type   Attr      Idx    E Section Name        Object

    0x08020000   0x08020000   0x00000198   Data   RO         4843    RESET               startup_stm32f411xe.o
    0x08020198   0x08020198   0x00000000   Code   RO         8414  * .ARM.Collect$$$$00000000  mc_w.l(entry.o)
    0x08020198   0x08020198   0x00000004   Code   RO         8765    .ARM.Collect$$$$00000001  mc_w.l(entry2.o)
    0x0802019c   0x0802019c   0x00000004   Code   RO         8768    .ARM.Collect$$$$00000004  mc_w.l(entry5.o)
    0x080201a0   0x080201a0   0x00000000   Code   RO         8770    .ARM.Collect$$$$00000008  mc_w.l(entry7b.o)
    0x080201a0   0x080201a0   0x00000000   Code   RO         8772    .ARM.Collect$$$$0000000A  mc_w.l(entry8b.o)
    0x080201a0   0x080201a0   0x00000008   Code   RO         8773    .ARM.Collect$$$$0000000B  mc_w.l(entry9a.o)
    0x080201a8   0x080201a8   0x00000000   Code   RO         8775    .ARM.Collect$$$$0000000D  mc_w.l(entry10a.o)
    0x080201a8   0x080201a8   0x00000000   Code   RO         8777    .ARM.Collect$$$$0000000F  mc_w.l(entry11a.o)
    0x080201a8   0x080201a8   0x00000004   Code   RO         8766    .ARM.Collect$$$$00002712  mc_w.l(entry2.o)
    0x080201ac   0x080201ac   0x000000be   Code   RO         5788    .emb_text           port.o
    0x0802026a   0x0802026a   0x00000002   PAD
    0x0802026c   0x0802026c   0x00000024   Code   RO         4844    .text               startup_stm32f411xe.o
    0x08020290   0x08020290   0x00000062   Code   RO         8417    .text               mc_w.l(uldiv.o)
    0x080202f2   0x080202f2   0x00000024   Code   RO         8419    .text               mc_w.l(memcpya.o)
    0x08020316   0x08020316   0x00000024   Code   RO         8421    .text               mc_w.l(memseta.o)
    0x0802033a   0x0802033a   0x0000001c   Code   RO         8425    .text               mc_w.l(strcmp.o)
    0x08020356   0x08020356   0x0000014e   Code   RO         8692    .text               mf_w.l(dadd.o)
    0x080204a4   0x080204a4   0x000000e4   Code   RO         8694    .text               mf_w.l(dmul.o)
    0x08020588   0x08020588   0x000000de   Code   RO         8696    .text               mf_w.l(ddiv.o)
    0x08020666   0x08020666   0x00000022   Code   RO         8700    .text               mf_w.l(dflti.o)
    0x08020688   0x08020688   0x0000001a   Code   RO         8702    .text               mf_w.l(dfltui.o)
    0x080206a2   0x080206a2   0x0000003e   Code   RO         8704    .text               mf_w.l(dfixi.o)
    0x080206e0   0x080206e0   0x00000030   Code   RO         8708    .text               mf_w.l(cdcmple.o)
    0x08020710   0x08020710   0x00000030   Code   RO         8710    .text               mf_w.l(cdrcmple.o)
    0x08020740   0x08020740   0x00000038   Code   RO         8712    .text               mf_w.l(d2f.o)
    0x08020778   0x08020778   0x0000002c   Code   RO         8780    .text               mc_w.l(uidiv.o)
    0x080207a4   0x080207a4   0x0000001e   Code   RO         8782    .text               mc_w.l(llshl.o)
    0x080207c2   0x080207c2   0x00000020   Code   RO         8784    .text               mc_w.l(llushr.o)
    0x080207e2   0x080207e2   0x00000024   Code   RO         8786    .text               mc_w.l(llsshr.o)
    0x08020806   0x08020806   0x00000000   Code   RO         8795    .text               mc_w.l(iusefp.o)
    0x08020806   0x08020806   0x0000006e   Code   RO         8796    .text               mf_w.l(fepilogue.o)
    0x08020874   0x08020874   0x000000ba   Code   RO         8798    .text               mf_w.l(depilogue.o)
    0x0802092e   0x0802092e   0x00000030   Code   RO         8802    .text               mf_w.l(dfixul.o)
    0x0802095e   0x0802095e   0x00000002   PAD
    0x08020960   0x08020960   0x00000024   Code   RO         8808    .text               mc_w.l(init.o)
    0x08020984   0x08020984   0x0000003a   Code   RO         8818    .text               mc_w.l(__dczerorl.o)
    0x080209be   0x080209be   0x00000002   PAD
    0x080209c0   0x080209c0   0x000000b8   Code   RO         7313    i.ADC_Battery_Init  adc_battery.o
    0x08020a78   0x08020a78   0x00000018   Code   RO          268    i.ADC_Cmd           stm32f4xx_adc.o
    0x08020a90   0x08020a90   0x00000028   Code   RO          269    i.ADC_CommonInit    stm32f4xx_adc.o
    0x08020ab8   0x08020ab8   0x00000018   Code   RO          272    i.ADC_DMACmd        stm32f4xx_adc.o
    0x08020ad0   0x08020ad0   0x00000018   Code   RO          273    i.ADC_DMARequestAfterLastTransferCmd  stm32f4xx_adc.o
    0x08020ae8   0x08020ae8   0x0000004c   Code   RO          288    i.ADC_Init          stm32f4xx_adc.o
    0x08020b34   0x08020b34   0x00000074   Code   RO          293    i.ADC_RegularChannelConfig  stm32f4xx_adc.o
    0x08020ba8   0x08020ba8   0x00000040   Code   RO         7314    i.ADC_Start         adc_battery.o
    0x08020be8   0x08020be8   0x00000098   Code   RO         7315    i.ADC_dma_int       adc_battery.o
    0x08020c80   0x08020c80   0x00000058   Code   RO         5232    i.AppBoot_ConfirmIfTrial  boot_confirm.o
    0x08020cd8   0x08020cd8   0x00000016   Code   RO         5233    i.AppBoot_EraseMeta  boot_confirm.o
    0x08020cee   0x08020cee   0x00000002   PAD
    0x08020cf0   0x08020cf0   0x0000004c   Code   RO         5234    i.AppBoot_WriteMeta  boot_confirm.o
    0x08020d3c   0x08020d3c   0x00000012   Code   RO         7426    i.BCD_DEC           ds3231.o
    0x08020d4e   0x08020d4e   0x00000036   Code   RO         7369    i.BME280_Init       bme280.o
    0x08020d84   0x08020d84   0x000005a0   Code   RO         7370    i.BME280_Read_All   bme280.o
    0x08021324   0x08021324   0x00000114   Code   RO         7371    i.BME280_Read_Calibration  bme280.o
    0x08021438   0x08021438   0x00000014   Code   RO         7372    i.BME_POWER_OFF     bme280.o
    0x0802144c   0x0802144c   0x0000000c   Code   RO         7373    i.BME_ReadLen       bme280.o
    0x08021458   0x08021458   0x00000016   Code   RO         7374    i.BME_Write         bme280.o
    0x0802146e   0x0802146e   0x00000002   Code   RO          130    i.BusFault_Handler  stm32f4xx_it.o
    0x08021470   0x08021470   0x00000016   Code   RO         7427    i.DEC_BCD           ds3231.o
    0x08021486   0x08021486   0x00000002   PAD
    0x08021488   0x08021488   0x000000dc   Code   RO         4851    i.DMA2_Stream0_IRQHandler  main.o
    0x08021564   0x08021564   0x0000002c   Code   RO         1299    i.DMA_ClearFlag     stm32f4xx_dma.o
    0x08021590   0x08021590   0x0000002c   Code   RO         1300    i.DMA_ClearITPendingBit  stm32f4xx_dma.o
    0x080215bc   0x080215bc   0x00000018   Code   RO         1301    i.DMA_Cmd           stm32f4xx_dma.o
    0x080215d4   0x080215d4   0x00000018   Code   RO         1303    i.DMA_DoubleBufferModeCmd  stm32f4xx_dma.o
    0x080215ec   0x080215ec   0x0000001a   Code   RO         1304    i.DMA_DoubleBufferModeConfig  stm32f4xx_dma.o
    0x08021606   0x08021606   0x0000000e   Code   RO         1308    i.DMA_GetCurrentMemoryTarget  stm32f4xx_dma.o
    0x08021614   0x08021614   0x00000054   Code   RO         1311    i.DMA_GetITStatus   stm32f4xx_dma.o
    0x08021668   0x08021668   0x00000032   Code   RO         1312    i.DMA_ITConfig      stm32f4xx_dma.o
    0x0802169a   0x0802169a   0x00000002   PAD
    0x0802169c   0x0802169c   0x00000054   Code   RO         1313    i.DMA_Init          stm32f4xx_dma.o
    0x080216f0   0x080216f0   0x00000022   Code   RO         1317    i.DMA_StructInit    stm32f4xx_dma.o
    0x08021712   0x08021712   0x00000048   Code   RO         7428    i.DS3231_ClearAlarmFlag  ds3231.o
    0x0802175a   0x0802175a   0x0000006c   Code   RO         7429    i.DS3231_EnableAlarmInterrupt  ds3231.o
    0x080217c6   0x080217c6   0x00000062   Code   RO         7432    i.DS3231_SetAlarm1Daily  ds3231.o
    0x08021828   0x08021828   0x00000048   Code   RO         7433    i.DS3231_SetAlarm2Daily  ds3231.o
    0x08021870   0x08021870   0x00000118   Code   RO         7434    i.DS3231_SetDateTime  ds3231.o
    0x08021988   0x08021988   0x00000070   Code   RO         7435    i.DS3231_getdate    ds3231.o
    0x080219f8   0x080219f8   0x00000054   Code   RO         7436    i.DS3231_gettime    ds3231.o
    0x08021a4c   0x08021a4c   0x00000104   Code   RO         7437    i.DS3231_setDate    ds3231.o
    0x08021b50   0x08021b50   0x00000078   Code   RO         7438    i.DS3231_setTime    ds3231.o
    0x08021bc8   0x08021bc8   0x00000002   Code   RO          131    i.DebugMon_Handler  stm32f4xx_it.o
    0x08021bca   0x08021bca   0x00000018   Code   RO         7082    i.EM7028_DelayMs    em7028.o
    0x08021be2   0x08021be2   0x0000001a   Code   RO         7083    i.EM7028_Get_HRS1   em7028.o
    0x08021bfc   0x08021bfc   0x00000006   Code   RO         7084    i.EM7028_Get_ID     em7028.o
    0x08021c02   0x08021c02   0x00000002   PAD
    0x08021c04   0x08021c04   0x00000018   Code   RO         7085    i.EM7028_HR_SetEnabled  em7028.o
    0x08021c1c   0x08021c1c   0x0000001e   Code   RO         7086    i.EM7028_ReadOneReg  em7028.o
    0x08021c3a   0x08021c3a   0x00000016   Code   RO         7087    i.EM7028_WriteOneReg  em7028.o
    0x08021c50   0x08021c50   0x0000002e   Code   RO         7088    i.EM7028_hrs_DisEnable  em7028.o
    0x08021c7e   0x08021c7e   0x0000002e   Code   RO         7089    i.EM7028_hrs_Enable  em7028.o
    0x08021cac   0x08021cac   0x0000004e   Code   RO         7090    i.EM7028_hrs_init   em7028.o
    0x08021cfa   0x08021cfa   0x00000002   PAD
    0x08021cfc   0x08021cfc   0x00000064   Code   RO         7558    i.EXTI0_IRQHandler  key.o
    0x08021d60   0x08021d60   0x00000048   Code   RO         7559    i.EXTI15_10_IRQHandler  key.o
    0x08021da8   0x08021da8   0x0000004c   Code   RO         4852    i.EXTI1_IRQHandler  main.o
    0x08021df4   0x08021df4   0x00000048   Code   RO         4853    i.EXTI4_IRQHandler  main.o
    0x08021e3c   0x08021e3c   0x0000000c   Code   RO         1587    i.EXTI_ClearFlag    stm32f4xx_exti.o
    0x08021e48   0x08021e48   0x0000000c   Code   RO         1588    i.EXTI_ClearITPendingBit  stm32f4xx_exti.o
    0x08021e54   0x08021e54   0x000000ec   Code   RO         7560    i.EXTI_Configuration  key.o
    0x08021f40   0x08021f40   0x00000014   Code   RO         1592    i.EXTI_GetITStatus  stm32f4xx_exti.o
    0x08021f54   0x08021f54   0x00000074   Code   RO         1593    i.EXTI_Init         stm32f4xx_exti.o
    0x08021fc8   0x08021fc8   0x00000024   Code   RO         7561    i.Enter_Standby_Mode  key.o
    0x08021fec   0x08021fec   0x0000000c   Code   RO         1653    i.FLASH_ClearFlag   stm32f4xx_flash.o
    0x08021ff8   0x08021ff8   0x00000020   Code   RO         1654    i.FLASH_DataCacheCmd  stm32f4xx_flash.o
    0x08022018   0x08022018   0x00000010   Code   RO         1655    i.FLASH_DataCacheReset  stm32f4xx_flash.o
    0x08022028   0x08022028   0x00000070   Code   RO         1659    i.FLASH_EraseSector  stm32f4xx_flash.o
    0x08022098   0x08022098   0x0000003c   Code   RO         1661    i.FLASH_GetStatus   stm32f4xx_flash.o
    0x080220d4   0x080220d4   0x00000020   Code   RO         1663    i.FLASH_InstructionCacheCmd  stm32f4xx_flash.o
    0x080220f4   0x080220f4   0x00000010   Code   RO         1664    i.FLASH_InstructionCacheReset  stm32f4xx_flash.o
    0x08022104   0x08022104   0x00000010   Code   RO         1665    i.FLASH_Lock        stm32f4xx_flash.o
    0x08022114   0x08022114   0x00000038   Code   RO         1686    i.FLASH_ProgramByte  stm32f4xx_flash.o
    0x0802214c   0x0802214c   0x0000003c   Code   RO         1689    i.FLASH_ProgramWord  stm32f4xx_flash.o
    0x08022188   0x08022188   0x00000024   Code   RO         1691    i.FLASH_Unlock      stm32f4xx_flash.o
    0x080221ac   0x080221ac   0x00000022   Code   RO         1692    i.FLASH_WaitForLastOperation  stm32f4xx_flash.o
    0x080221ce   0x080221ce   0x00000002   PAD
    0x080221d0   0x080221d0   0x00000010   Code   RO         8343    i.FPU_Enable        mcu_debug.o
    0x080221e0   0x080221e0   0x000001a0   Code   RO         4854    i.FreeRTOS_Start    main.o
    0x08022380   0x08022380   0x0000007c   Code   RO         1963    i.GPIO_Init         stm32f4xx_gpio.o
    0x080223fc   0x080223fc   0x00000020   Code   RO         1964    i.GPIO_PinAFConfig  stm32f4xx_gpio.o
    0x0802241c   0x0802241c   0x0000000e   Code   RO         1967    i.GPIO_ReadInputDataBit  stm32f4xx_gpio.o
    0x0802242a   0x0802242a   0x00000006   Code   RO         1970    i.GPIO_ResetBits    stm32f4xx_gpio.o
    0x08022430   0x08022430   0x00000004   Code   RO         1971    i.GPIO_SetBits      stm32f4xx_gpio.o
    0x08022434   0x08022434   0x0000000e   Code   RO         1975    i.GPIO_WriteBit     stm32f4xx_gpio.o
    0x08022442   0x08022442   0x00000002   PAD
    0x08022444   0x08022444   0x0000002c   Code   RO         7562    i.GetKeyNum         key.o
    0x08022470   0x08022470   0x00000030   Code   RO         7240    i.HR_AlgoInit       hralgorythm.o
    0x080224a0   0x080224a0   0x000000d0   Code   RO         7241    i.HR_Calculate      hralgorythm.o
    0x08022570   0x08022570   0x00000030   Code   RO         7091    i.HR_SpO2_AddAverageSample  em7028.o
    0x080225a0   0x080225a0   0x00000084   Code   RO         7092    i.HR_SpO2_ApplyMedianFilter  em7028.o
    0x08022624   0x08022624   0x0000002c   Code   RO         7093    i.HR_SpO2_ApplyStepLimit  em7028.o
    0x08022650   0x08022650   0x00000158   Code   RO         7094    i.HR_SpO2_Hander    em7028.o
    0x080227a8   0x080227a8   0x00000014   Code   RO         7095    i.HR_SpO2_ResetAverageWindow  em7028.o
    0x080227bc   0x080227bc   0x00000020   Code   RO         7096    i.HR_SpO2_ResetMedianWindow  em7028.o
    0x080227dc   0x080227dc   0x00000020   Code   RO         7097    i.HR_SpO2_ResetState  em7028.o
    0x080227fc   0x080227fc   0x0000001a   Code   RO         7098    i.HR_SpO2_ShowHrOnly  em7028.o
    0x08022816   0x08022816   0x00000002   PAD
    0x08022818   0x08022818   0x00000058   Code   RO         7099    i.HR_SpO2_TryGetAverageHr  em7028.o
    0x08022870   0x08022870   0x00000020   Code   RO         7100    i.HR_SpO2_UpdateDisplayedHr  em7028.o
    0x08022890   0x08022890   0x000000c4   Code   RO         8013    i.HR_SpO2_showm     oled_clock.o
    0x08022954   0x08022954   0x00000002   Code   RO          132    i.HardFault_Handler  stm32f4xx_it.o
    0x08022956   0x08022956   0x00000026   Code   RO         7242    i.Hr_Ave_Filter     hralgorythm.o
    0x0802297c   0x0802297c   0x00000018   Code   RO         2065    i.I2C_AcknowledgeConfig  stm32f4xx_i2c.o
    0x08022994   0x08022994   0x00000006   Code   RO         2069    i.I2C_ClearFlag     stm32f4xx_i2c.o
    0x0802299a   0x0802299a   0x00000018   Code   RO         2071    i.I2C_Cmd           stm32f4xx_i2c.o
    0x080229b2   0x080229b2   0x00000018   Code   RO         2079    i.I2C_GenerateSTART  stm32f4xx_i2c.o
    0x080229ca   0x080229ca   0x00000018   Code   RO         2080    i.I2C_GenerateSTOP  stm32f4xx_i2c.o
    0x080229e2   0x080229e2   0x00000032   Code   RO         2081    i.I2C_GetFlagStatus  stm32f4xx_i2c.o
    0x08022a14   0x08022a14   0x000000bc   Code   RO         2086    i.I2C_Init          stm32f4xx_i2c.o
    0x08022ad0   0x08022ad0   0x00000010   Code   RO         2090    i.I2C_ReadRegister  stm32f4xx_i2c.o
    0x08022ae0   0x08022ae0   0x00000006   Code   RO         2091    i.I2C_ReceiveData   stm32f4xx_i2c.o
    0x08022ae6   0x08022ae6   0x00000004   Code   RO         2094    i.I2C_SendData      stm32f4xx_i2c.o
    0x08022aea   0x08022aea   0x0000000c   Code   RO         7439    i.IIC_DS3231_ByteRead  ds3231.o
    0x08022af6   0x08022af6   0x00000016   Code   RO         7440    i.IIC_DS3231_ByteWrite  ds3231.o
    0x08022b0c   0x08022b0c   0x000000a0   Code   RO         7563    i.Key_Init          key.o
    0x08022bac   0x08022bac   0x00000010   Code   RO         4855    i.LED_Switch        main.o
    0x08022bbc   0x08022bbc   0x00000034   Code   RO         4856    i.LED_init          main.o
    0x08022bf0   0x08022bf0   0x000000ac   Code   RO         7677    i.MPU6050_Proc      mpu6050.o
    0x08022c9c   0x08022c9c   0x00000002   Code   RO          133    i.MemManage_Handler  stm32f4xx_it.o
    0x08022c9e   0x08022c9e   0x00000002   PAD
    0x08022ca0   0x08022ca0   0x00000034   Code   RO         7638    i.Motor_GPIO_Init   motor.o
    0x08022cd4   0x08022cd4   0x00000010   Code   RO         7639    i.Motor_GPIO_ON     motor.o
    0x08022ce4   0x08022ce4   0x00000010   Code   RO         7640    i.Motor_GPIO_off    motor.o
    0x08022cf4   0x08022cf4   0x0000005c   Code   RO         4857    i.Motor_alarm       main.o
    0x08022d50   0x08022d50   0x00000002   Code   RO          134    i.NMI_Handler       stm32f4xx_it.o
    0x08022d52   0x08022d52   0x0000002a   Code   RO         8276    i.NVIC_Configuration  usart.o
    0x08022d7c   0x08022d7c   0x00000068   Code   RO          191    i.NVIC_Init         misc.o
    0x08022de4   0x08022de4   0x00000014   Code   RO          192    i.NVIC_PriorityGroupConfig  misc.o
    0x08022df8   0x08022df8   0x0000002a   Code   RO         7316    i.NVIC_adc_Configuration  adc_battery.o
    0x08022e22   0x08022e22   0x00000002   PAD
    0x08022e24   0x08022e24   0x00000028   Code   RO         7779    i.OLED_Clear        oled.o
    0x08022e4c   0x08022e4c   0x0000005c   Code   RO         7780    i.OLED_ClearArea    oled.o
    0x08022ea8   0x08022ea8   0x00000098   Code   RO         7792    i.OLED_Init         oled.o
    0x08022f40   0x08022f40   0x00000010   Code   RO         7794    i.OLED_Pow          oled.o
    0x08022f50   0x08022f50   0x00000022   Code   RO         7798    i.OLED_SetCursor    oled.o
    0x08022f72   0x08022f72   0x00000002   PAD
    0x08022f74   0x08022f74   0x0000005c   Code   RO         7800    i.OLED_ShowChar     oled.o
    0x08022fd0   0x08022fd0   0x000000b4   Code   RO         7803    i.OLED_ShowImage    oled.o
    0x08023084   0x08023084   0x00000048   Code   RO         7804    i.OLED_ShowNum      oled.o
    0x080230cc   0x080230cc   0x00000188   Code   RO         7806    i.OLED_ShowString   oled.o
    0x08023254   0x08023254   0x00000028   Code   RO         7807    i.OLED_Update       oled.o
    0x0802327c   0x0802327c   0x00000016   Code   RO         5737    i.OLED_WriteCommand  hi2c.o
    0x08023292   0x08023292   0x00000002   PAD
    0x08023294   0x08023294   0x00000158   Code   RO         5738    i.OLED_WriteData    hi2c.o
    0x080233ec   0x080233ec   0x00000034   Code   RO         5269    i.Ota_BeginCollect  ota_update.o
    0x08023420   0x08023420   0x00000034   Code   RO         5270    i.Ota_Crc32Bytes    ota_update.o
    0x08023454   0x08023454   0x00000034   Code   RO         5271    i.Ota_Crc32Flash    ota_update.o
    0x08023488   0x08023488   0x0000001c   Code   RO         5272    i.Ota_CurrentAckType  ota_update.o
    0x080234a4   0x080234a4   0x00000024   Code   RO         5273    i.Ota_DataFrameIsDuplicate  ota_update.o
    0x080234c8   0x080234c8   0x0000003c   Code   RO         5274    i.Ota_DownloadVectorIsValid  ota_update.o
    0x08023504   0x08023504   0x0000002a   Code   RO         5275    i.Ota_EraseDownloadArea  ota_update.o
    0x0802352e   0x0802352e   0x00000026   Code   RO         5276    i.Ota_FlushFlashCache  ota_update.o
    0x08023554   0x08023554   0x000000ec   Code   RO         5277    i.Ota_HandleDataFrame  ota_update.o
    0x08023640   0x08023640   0x000000d4   Code   RO         5278    i.Ota_HandleEndFrame  ota_update.o
    0x08023714   0x08023714   0x000000d0   Code   RO         5279    i.Ota_HandleStartFrame  ota_update.o
    0x080237e4   0x080237e4   0x00000020   Code   RO         5280    i.Ota_PrepareForNextFrame  ota_update.o
    0x08023804   0x08023804   0x0000000a   Code   RO         5281    i.Ota_ReadLe16      ota_update.o
    0x0802380e   0x0802380e   0x00000016   Code   RO         5282    i.Ota_ReadLe32      ota_update.o
    0x08023824   0x08023824   0x00000098   Code   RO         5283    i.Ota_SendAck       ota_update.o
    0x080238bc   0x080238bc   0x0000001c   Code   RO         5284    i.Ota_UpdateCaptureResetCause  ota_update.o
    0x080238d8   0x080238d8   0x0000016c   Code   RO         5285    i.Ota_UpdateFeedByte  ota_update.o
    0x08023a44   0x08023a44   0x0000000c   Code   RO         5286    i.Ota_UpdateGetResetCsr  ota_update.o
    0x08023a50   0x08023a50   0x00000018   Code   RO         5288    i.Ota_UpdateInProgress  ota_update.o
    0x08023a68   0x08023a68   0x00000010   Code   RO         5289    i.Ota_UpdateOnUartRxDrop  ota_update.o
    0x08023a78   0x08023a78   0x0000004c   Code   RO         5290    i.Ota_UpdatePoll    ota_update.o
    0x08023ac4   0x08023ac4   0x00000024   Code   RO         5291    i.Ota_UpdateReset   ota_update.o
    0x08023ae8   0x08023ae8   0x0000008c   Code   RO         5292    i.Ota_WriteBootMeta  ota_update.o
    0x08023b74   0x08023b74   0x0000004c   Code   RO         5293    i.Ota_WriteDownloadBytes  ota_update.o
    0x08023bc0   0x08023bc0   0x00000008   Code   RO         5294    i.Ota_WriteLe16     ota_update.o
    0x08023bc8   0x08023bc8   0x00000010   Code   RO         5295    i.Ota_WriteLe32     ota_update.o
    0x08023bd8   0x08023bd8   0x00000010   Code   RO         2570    i.PWR_ClearFlag     stm32f4xx_pwr.o
    0x08023be8   0x08023be8   0x00000020   Code   RO         2572    i.PWR_EnterSTANDBYMode  stm32f4xx_pwr.o
    0x08023c08   0x08023c08   0x00000014   Code   RO         2576    i.PWR_GetFlagStatus  stm32f4xx_pwr.o
    0x08023c1c   0x08023c1c   0x0000000c   Code   RO         2585    i.PWR_WakeUpPinCmd  stm32f4xx_pwr.o
    0x08023c28   0x08023c28   0x0000001c   Code   RO         2715    i.RCC_AHB1PeriphClockCmd  stm32f4xx_rcc.o
    0x08023c44   0x08023c44   0x0000001c   Code   RO         2721    i.RCC_APB1PeriphClockCmd  stm32f4xx_rcc.o
    0x08023c60   0x08023c60   0x0000001c   Code   RO         2724    i.RCC_APB2PeriphClockCmd  stm32f4xx_rcc.o
    0x08023c7c   0x08023c7c   0x000000a0   Code   RO         2733    i.RCC_GetClocksFreq  stm32f4xx_rcc.o
    0x08023d1c   0x08023d1c   0x0000002c   Code   RO         3963    i.SYSCFG_EXTILineConfig  stm32f4xx_syscfg.o
    0x08023d48   0x08023d48   0x00000074   Code   RO            4    i.SetSysClock       system_stm32f4xx.o
    0x08023dbc   0x08023dbc   0x00000518   Code   RO         4858    i.SetTimeAlarm_Hander  main.o
    0x080242d4   0x080242d4   0x0000002c   Code   RO         5789    i.SysTick_Handler   port.o
    0x08024300   0x08024300   0x0000005c   Code   RO            6    i.SystemInit        system_stm32f4xx.o
    0x0802435c   0x0802435c   0x00000044   Code   RO         4859    i.TIM2_IRQHandler   main.o
    0x080243a0   0x080243a0   0x0000005e   Code   RO         8178    i.TIM2_Int_Init     timer.o
    0x080243fe   0x080243fe   0x00000002   PAD
    0x08024400   0x08024400   0x00000034   Code   RO         8179    i.TIM3_IRQHandler   timer.o
    0x08024434   0x08024434   0x00000054   Code   RO         8180    i.TIM3_Int_Init     timer.o
    0x08024488   0x08024488   0x00000006   Code   RO         4031    i.TIM_ClearITPendingBit  stm32f4xx_tim.o
    0x0802448e   0x0802448e   0x00000018   Code   RO         4036    i.TIM_Cmd           stm32f4xx_tim.o
    0x080244a6   0x080244a6   0x00000018   Code   RO         4057    i.TIM_GetITStatus   stm32f4xx_tim.o
    0x080244be   0x080244be   0x00000014   Code   RO         4061    i.TIM_ITConfig      stm32f4xx_tim.o
    0x080244d2   0x080244d2   0x00000002   PAD
    0x080244d4   0x080244d4   0x00000064   Code   RO         4080    i.TIM_OC4Init       stm32f4xx_tim.o
    0x08024538   0x08024538   0x00000014   Code   RO         4083    i.TIM_OCStructInit  stm32f4xx_tim.o
    0x0802454c   0x0802454c   0x0000007c   Code   RO         4108    i.TIM_TimeBaseInit  stm32f4xx_tim.o
    0x080245c8   0x080245c8   0x00000098   Code   RO         4860    i.USART2_IRQHandler  main.o
    0x08024660   0x08024660   0x00000018   Code   RO         4590    i.USART_Cmd         stm32f4xx_usart.o
    0x08024678   0x08024678   0x000000ac   Code   RO         8277    i.USART_Config      usart.o
    0x08024724   0x08024724   0x0000000e   Code   RO         4593    i.USART_GetFlagStatus  stm32f4xx_usart.o
    0x08024732   0x08024732   0x00000040   Code   RO         4594    i.USART_GetITStatus  stm32f4xx_usart.o
    0x08024772   0x08024772   0x00000036   Code   RO         4596    i.USART_ITConfig    stm32f4xx_usart.o
    0x080247a8   0x080247a8   0x000000bc   Code   RO         4597    i.USART_Init        stm32f4xx_usart.o
    0x08024864   0x08024864   0x00000008   Code   RO         4604    i.USART_ReceiveData  stm32f4xx_usart.o
    0x0802486c   0x0802486c   0x00000008   Code   RO         4607    i.USART_SendData    stm32f4xx_usart.o
    0x08024874   0x08024874   0x00000002   Code   RO          135    i.UsageFault_Handler  stm32f4xx_it.o
    0x08024876   0x08024876   0x00000018   Code   RO         8278    i.Usart_SendByte    usart.o
    0x0802488e   0x0802488e   0x00000002   PAD
    0x08024890   0x08024890   0x00000020   Code   RO         8664    i.__0printf         mc_w.l(printfa.o)
    0x080248b0   0x080248b0   0x00000026   Code   RO         8748    i.__ARM_fpclassifyf  m_wm.l(fpclassifyf.o)
    0x080248d6   0x080248d6   0x00000002   PAD
    0x080248d8   0x080248d8   0x00000250   Code   RO         8386    i.__hardfp_atan2f   m_wm.l(atan2f.o)
    0x08024b28   0x08024b28   0x0000003a   Code   RO         8402    i.__hardfp_sqrtf    m_wm.l(sqrtf.o)
    0x08024b62   0x08024b62   0x00000006   Code   RO         8752    i.__mathlib_flt_infnan2  m_wm.l(funder.o)
    0x08024b68   0x08024b68   0x00000010   Code   RO         8756    i.__mathlib_flt_underflow  m_wm.l(funder.o)
    0x08024b78   0x08024b78   0x0000000e   Code   RO         8812    i.__scatterload_copy  mc_w.l(handlers.o)
    0x08024b86   0x08024b86   0x00000002   Code   RO         8813    i.__scatterload_null  mc_w.l(handlers.o)
    0x08024b88   0x08024b88   0x0000000e   Code   RO         8814    i.__scatterload_zeroinit  mc_w.l(handlers.o)
    0x08024b96   0x08024b96   0x00000002   PAD
    0x08024b98   0x08024b98   0x0000000c   Code   RO         8790    i.__set_errno       mc_w.l(errno.o)
    0x08024ba4   0x08024ba4   0x00000184   Code   RO         8671    i._fp_digits        mc_w.l(printfa.o)
    0x08024d28   0x08024d28   0x000006dc   Code   RO         8672    i._printf_core      mc_w.l(printfa.o)
    0x08025404   0x08025404   0x00000024   Code   RO         8673    i._printf_post_padding  mc_w.l(printfa.o)
    0x08025428   0x08025428   0x0000002e   Code   RO         8674    i._printf_pre_padding  mc_w.l(printfa.o)
    0x08025456   0x08025456   0x00000002   PAD
    0x08025458   0x08025458   0x00000058   Code   RO         7317    i.adc_tim_init      adc_battery.o
    0x080254b0   0x080254b0   0x00000030   Code   RO         4861    i.alarm_stop_timer_callback  main.o
    0x080254e0   0x080254e0   0x00000064   Code   RO         4862    i.battery_filter_capacity  main.o
    0x08025544   0x08025544   0x000000ac   Code   RO         8014    i.battery_show      oled_clock.o
    0x080255f0   0x080255f0   0x00000084   Code   RO         4863    i.battery_update    main.o
    0x08025674   0x08025674   0x000000cc   Code   RO         4864    i.bell_switch       main.o
    0x08025740   0x08025740   0x00000058   Code   RO         4866    i.decrementAlarmValue  main.o
    0x08025798   0x08025798   0x0000008c   Code   RO         4867    i.decrementTimeValue  main.o
    0x08025824   0x08025824   0x00000080   Code   RO         7270    i.dequeue           user_queue.o
    0x080258a4   0x080258a4   0x0000008c   Code   RO         7678    i.detect_step_mean_crossing  mpu6050.o
    0x08025930   0x08025930   0x000000a0   Code   RO         7679    i.detect_wrist_gesture  mpu6050.o
    0x080259d0   0x080259d0   0x0000000c   Code   RO         8181    i.disableClock      timer.o
    0x080259dc   0x080259dc   0x00000056   Code   RO         8016    i.display_day       oled_clock.o
    0x08025a32   0x08025a32   0x00000056   Code   RO         8017    i.display_hour      oled_clock.o
    0x08025a88   0x08025a88   0x00000056   Code   RO         8018    i.display_min       oled_clock.o
    0x08025ade   0x08025ade   0x00000056   Code   RO         8019    i.display_month     oled_clock.o
    0x08025b34   0x08025b34   0x00000056   Code   RO         8020    i.display_sec       oled_clock.o
    0x08025b8a   0x08025b8a   0x00000030   Code   RO         8021    i.display_week      oled_clock.o
    0x08025bba   0x08025bba   0x00000054   Code   RO         8022    i.display_year      oled_clock.o
    0x08025c0e   0x08025c0e   0x00000002   PAD
    0x08025c10   0x08025c10   0x00000040   Code   RO         6459    i.eTaskConfirmSleepModeStatus  tasks.o
    0x08025c50   0x08025c50   0x00000020   Code   RO         8182    i.enableClock       timer.o
    0x08025c70   0x08025c70   0x0000004c   Code   RO         7271    i.enqueue           user_queue.o
    0x08025cbc   0x08025cbc   0x0000002c   Code   RO         8281    i.fputc             usart.o
    0x08025ce8   0x08025ce8   0x00000038   Code   RO         4868    i.getMaxDaysOfMonth  main.o
    0x08025d20   0x08025d20   0x0000020c   Code   RO         5739    i.h_I2C_ReadReceives  hi2c.o
    0x08025f2c   0x08025f2c   0x00000104   Code   RO         5741    i.h_I2C_SendBytes   hi2c.o
    0x08026030   0x08026030   0x000000c8   Code   RO         4869    i.handleAlarmSettingKey  main.o
    0x080260f8   0x080260f8   0x0000027c   Code   RO         4870    i.handleKeyPress    main.o
    0x08026374   0x08026374   0x000000d8   Code   RO         4871    i.handleTimeSettingKey  main.o
    0x0802644c   0x0802644c   0x0000008c   Code   RO         5742    i.hi2c_init         hi2c.o
    0x080264d8   0x080264d8   0x0000006c   Code   RO         4872    i.incrementAlarmValue  main.o
    0x08026544   0x08026544   0x000000ac   Code   RO         4873    i.incrementTimeValue  main.o
    0x080265f0   0x080265f0   0x0000001c   Code   RO         7272    i.initQueue         user_queue.o
    0x0802660c   0x0802660c   0x00000026   Code   RO         4874    i.isLeapYear        main.o
    0x08026632   0x08026632   0x0000000e   Code   RO         7273    i.isQueueEmpty      user_queue.o
    0x08026640   0x08026640   0x0000000e   Code   RO         7274    i.isQueueFull       user_queue.o
    0x0802664e   0x0802664e   0x0000000e   Code   RO         7441    i.is_digit_char     ds3231.o
    0x0802665c   0x0802665c   0x00000028   Code   RO         4875    i.main              main.o
    0x08026684   0x08026684   0x0000002c   Code   RO         7684    i.mpu6050_init      mpu6050.o
    0x080266b0   0x080266b0   0x00000108   Code   RO         7685    i.mpu6050_read_all  mpu6050.o
    0x080267b8   0x080267b8   0x0000000c   Code   RO         7686    i.mpu_read_bytes    mpu6050.o
    0x080267c4   0x080267c4   0x00000016   Code   RO         7687    i.mpu_write_byte    mpu6050.o
    0x080267da   0x080267da   0x000000ae   Code   RO         7442    i.parse_app_alarm   ds3231.o
    0x08026888   0x08026888   0x00000186   Code   RO         7443    i.parse_app_time    ds3231.o
    0x08026a0e   0x08026a0e   0x00000002   PAD
    0x08026a10   0x08026a10   0x00000060   Code   RO         7564    i.power_switch_init  key.o
    0x08026a70   0x08026a70   0x00000078   Code   RO         7688    i.process_signals   mpu6050.o
    0x08026ae8   0x08026ae8   0x00000094   Code   RO         6462    i.prvAddCurrentTaskToDelayedList  tasks.o
    0x08026b7c   0x08026b7c   0x000000ac   Code   RO         6463    i.prvAddNewTaskToReadyList  tasks.o
    0x08026c28   0x08026c28   0x00000040   Code   RO         6911    i.prvCheckForValidListAndQueue  timers.o
    0x08026c68   0x08026c68   0x0000003c   Code   RO         6464    i.prvCheckTasksWaitingTermination  tasks.o
    0x08026ca4   0x08026ca4   0x00000028   Code   RO         6069    i.prvCopyDataFromQueue  queue.o
    0x08026ccc   0x08026ccc   0x0000006e   Code   RO         6070    i.prvCopyDataToQueue  queue.o
    0x08026d3a   0x08026d3a   0x00000002   PAD
    0x08026d3c   0x08026d3c   0x00000054   Code   RO         6465    i.prvCreateIdleTasks  tasks.o
    0x08026d90   0x08026d90   0x0000005c   Code   RO         6466    i.prvCreateTask     tasks.o
    0x08026dec   0x08026dec   0x00000014   Code   RO         6467    i.prvDeleteTCB      tasks.o
    0x08026e00   0x08026e00   0x00000014   Code   RO         6071    i.prvGetDisinheritPriorityAfterTimeout  queue.o
    0x08026e14   0x08026e14   0x00000038   Code   RO         6468    i.prvGetExpectedIdleTime  tasks.o
    0x08026e4c   0x08026e4c   0x00000024   Code   RO         6912    i.prvGetNextExpireTime  timers.o
    0x08026e70   0x08026e70   0x00000048   Code   RO         5865    i.prvHeapInit       heap_4.o
    0x08026eb8   0x08026eb8   0x00000044   Code   RO         6469    i.prvIdleTask       tasks.o
    0x08026efc   0x08026efc   0x00000018   Code   RO         6072    i.prvInitialiseMutex  queue.o
    0x08026f14   0x08026f14   0x00000026   Code   RO         6073    i.prvInitialiseNewQueue  queue.o
    0x08026f3a   0x08026f3a   0x00000080   Code   RO         6470    i.prvInitialiseNewTask  tasks.o
    0x08026fba   0x08026fba   0x00000038   Code   RO         6913    i.prvInitialiseNewTimer  timers.o
    0x08026ff2   0x08026ff2   0x00000002   PAD
    0x08026ff4   0x08026ff4   0x00000058   Code   RO         6471    i.prvInitialiseTaskLists  tasks.o
    0x0802704c   0x0802704c   0x00000054   Code   RO         5866    i.prvInsertBlockIntoFreeList  heap_4.o
    0x080270a0   0x080270a0   0x00000040   Code   RO         6914    i.prvInsertTimerInActiveList  timers.o
    0x080270e0   0x080270e0   0x0000001a   Code   RO         6074    i.prvIsQueueEmpty   queue.o
    0x080270fa   0x080270fa   0x0000001e   Code   RO         6075    i.prvIsQueueFull    queue.o
    0x08027118   0x08027118   0x0000004c   Code   RO         6076    i.prvNotifyQueueSetContainer  queue.o
    0x08027164   0x08027164   0x00000040   Code   RO         6915    i.prvProcessExpiredTimer  timers.o
    0x080271a4   0x080271a4   0x000000d8   Code   RO         6916    i.prvProcessReceivedCommands  timers.o
    0x0802727c   0x0802727c   0x0000006c   Code   RO         6917    i.prvProcessTimerOrBlockTask  timers.o
    0x080272e8   0x080272e8   0x00000028   Code   RO         6918    i.prvReloadTimer    timers.o
    0x08027310   0x08027310   0x00000020   Code   RO         6473    i.prvResetNextTaskUnblockTime  tasks.o
    0x08027330   0x08027330   0x0000002c   Code   RO         6919    i.prvSampleTimeNow  timers.o
    0x0802735c   0x0802735c   0x0000002c   Code   RO         6920    i.prvSwitchTimerLists  timers.o
    0x08027388   0x08027388   0x00000010   Code   RO         5790    i.prvTaskExitError  port.o
    0x08027398   0x08027398   0x00000014   Code   RO         6921    i.prvTimerTask      timers.o
    0x080273ac   0x080273ac   0x0000007c   Code   RO         6077    i.prvUnlockQueue    queue.o
    0x08027428   0x08027428   0x000000b0   Code   RO         5868    i.pvPortMalloc      heap_4.o
    0x080274d8   0x080274d8   0x00000014   Code   RO         6478    i.pvTaskIncrementMutexHeldCount  tasks.o
    0x080274ec   0x080274ec   0x00000024   Code   RO         5791    i.pxPortInitialiseStack  port.o
    0x08027510   0x08027510   0x000000c0   Code   RO         4876    i.saveAlarmSettings  main.o
    0x080275d0   0x080275d0   0x000000c8   Code   RO         4877    i.saveTimeSettings  main.o
    0x08027698   0x08027698   0x0000008c   Code   RO         4878    i.sensor_Hander     main.o
    0x08027724   0x08027724   0x00000094   Code   RO         8023    i.show_bme280_time  oled_clock.o
    0x080277b8   0x080277b8   0x000000a0   Code   RO         8024    i.show_step         oled_clock.o
    0x08027858   0x08027858   0x000000a2   Code   RO         8025    i.show_time         oled_clock.o
    0x080278fa   0x080278fa   0x00000002   PAD
    0x080278fc   0x080278fc   0x0000006c   Code   RO         8185    i.show_timer        timer.o
    0x08027968   0x08027968   0x00000024   Code   RO         7565    i.sleep_timer_callback  key.o
    0x0802798c   0x0802798c   0x00000044   Code   RO         4879    i.stopwatch         main.o
    0x080279d0   0x080279d0   0x00000090   Code   RO         4880    i.task_init         main.o
    0x08027a60   0x08027a60   0x0000018c   Code   RO         4881    i.task_key          main.o
    0x08027bec   0x08027bec   0x0000004a   Code   RO         4882    i.task_ring_battery  main.o
    0x08027c36   0x08027c36   0x00000002   PAD
    0x08027c38   0x08027c38   0x00000084   Code   RO         4883    i.task_step_detect  main.o
    0x08027cbc   0x08027cbc   0x000000fc   Code   RO         4884    i.task_time         main.o
    0x08027db8   0x08027db8   0x00000064   Code   RO         8186    i.timer_loop        timer.o
    0x08027e1c   0x08027e1c   0x000000fc   Code   RO         4885    i.updateAlarmDisplay  main.o
    0x08027f18   0x08027f18   0x000000e4   Code   RO         4886    i.updateTimeDisplay  main.o
    0x08027ffc   0x08027ffc   0x00000024   Code   RO         6033    i.uxListRemove      list.o
    0x08028020   0x08028020   0x0000000c   Code   RO         6483    i.uxTaskGetNumberOfTasks  tasks.o
    0x0802802c   0x0802802c   0x00000030   Code   RO         4887    i.vAlarmBlinkTimerCallback  main.o
    0x0802805c   0x0802805c   0x00000030   Code   RO         4888    i.vBlinkTimerCallback  main.o
    0x0802808c   0x0802808c   0x00000016   Code   RO         6034    i.vListInitialise   list.o
    0x080280a2   0x080280a2   0x00000006   Code   RO         6035    i.vListInitialiseItem  list.o
    0x080280a8   0x080280a8   0x00000030   Code   RO         6036    i.vListInsert       list.o
    0x080280d8   0x080280d8   0x00000018   Code   RO         6037    i.vListInsertEnd    list.o
    0x080280f0   0x080280f0   0x0000001c   Code   RO         5793    i.vPortEnterCritical  port.o
    0x0802810c   0x0802810c   0x00000018   Code   RO         5794    i.vPortExitCritical  port.o
    0x08028124   0x08028124   0x00000044   Code   RO         5869    i.vPortFree         heap_4.o
    0x08028168   0x08028168   0x00000034   Code   RO         5795    i.vPortSetupTimerInterrupt  port.o
    0x0802819c   0x0802819c   0x000000d8   Code   RO         5796    i.vPortSuppressTicksAndSleep  port.o
    0x08028274   0x08028274   0x00000046   Code   RO         6087    i.vQueueWaitForMessageRestricted  queue.o
    0x080282ba   0x080282ba   0x00000002   PAD
    0x080282bc   0x080282bc   0x00000034   Code   RO         6490    i.vTaskDelay        tasks.o
    0x080282f0   0x080282f0   0x000000ac   Code   RO         6491    i.vTaskDelete       tasks.o
    0x0802839c   0x0802839c   0x00000010   Code   RO         6495    i.vTaskInternalSetTimeOutState  tasks.o
    0x080283ac   0x080283ac   0x0000000c   Code   RO         6497    i.vTaskMissedYield  tasks.o
    0x080283b8   0x080283b8   0x00000020   Code   RO         6498    i.vTaskPlaceOnEventList  tasks.o
    0x080283d8   0x080283d8   0x00000044   Code   RO         6499    i.vTaskPlaceOnEventListRestricted  tasks.o
    0x0802841c   0x0802841c   0x0000009c   Code   RO         6501    i.vTaskPriorityDisinheritAfterTimeout  tasks.o
    0x080284b8   0x080284b8   0x0000003c   Code   RO         6508    i.vTaskStartScheduler  tasks.o
    0x080284f4   0x080284f4   0x0000002c   Code   RO         6509    i.vTaskStepTick     tasks.o
    0x08028520   0x08028520   0x00000010   Code   RO         6511    i.vTaskSuspendAll   tasks.o
    0x08028530   0x08028530   0x00000050   Code   RO         6512    i.vTaskSwitchContext  tasks.o
    0x08028580   0x08028580   0x00000040   Code   RO         5797    i.xPortStartScheduler  port.o
    0x080285c0   0x080285c0   0x00000026   Code   RO         6088    i.xQueueAddToSet    queue.o
    0x080285e6   0x080285e6   0x00000018   Code   RO         6089    i.xQueueCreateMutex  queue.o
    0x080285fe   0x080285fe   0x00000008   Code   RO         6090    i.xQueueCreateSet   queue.o
    0x08028606   0x08028606   0x00000040   Code   RO         6091    i.xQueueGenericCreate  queue.o
    0x08028646   0x08028646   0x00000002   PAD
    0x08028648   0x08028648   0x00000094   Code   RO         6092    i.xQueueGenericReset  queue.o
    0x080286dc   0x080286dc   0x00000120   Code   RO         6093    i.xQueueGenericSend  queue.o
    0x080287fc   0x080287fc   0x00000098   Code   RO         6094    i.xQueueGenericSendFromISR  queue.o
    0x08028894   0x08028894   0x0000007c   Code   RO         6095    i.xQueueGiveFromISR  queue.o
    0x08028910   0x08028910   0x000000f0   Code   RO         6100    i.xQueueReceive     queue.o
    0x08028a00   0x08028a00   0x00000012   Code   RO         6103    i.xQueueSelectFromSet  queue.o
    0x08028a12   0x08028a12   0x00000002   PAD
    0x08028a14   0x08028a14   0x00000124   Code   RO         6105    i.xQueueSemaphoreTake  queue.o
    0x08028b38   0x08028b38   0x00000058   Code   RO         6514    i.xTaskCheckForTimeOut  tasks.o
    0x08028b90   0x08028b90   0x0000001e   Code   RO         6515    i.xTaskCreate       tasks.o
    0x08028bae   0x08028bae   0x00000002   PAD
    0x08028bb0   0x08028bb0   0x0000005c   Code   RO         6516    i.xTaskDelayUntil   tasks.o
    0x08028c0c   0x08028c0c   0x00000154   Code   RO         6518    i.xTaskGenericNotifyFromISR  tasks.o
    0x08028d60   0x08028d60   0x000000bc   Code   RO         6520    i.xTaskGenericNotifyWait  tasks.o
    0x08028e1c   0x08028e1c   0x0000001c   Code   RO         6523    i.xTaskGetSchedulerState  tasks.o
    0x08028e38   0x08028e38   0x0000000c   Code   RO         6524    i.xTaskGetTickCount  tasks.o
    0x08028e44   0x08028e44   0x0000000c   Code   RO         6525    i.xTaskGetTickCountFromISR  tasks.o
    0x08028e50   0x08028e50   0x00000120   Code   RO         6526    i.xTaskIncrementTick  tasks.o
    0x08028f70   0x08028f70   0x0000008c   Code   RO         6527    i.xTaskPriorityDisinherit  tasks.o
    0x08028ffc   0x08028ffc   0x000000b4   Code   RO         6528    i.xTaskPriorityInherit  tasks.o
    0x080290b0   0x080290b0   0x000000d0   Code   RO         6529    i.xTaskRemoveFromEventList  tasks.o
    0x08029180   0x08029180   0x0000012c   Code   RO         6530    i.xTaskResumeAll    tasks.o
    0x080292ac   0x080292ac   0x00000034   Code   RO         6929    i.xTimerCreate      timers.o
    0x080292e0   0x080292e0   0x0000003c   Code   RO         6930    i.xTimerCreateTimerTask  timers.o
    0x0802931c   0x0802931c   0x0000002c   Code   RO         6931    i.xTimerGenericCommandFromISR  timers.o
    0x08029348   0x08029348   0x00000044   Code   RO         6932    i.xTimerGenericCommandFromTask  timers.o
    0x0802938c   0x0802938c   0x00000010   Code   RO         8187    i.zero_timer        timer.o
    0x0802939c   0x0802939c   0x00000010   Data   RO         4890    .constdata          main.o
    0x080293ac   0x080293ac   0x000005f0   Data   RO         8121    .constdata          oled_data.o
    0x0802999c   0x0802999c   0x00000d5c   Data   RO         8122    .constdata          oled_data.o
    0x0802a6f8   0x0802a6f8   0x0000023a   Data   RO         8123    .constdata          oled_data.o
    0x0802a932   0x0802a932   0x00000197   Data   RO         8124    .constdata          oled_data.o
    0x0802aac9   0x0802aac9   0x00000020   Data   RO         8126    .constdata          oled_data.o
    0x0802aae9   0x0802aae9   0x000000e4   Data   RO         8127    .constdata          oled_data.o
    0x0802abcd   0x0802abcd   0x00000016   Data   RO         8128    .constdata          oled_data.o
    0x0802abe3   0x0802abe3   0x00000020   Data   RO         8129    .constdata          oled_data.o
    0x0802ac03   0x0802ac03   0x00000001   PAD
    0x0802ac04   0x0802ac04   0x00000014   Data   RO         4891    .conststring        main.o
    0x0802ac18   0x0802ac18   0x00000020   Data   RO         8810    Region$$Table       anon$$obj.o


    Execution Region RW_IRAM1 (Exec base: 0x20000000, Load base: 0x0802ac38, Size: 0x0000ae60, Max: 0x00020000, ABSOLUTE, COMPRESSED[0x0000002c])

    Exec Addr    Load Addr    Size         Type   Attr      Idx    E Section Name        Object

    0x20000000   COMPRESSED   0x00000010   Data   RW         2763    .data               stm32f4xx_rcc.o
    0x20000010   COMPRESSED   0x00000080   Data   RW         4892    .data               main.o
    0x20000090   COMPRESSED   0x00000008   Data   RW         5297    .data               ota_update.o
    0x20000098   COMPRESSED   0x00000001   Data   RW         5613    .data               max30102.o
    0x20000099   COMPRESSED   0x00000003   PAD
    0x2000009c   COMPRESSED   0x00000010   Data   RW         5798    .data               port.o
    0x200000ac   COMPRESSED   0x0000001c   Data   RW         5876    .data               heap_4.o
    0x200000c8   COMPRESSED   0x00000040   Data   RW         6533    .data               tasks.o
    0x20000108   COMPRESSED   0x00000014   Data   RW         6939    .data               timers.o
    0x2000011c   COMPRESSED   0x0000001e   Data   RW         7101    .data               em7028.o
    0x2000013a   COMPRESSED   0x00000002   PAD
    0x2000013c   COMPRESSED   0x0000000c   Data   RW         7244    .data               hralgorythm.o
    0x20000148   COMPRESSED   0x00000004   Data   RW         7319    .data               adc_battery.o
    0x2000014c   COMPRESSED   0x00000002   Data   RW         7320    .data               adc_battery.o
    0x2000014e   COMPRESSED   0x00000002   PAD
    0x20000150   COMPRESSED   0x00000008   Data   RW         7566    .data               key.o
    0x20000158   COMPRESSED   0x0000004c   Data   RW         7689    .data               mpu6050.o
    0x200001a4   COMPRESSED   0x0000000a   Data   RW         8188    .data               timer.o
    0x200001ae   COMPRESSED   0x00000002   PAD
    0x200001b0   COMPRESSED   0x00000004   Data   RW         8779    .data               mc_w.l(stdout.o)
    0x200001b4   COMPRESSED   0x00000004   Data   RW         8791    .data               mc_w.l(errno.o)
    0x200001b8        -       0x00000040   Zero   RW         4889    .bss                main.o
    0x200001f8        -       0x00000210   Zero   RW         5296    .bss                ota_update.o
    0x20000408        -       0x0000a000   Zero   RW         5875    .bss                heap_4.o
    0x2000a408        -       0x0000012c   Zero   RW         6532    .bss                tasks.o
    0x2000a534        -       0x00000028   Zero   RW         6938    .bss                timers.o
    0x2000a55c        -       0x00000060   Zero   RW         7243    .bss                hralgorythm.o
    0x2000a5bc        -       0x00000078   Zero   RW         7318    .bss                adc_battery.o
    0x2000a634        -       0x00000028   Zero   RW         7375    .bss                bme280.o
    0x2000a65c        -       0x00000400   Zero   RW         7812    .bss                oled.o
    0x2000aa5c   COMPRESSED   0x00000004   PAD
    0x2000aa60        -       0x00000400   Zero   RW         4841    STACK               startup_stm32f411xe.o


==============================================================================

Image component sizes


      Code (inc. data)   RO Data    RW Data    ZI Data      Debug   Object Name

       530         42          0          6        120       3812   adc_battery.o
      1824        210          0          0         40       5796   bme280.o
       186         18          0          0          0       3793   boot_confirm.o
      1858        136          0          0          0      13729   ds3231.o
      1100         50          0         30          0      12608   em7028.o
         0          0          0          0          0      12720   event_groups.o
       400         24          0         28      40960       5099   heap_4.o
      1290         54          0          0          0       4436   hi2c.o
       294         18          0         12         96       2645   hralgorythm.o
       780         66          0          8          0       5374   key.o
       136          0          0          0          0       3258   list.o
      6820       1314         36        128         64      55807   main.o
         0          0          0          1          0        821   max30102.o
        16          4          0          0          0        433   mcu_debug.o
       124         16          0          0          0     225819   misc.o
        84         16          0          0          0       1351   motor.o
       934         86          0         76          0      11339   mpu6050.o
      1110         44          0          0       1024       8208   oled.o
      1400         54          0          0          0       7973   oled_clock.o
         0          0       6231          0          0       1335   oled_data.o
      2028        148          0          8        528      43973   ota_update.o
       670         68          0         16          0      10821   port.o
      1954         22          0          0          0      21606   queue.o
        36          8        408          0       1024        792   startup_stm32f411xe.o
       304         20          0          0          0       5131   stm32f4xx_adc.o
       428         44          0          0          0       7387   stm32f4xx_dma.o
       160         22          0          0          0       2689   stm32f4xx_exti.o
       482         62          0          0          0       7211   stm32f4xx_flash.o
       194          0          0          0          0       4027   stm32f4xx_gpio.o
       366         10          0          0          0       6516   stm32f4xx_i2c.o
        12          0          0          0          0       2573   stm32f4xx_it.o
        80         22          0          0          0       2022   stm32f4xx_pwr.o
       244         30          0         16          0       4775   stm32f4xx_rcc.o
        44          6          0          0          0        632   stm32f4xx_syscfg.o
       318         36          0          0          0       5043   stm32f4xx_tim.o
       360          8          0          0          0       5633   stm32f4xx_usart.o
       208         38          0          0          0      81829   system_stm32f4xx.o
      3658        272          0         64        300      45226   tasks.o
       498         42          0         10          0       5164   timer.o
       980         86          0         20         40      14472   timers.o
       282         14          0          0          0       3961   usart.o
       260         64          0          0          0       3277   user_queue.o

    ----------------------------------------------------------------------
     32504       3174       6708        432      44200     671116   Object Totals
         0          0         32          0          0          0   (incl. Generated)
        52          0          1          9          4          0   (incl. Padding)

    ----------------------------------------------------------------------

      Code (inc. data)   RO Data    RW Data    ZI Data      Debug   Library Member Name

       592         90          0          0          0        184   atan2f.o
        38          0          0          0          0        116   fpclassifyf.o
        22          6          0          0          0        232   funder.o
        58          0          0          0          0        136   sqrtf.o
        58          0          0          0          0          0   __dczerorl.o
         0          0          0          0          0          0   entry.o
         0          0          0          0          0          0   entry10a.o
         0          0          0          0          0          0   entry11a.o
         8          4          0          0          0          0   entry2.o
         4          0          0          0          0          0   entry5.o
         0          0          0          0          0          0   entry7b.o
         0          0          0          0          0          0   entry8b.o
         8          4          0          0          0          0   entry9a.o
        12          6          0          4          0         68   errno.o
        30          0          0          0          0          0   handlers.o
        36          8          0          0          0         68   init.o
         0          0          0          0          0          0   iusefp.o
        30          0          0          0          0         68   llshl.o
        36          0          0          0          0         68   llsshr.o
        32          0          0          0          0         68   llushr.o
        36          0          0          0          0         68   memcpya.o
        36          0          0          0          0        108   memseta.o
      2258         90          0          0          0        452   printfa.o
         0          0          0          4          0          0   stdout.o
        28          0          0          0          0         76   strcmp.o
        44          0          0          0          0         80   uidiv.o
        98          0          0          0          0         92   uldiv.o
        48          0          0          0          0         68   cdcmple.o
        48          0          0          0          0         68   cdrcmple.o
        56          0          0          0          0         88   d2f.o
       334          0          0          0          0        148   dadd.o
       222          0          0          0          0        100   ddiv.o
       186          0          0          0          0        176   depilogue.o
        62          0          0          0          0         80   dfixi.o
        48          0          0          0          0         68   dfixul.o
        34          0          0          0          0         76   dflti.o
        26          0          0          0          0         76   dfltui.o
       228          0          0          0          0         96   dmul.o
       110          0          0          0          0        168   fepilogue.o

    ----------------------------------------------------------------------
      4876        208          0          8          0       3096   Library Totals
        10          0          0          0          0          0   (incl. Padding)

    ----------------------------------------------------------------------

      Code (inc. data)   RO Data    RW Data    ZI Data      Debug   Library Name

       710         96          0          0          0        668   m_wm.l
      2754        112          0          8          0       1216   mc_w.l
      1402          0          0          0          0       1212   mf_w.l

    ----------------------------------------------------------------------
      4876        208          0          8          0       3096   Library Totals

    ----------------------------------------------------------------------

==============================================================================


      Code (inc. data)   RO Data    RW Data    ZI Data      Debug   

     37380       3382       6708        440      44200     638196   Grand Totals
     37380       3382       6708         44      44200     638196   ELF Image Totals (compressed)
     37380       3382       6708         44          0          0   ROM Totals

==============================================================================

    Total RO  Size (Code + RO Data)                44088 (  43.05kB)
    Total RW  Size (RW Data + ZI Data)             44640 (  43.59kB)
    Total ROM Size (Code + RO Data + RW Data)      44132 (  43.10kB)

==============================================================================

