Component: ARM Compiler 5.06 update 5 (build 528) Tool: armlink [4d35e2]

==============================================================================

Section Cross References

    system_stm32f4xx.o(i.SystemCoreClockUpdate) refers to system_stm32f4xx.o(.data) for .data
    system_stm32f4xx.o(i.SystemInit) refers to system_stm32f4xx.o(i.SetSysClock) for SetSysClock
    stm32f4xx_adc.o(i.ADC_DeInit) refers to stm32f4xx_rcc.o(i.RCC_APB2PeriphResetCmd) for RCC_APB2PeriphResetCmd
    stm32f4xx_can.o(i.CAN_DeInit) refers to stm32f4xx_rcc.o(i.RCC_APB1PeriphResetCmd) for RCC_APB1PeriphResetCmd
    stm32f4xx_can.o(i.CAN_GetITStatus) refers to stm32f4xx_can.o(i.CheckITStatus) for CheckITStatus
    stm32f4xx_cryp.o(i.CRYP_DeInit) refers to stm32f4xx_rcc.o(i.RCC_AHB2PeriphResetCmd) for RCC_AHB2PeriphResetCmd
    stm32f4xx_cryp_aes.o(i.CRYP_AES_CBC) refers to stm32f4xx_cryp.o(i.CRYP_KeyStructInit) for CRYP_KeyStructInit
    stm32f4xx_cryp_aes.o(i.CRYP_AES_CBC) refers to stm32f4xx_cryp.o(i.CRYP_KeyInit) for CRYP_KeyInit
    stm32f4xx_cryp_aes.o(i.CRYP_AES_CBC) refers to stm32f4xx_cryp.o(i.CRYP_Init) for CRYP_Init
    stm32f4xx_cryp_aes.o(i.CRYP_AES_CBC) refers to stm32f4xx_cryp.o(i.CRYP_IVInit) for CRYP_IVInit
    stm32f4xx_cryp_aes.o(i.CRYP_AES_CBC) refers to stm32f4xx_cryp.o(i.CRYP_FIFOFlush) for CRYP_FIFOFlush
    stm32f4xx_cryp_aes.o(i.CRYP_AES_CBC) refers to stm32f4xx_cryp.o(i.CRYP_Cmd) for CRYP_Cmd
    stm32f4xx_cryp_aes.o(i.CRYP_AES_CBC) refers to stm32f4xx_cryp.o(i.CRYP_GetCmdStatus) for CRYP_GetCmdStatus
    stm32f4xx_cryp_aes.o(i.CRYP_AES_CBC) refers to stm32f4xx_cryp.o(i.CRYP_GetFlagStatus) for CRYP_GetFlagStatus
    stm32f4xx_cryp_aes.o(i.CRYP_AES_CBC) refers to stm32f4xx_cryp.o(i.CRYP_DataIn) for CRYP_DataIn
    stm32f4xx_cryp_aes.o(i.CRYP_AES_CBC) refers to stm32f4xx_cryp.o(i.CRYP_DataOut) for CRYP_DataOut
    stm32f4xx_cryp_aes.o(i.CRYP_AES_CCM) refers to stm32f4xx_cryp.o(i.CRYP_KeyStructInit) for CRYP_KeyStructInit
    stm32f4xx_cryp_aes.o(i.CRYP_AES_CCM) refers to stm32f4xx_cryp.o(i.CRYP_FIFOFlush) for CRYP_FIFOFlush
    stm32f4xx_cryp_aes.o(i.CRYP_AES_CCM) refers to stm32f4xx_cryp.o(i.CRYP_KeyInit) for CRYP_KeyInit
    stm32f4xx_cryp_aes.o(i.CRYP_AES_CCM) refers to stm32f4xx_cryp.o(i.CRYP_IVInit) for CRYP_IVInit
    stm32f4xx_cryp_aes.o(i.CRYP_AES_CCM) refers to stm32f4xx_cryp.o(i.CRYP_Init) for CRYP_Init
    stm32f4xx_cryp_aes.o(i.CRYP_AES_CCM) refers to stm32f4xx_cryp.o(i.CRYP_PhaseConfig) for CRYP_PhaseConfig
    stm32f4xx_cryp_aes.o(i.CRYP_AES_CCM) refers to stm32f4xx_cryp.o(i.CRYP_DataIn) for CRYP_DataIn
    stm32f4xx_cryp_aes.o(i.CRYP_AES_CCM) refers to stm32f4xx_cryp.o(i.CRYP_Cmd) for CRYP_Cmd
    stm32f4xx_cryp_aes.o(i.CRYP_AES_CCM) refers to stm32f4xx_cryp.o(i.CRYP_GetCmdStatus) for CRYP_GetCmdStatus
    stm32f4xx_cryp_aes.o(i.CRYP_AES_CCM) refers to stm32f4xx_cryp.o(i.CRYP_GetFlagStatus) for CRYP_GetFlagStatus
    stm32f4xx_cryp_aes.o(i.CRYP_AES_CCM) refers to stm32f4xx_cryp.o(i.CRYP_DataOut) for CRYP_DataOut
    stm32f4xx_cryp_aes.o(i.CRYP_AES_CTR) refers to stm32f4xx_cryp.o(i.CRYP_KeyStructInit) for CRYP_KeyStructInit
    stm32f4xx_cryp_aes.o(i.CRYP_AES_CTR) refers to stm32f4xx_cryp.o(i.CRYP_KeyInit) for CRYP_KeyInit
    stm32f4xx_cryp_aes.o(i.CRYP_AES_CTR) refers to stm32f4xx_cryp.o(i.CRYP_Init) for CRYP_Init
    stm32f4xx_cryp_aes.o(i.CRYP_AES_CTR) refers to stm32f4xx_cryp.o(i.CRYP_IVInit) for CRYP_IVInit
    stm32f4xx_cryp_aes.o(i.CRYP_AES_CTR) refers to stm32f4xx_cryp.o(i.CRYP_FIFOFlush) for CRYP_FIFOFlush
    stm32f4xx_cryp_aes.o(i.CRYP_AES_CTR) refers to stm32f4xx_cryp.o(i.CRYP_Cmd) for CRYP_Cmd
    stm32f4xx_cryp_aes.o(i.CRYP_AES_CTR) refers to stm32f4xx_cryp.o(i.CRYP_GetCmdStatus) for CRYP_GetCmdStatus
    stm32f4xx_cryp_aes.o(i.CRYP_AES_CTR) refers to stm32f4xx_cryp.o(i.CRYP_DataIn) for CRYP_DataIn
    stm32f4xx_cryp_aes.o(i.CRYP_AES_CTR) refers to stm32f4xx_cryp.o(i.CRYP_GetFlagStatus) for CRYP_GetFlagStatus
    stm32f4xx_cryp_aes.o(i.CRYP_AES_CTR) refers to stm32f4xx_cryp.o(i.CRYP_DataOut) for CRYP_DataOut
    stm32f4xx_cryp_aes.o(i.CRYP_AES_ECB) refers to stm32f4xx_cryp.o(i.CRYP_KeyStructInit) for CRYP_KeyStructInit
    stm32f4xx_cryp_aes.o(i.CRYP_AES_ECB) refers to stm32f4xx_cryp.o(i.CRYP_KeyInit) for CRYP_KeyInit
    stm32f4xx_cryp_aes.o(i.CRYP_AES_ECB) refers to stm32f4xx_cryp.o(i.CRYP_Init) for CRYP_Init
    stm32f4xx_cryp_aes.o(i.CRYP_AES_ECB) refers to stm32f4xx_cryp.o(i.CRYP_FIFOFlush) for CRYP_FIFOFlush
    stm32f4xx_cryp_aes.o(i.CRYP_AES_ECB) refers to stm32f4xx_cryp.o(i.CRYP_Cmd) for CRYP_Cmd
    stm32f4xx_cryp_aes.o(i.CRYP_AES_ECB) refers to stm32f4xx_cryp.o(i.CRYP_GetCmdStatus) for CRYP_GetCmdStatus
    stm32f4xx_cryp_aes.o(i.CRYP_AES_ECB) refers to stm32f4xx_cryp.o(i.CRYP_GetFlagStatus) for CRYP_GetFlagStatus
    stm32f4xx_cryp_aes.o(i.CRYP_AES_ECB) refers to stm32f4xx_cryp.o(i.CRYP_DataIn) for CRYP_DataIn
    stm32f4xx_cryp_aes.o(i.CRYP_AES_ECB) refers to stm32f4xx_cryp.o(i.CRYP_DataOut) for CRYP_DataOut
[...]
    EXTI_ClearITPendingBit                   0x080225e5   Thumb Code     6  stm32f4xx_exti.o(i.EXTI_ClearITPendingBit)
    EXTI_Configuration                       0x080225f1   Thumb Code   236  key.o(i.EXTI_Configuration)
    EXTI_GetITStatus                         0x080226dd   Thumb Code    16  stm32f4xx_exti.o(i.EXTI_GetITStatus)
    EXTI_Init                                0x080226f1   Thumb Code   110  stm32f4xx_exti.o(i.EXTI_Init)
    Enter_Standby_Mode                       0x08022765   Thumb Code    36  key.o(i.Enter_Standby_Mode)
    FLASH_ClearFlag                          0x08022789   Thumb Code     6  stm32f4xx_flash.o(i.FLASH_ClearFlag)
    FLASH_DataCacheCmd                       0x08022795   Thumb Code    26  stm32f4xx_flash.o(i.FLASH_DataCacheCmd)
    FLASH_DataCacheReset                     0x080227b5   Thumb Code    12  stm32f4xx_flash.o(i.FLASH_DataCacheReset)
    FLASH_EraseSector                        0x080227c5   Thumb Code   106  stm32f4xx_flash.o(i.FLASH_EraseSector)
    FLASH_GetStatus                          0x08022835   Thumb Code    56  stm32f4xx_flash.o(i.FLASH_GetStatus)
    FLASH_InstructionCacheCmd                0x08022871   Thumb Code    26  stm32f4xx_flash.o(i.FLASH_InstructionCacheCmd)
    FLASH_InstructionCacheReset              0x08022891   Thumb Code    12  stm32f4xx_flash.o(i.FLASH_InstructionCacheReset)
    FLASH_Lock                               0x080228a1   Thumb Code    12  stm32f4xx_flash.o(i.FLASH_Lock)
    FLASH_ProgramByte                        0x080228b1   Thumb Code    52  stm32f4xx_flash.o(i.FLASH_ProgramByte)
    FLASH_ProgramWord                        0x080228e9   Thumb Code    56  stm32f4xx_flash.o(i.FLASH_ProgramWord)
    FLASH_Unlock                             0x08022925   Thumb Code    22  stm32f4xx_flash.o(i.FLASH_Unlock)
    FLASH_WaitForLastOperation               0x08022949   Thumb Code    34  stm32f4xx_flash.o(i.FLASH_WaitForLastOperation)
    FPU_Enable                               0x0802296d   Thumb Code    12  mcu_debug.o(i.FPU_Enable)
    FreeRTOS_Start                           0x0802297d   Thumb Code   336  main.o(i.FreeRTOS_Start)
    GPIO_Init                                0x08022b4d   Thumb Code   124  stm32f4xx_gpio.o(i.GPIO_Init)
    GPIO_PinAFConfig                         0x08022bc9   Thumb Code    32  stm32f4xx_gpio.o(i.GPIO_PinAFConfig)
    GPIO_ReadInputDataBit                    0x08022be9   Thumb Code    14  stm32f4xx_gpio.o(i.GPIO_ReadInputDataBit)
    GPIO_ResetBits                           0x08022bf7   Thumb Code     6  stm32f4xx_gpio.o(i.GPIO_ResetBits)
    GPIO_SetBits                             0x08022bfd   Thumb Code     4  stm32f4xx_gpio.o(i.GPIO_SetBits)
    GPIO_WriteBit                            0x08022c01   Thumb Code    14  stm32f4xx_gpio.o(i.GPIO_WriteBit)
    GetKeyNum                                0x08022c11   Thumb Code    38  key.o(i.GetKeyNum)
    HR_AlgoInit                              0x08022c3d   Thumb Code    38  hralgorythm.o(i.HR_AlgoInit)
    HR_Calculate                             0x08022c6d   Thumb Code   200  hralgorythm.o(i.HR_Calculate)
    HR_SpO2_Hander                           0x08022e1d   Thumb Code   336  em7028.o(i.HR_SpO2_Hander)
    HR_SpO2_showm                            0x0802305d   Thumb Code   170  oled_clock.o(i.HR_SpO2_showm)
    HardFault_Handler                        0x08023121   Thumb Code     2  stm32f4xx_it.o(i.HardFault_Handler)
    I2C_AcknowledgeConfig                    0x08023149   Thumb Code    24  stm32f4xx_i2c.o(i.I2C_AcknowledgeConfig)
    I2C_ClearFlag                            0x08023161   Thumb Code     6  stm32f4xx_i2c.o(i.I2C_ClearFlag)
    I2C_Cmd                                  0x08023167   Thumb Code    24  stm32f4xx_i2c.o(i.I2C_Cmd)
    I2C_GenerateSTART                        0x0802317f   Thumb Code    24  stm32f4xx_i2c.o(i.I2C_GenerateSTART)
    I2C_GenerateSTOP                         0x08023197   Thumb Code    24  stm32f4xx_i2c.o(i.I2C_GenerateSTOP)
    I2C_GetFlagStatus                        0x080231af   Thumb Code    50  stm32f4xx_i2c.o(i.I2C_GetFlagStatus)
    I2C_Init                                 0x080231e1   Thumb Code   178  stm32f4xx_i2c.o(i.I2C_Init)
    I2C_ReadRegister                         0x0802329d   Thumb Code    16  stm32f4xx_i2c.o(i.I2C_ReadRegister)
    I2C_ReceiveData                          0x080232ad   Thumb Code     6  stm32f4xx_i2c.o(i.I2C_ReceiveData)
    I2C_SendData                             0x080232b3   Thumb Code     4  stm32f4xx_i2c.o(i.I2C_SendData)
    IIC_DS3231_ByteRead                      0x080232b7   Thumb Code    12  ds3231.o(i.IIC_DS3231_ByteRead)
    IIC_DS3231_ByteWrite                     0x080232c3   Thumb Code    22  ds3231.o(i.IIC_DS3231_ByteWrite)
    Key_Init                                 0x080232d9   Thumb Code   130  key.o(i.Key_Init)
    Key_SetSleepLock                         0x08023379   Thumb Code    16  key.o(i.Key_SetSleepLock)
    LED_Switch                               0x0802338d   Thumb Code    10  main.o(i.LED_Switch)
    LED_init                                 0x0802339d   Thumb Code    46  main.o(i.LED_init)
    MPU6050_Proc                             0x080233d1   Thumb Code   150  mpu6050.o(i.MPU6050_Proc)
    MPU6050_SetWakeLock                      0x0802347d   Thumb Code    16  mpu6050.o(i.MPU6050_SetWakeLock)
    MemManage_Handler                        0x08023491   Thumb Code     2  stm32f4xx_it.o(i.MemManage_Handler)
    Motor_GPIO_Init                          0x08023495   Thumb Code    48  motor.o(i.Motor_GPIO_Init)
    Motor_GPIO_ON                            0x080234c9   Thumb Code    10  motor.o(i.Motor_GPIO_ON)
    Motor_GPIO_off                           0x080234d9   Thumb Code    10  motor.o(i.Motor_GPIO_off)
    Motor_alarm                              0x080234e9   Thumb Code    66  main.o(i.Motor_alarm)
    NMI_Handler                              0x08023545   Thumb Code     2  stm32f4xx_it.o(i.NMI_Handler)
    NVIC_Configuration                       0x08023547   Thumb Code    66  usart.o(i.NVIC_Configuration)
    NVIC_Init                                0x08023589   Thumb Code    98  misc.o(i.NVIC_Init)
    NVIC_PriorityGroupConfig                 0x080235f1   Thumb Code    10  misc.o(i.NVIC_PriorityGroupConfig)
    NVIC_adc_Configuration                   0x08023605   Thumb Code    42  adc_battery.o(i.NVIC_adc_Configuration)
    OLED_Clear                               0x08023631   Thumb Code    34  oled.o(i.OLED_Clear)
    OLED_ClearArea                           0x08023659   Thumb Code    88  oled.o(i.OLED_ClearArea)
    OLED_Init                                0x080236b5   Thumb Code   152  oled.o(i.OLED_Init)
    OLED_Pow                                 0x0802374d   Thumb Code    16  oled.o(i.OLED_Pow)
    OLED_SetCursor                           0x0802375d   Thumb Code    34  oled.o(i.OLED_SetCursor)
    OLED_ShowChar                            0x08023781   Thumb Code    78  oled.o(i.OLED_ShowChar)
    OLED_ShowImage                           0x080237dd   Thumb Code   176  oled.o(i.OLED_ShowImage)
    OLED_ShowNum                             0x08023891   Thumb Code    72  oled.o(i.OLED_ShowNum)
    OLED_ShowString                          0x080238d9   Thumb Code   382  oled.o(i.OLED_ShowString)
    OLED_Update                              0x08023a61   Thumb Code    34  oled.o(i.OLED_Update)
    OLED_WriteCommand                        0x08023a89   Thumb Code    22  hi2c.o(i.OLED_WriteCommand)
    OLED_WriteData                           0x08023aa1   Thumb Code   330  hi2c.o(i.OLED_WriteData)
    Ota_UpdateCaptureResetCause              0x08024231   Thumb Code    18  ota_update.o(i.Ota_UpdateCaptureResetCause)
    Ota_UpdateDisplayActive                  0x0802424d   Thumb Code     6  ota_update.o(i.Ota_UpdateDisplayActive)
    Ota_UpdateFeedBuffer                     0x08024259   Thumb Code    34  ota_update.o(i.Ota_UpdateFeedBuffer)
    Ota_UpdateFeedByte                       0x0802427d   Thumb Code   358  ota_update.o(i.Ota_UpdateFeedByte)
    Ota_UpdateGetResetCsr                    0x080243e9   Thumb Code     6  ota_update.o(i.Ota_UpdateGetResetCsr)
    Ota_UpdateGetStatus                      0x080243f5   Thumb Code    14  ota_update.o(i.Ota_UpdateGetStatus)
    Ota_UpdateInProgress                     0x08024409   Thumb Code    18  ota_update.o(i.Ota_UpdateInProgress)
    Ota_UpdateOnUartRxDrop                   0x08024421   Thumb Code    10  ota_update.o(i.Ota_UpdateOnUartRxDrop)
    Ota_UpdatePoll                           0x08024431   Thumb Code   104  ota_update.o(i.Ota_UpdatePoll)
    Ota_UpdateRegisterStatusCallback         0x080244a5   Thumb Code     6  ota_update.o(i.Ota_UpdateRegisterStatusCallback)
    Ota_UpdateReset                          0x080244b1   Thumb Code     6  ota_update.o(i.Ota_UpdateReset)
    PWR_ClearFlag                            0x080245ad   Thumb Code    12  stm32f4xx_pwr.o(i.PWR_ClearFlag)
    PWR_EnterSTANDBYMode                     0x080245bd   Thumb Code    24  stm32f4xx_pwr.o(i.PWR_EnterSTANDBYMode)
    PWR_GetFlagStatus                        0x080245dd   Thumb Code    16  stm32f4xx_pwr.o(i.PWR_GetFlagStatus)
    PWR_WakeUpPinCmd                         0x080245f1   Thumb Code     6  stm32f4xx_pwr.o(i.PWR_WakeUpPinCmd)
    RCC_AHB1PeriphClockCmd                   0x080245fd   Thumb Code    22  stm32f4xx_rcc.o(i.RCC_AHB1PeriphClockCmd)
    RCC_APB1PeriphClockCmd                   0x08024619   Thumb Code    22  stm32f4xx_rcc.o(i.RCC_APB1PeriphClockCmd)
    RCC_APB2PeriphClockCmd                   0x08024635   Thumb Code    22  stm32f4xx_rcc.o(i.RCC_APB2PeriphClockCmd)
    RCC_GetClocksFreq                        0x08024651   Thumb Code   148  stm32f4xx_rcc.o(i.RCC_GetClocksFreq)
    SYSCFG_EXTILineConfig                    0x080246f1   Thumb Code    38  stm32f4xx_syscfg.o(i.SYSCFG_EXTILineConfig)
    SetTimeAlarm_Hander                      0x08024791   Thumb Code   944  main.o(i.SetTimeAlarm_Hander)
    SysTick_Handler                          0x08024cc9   Thumb Code    38  port.o(i.SysTick_Handler)
    SystemInit                               0x08024cf5   Thumb Code    72  system_stm32f4xx.o(i.SystemInit)
    TIM2_IRQHandler                          0x08024d51   Thumb Code    60  main.o(i.TIM2_IRQHandler)
    TIM2_Int_Init                            0x08024d95   Thumb Code    94  timer.o(i.TIM2_Int_Init)
    TIM3_IRQHandler                          0x08024df5   Thumb Code    42  timer.o(i.TIM3_IRQHandler)
    TIM3_Int_Init                            0x08024e29   Thumb Code    76  timer.o(i.TIM3_Int_Init)
    TIM_ClearITPendingBit                    0x08024e7d   Thumb Code     6  stm32f4xx_tim.o(i.TIM_ClearITPendingBit)
    TIM_Cmd                                  0x08024e83   Thumb Code    24  stm32f4xx_tim.o(i.TIM_Cmd)
    TIM_GetITStatus                          0x08024e9b   Thumb Code    24  stm32f4xx_tim.o(i.TIM_GetITStatus)
    TIM_ITConfig                             0x08024eb3   Thumb Code    20  stm32f4xx_tim.o(i.TIM_ITConfig)
    TIM_OC4Init                              0x08024ec9   Thumb Code    92  stm32f4xx_tim.o(i.TIM_OC4Init)
    TIM_OCStructInit                         0x08024f2d   Thumb Code    20  stm32f4xx_tim.o(i.TIM_OCStructInit)
    TIM_TimeBaseInit                         0x08024f41   Thumb Code    96  stm32f4xx_tim.o(i.TIM_TimeBaseInit)
    USART2_IRQHandler                        0x08024fbd   Thumb Code   106  main.o(i.USART2_IRQHandler)
    USART_Cmd                                0x08025035   Thumb Code    24  stm32f4xx_usart.o(i.USART_Cmd)
    USART_Config                             0x0802504d   Thumb Code   186  usart.o(i.USART_Config)
    USART_DMACmd                             0x08025111   Thumb Code    20  stm32f4xx_usart.o(i.USART_DMACmd)
    USART_GetFlagStatus                      0x08025125   Thumb Code    14  stm32f4xx_usart.o(i.USART_GetFlagStatus)
    USART_GetITStatus                        0x08025133   Thumb Code    64  stm32f4xx_usart.o(i.USART_GetITStatus)
    USART_ITConfig                           0x08025173   Thumb Code    54  stm32f4xx_usart.o(i.USART_ITConfig)
    USART_Init                               0x080251a9   Thumb Code   180  stm32f4xx_usart.o(i.USART_Init)
    USART_SendData                           0x08025319   Thumb Code     8  stm32f4xx_usart.o(i.USART_SendData)
    UsageFault_Handler                       0x08025321   Thumb Code     2  stm32f4xx_it.o(i.UsageFault_Handler)
    Usart_RxDmaGetWriteIndex                 0x08025325   Thumb Code    24  usart.o(i.Usart_RxDmaGetWriteIndex)
    Usart_RxDmaRead                          0x08025341   Thumb Code   106  usart.o(i.Usart_RxDmaRead)
    Usart_SendByte                           0x080253b1   Thumb Code    24  usart.o(i.Usart_SendByte)
    __0printf                                0x080253c9   Thumb Code    22  printfa.o(i.__0printf)
    __1printf                                0x080253c9   Thumb Code     0  printfa.o(i.__0printf)
    __2printf                                0x080253c9   Thumb Code     0  printfa.o(i.__0printf)
    __c89printf                              0x080253c9   Thumb Code     0  printfa.o(i.__0printf)
    printf                                   0x080253c9   Thumb Code     0  printfa.o(i.__0printf)
    __0sprintf                               0x080253e9   Thumb Code    34  printfa.o(i.__0sprintf)
    __1sprintf                               0x080253e9   Thumb Code     0  printfa.o(i.__0sprintf)
    __2sprintf                               0x080253e9   Thumb Code     0  printfa.o(i.__0sprintf)
    __c89sprintf                             0x080253e9   Thumb Code     0  printfa.o(i.__0sprintf)
    sprintf                                  0x080253e9   Thumb Code     0  printfa.o(i.__0sprintf)
    __ARM_fpclassifyf                        0x08025411   Thumb Code    38  fpclassifyf.o(i.__ARM_fpclassifyf)
    __hardfp_atan2f                          0x08025439   Thumb Code   502  atan2f.o(i.__hardfp_atan2f)
    __hardfp_sqrtf                           0x08025689   Thumb Code    58  sqrtf.o(i.__hardfp_sqrtf)
    __mathlib_flt_infnan2                    0x080256c3   Thumb Code     6  funder.o(i.__mathlib_flt_infnan2)
    __mathlib_flt_underflow                  0x080256c9   Thumb Code    10  funder.o(i.__mathlib_flt_underflow)
    __scatterload_copy                       0x080256d9   Thumb Code    14  handlers.o(i.__scatterload_copy)
    __scatterload_null                       0x080256e7   Thumb Code     2  handlers.o(i.__scatterload_null)
    __scatterload_zeroinit                   0x080256e9   Thumb Code    14  handlers.o(i.__scatterload_zeroinit)
    __set_errno                              0x080256f9   Thumb Code     6  errno.o(i.__set_errno)
    adc_tim_init                             0x08025fc1   Thumb Code    84  adc_battery.o(i.adc_tim_init)
    alarm_stop_timer_callback                0x08026019   Thumb Code    42  main.o(i.alarm_stop_timer_callback)
    battery_show                             0x080260ad   Thumb Code   166  oled_clock.o(i.battery_show)
    battery_update                           0x08026159   Thumb Code   126  main.o(i.battery_update)
    bell_switch                              0x080261e5   Thumb Code   204  main.o(i.bell_switch)
    decrementAlarmValue                      0x080262b9   Thumb Code    82  main.o(i.decrementAlarmValue)
    decrementTimeValue                       0x08026311   Thumb Code   132  main.o(i.decrementTimeValue)
    dequeue                                  0x0802639d   Thumb Code    96  user_queue.o(i.dequeue)
    disableClock                             0x08026551   Thumb Code     8  timer.o(i.disableClock)
    display_day                              0x0802655d   Thumb Code    86  oled_clock.o(i.display_day)
    display_hour                             0x080265b3   Thumb Code    86  oled_clock.o(i.display_hour)
    display_min                              0x08026609   Thumb Code    86  oled_clock.o(i.display_min)
    display_month                            0x0802665f   Thumb Code    86  oled_clock.o(i.display_month)
    display_sec                              0x080266b5   Thumb Code    86  oled_clock.o(i.display_sec)
    display_week                             0x0802670b   Thumb Code    48  oled_clock.o(i.display_week)
    display_year                             0x0802673b   Thumb Code    84  oled_clock.o(i.display_year)
    eTaskConfirmSleepModeStatus              0x08026791   Thumb Code    54  tasks.o(i.eTaskConfirmSleepModeStatus)
    enableClock                              0x080267d1   Thumb Code    26  timer.o(i.enableClock)
    enqueue                                  0x080267f1   Thumb Code    44  user_queue.o(i.enqueue)
    fputc                                    0x0802683d   Thumb Code    40  usart.o(i.fputc)
    getMaxDaysOfMonth                        0x08026869   Thumb Code    42  main.o(i.getMaxDaysOfMonth)
    h_I2C_ReadReceives                       0x080268a1   Thumb Code   510  hi2c.o(i.h_I2C_ReadReceives)
    h_I2C_SendBytes                          0x08026aad   Thumb Code   248  hi2c.o(i.h_I2C_SendBytes)
    handleAlarmSettingKey                    0x08026bb1   Thumb Code   126  main.o(i.handleAlarmSettingKey)
    handleKeyPress                           0x08026c79   Thumb Code   636  main.o(i.handleKeyPress)
    handleTimeSettingKey                     0x08026ef9   Thumb Code   130  main.o(i.handleTimeSettingKey)
    hi2c_init                                0x08026fd1   Thumb Code   126  hi2c.o(i.hi2c_init)
    incrementAlarmValue                      0x0802705d   Thumb Code   102  main.o(i.incrementAlarmValue)
    incrementTimeValue                       0x080270c9   Thumb Code   162  main.o(i.incrementTimeValue)
    initQueue                                0x08027175   Thumb Code    28  user_queue.o(i.initQueue)
    isLeapYear                               0x08027191   Thumb Code    38  main.o(i.isLeapYear)
    isQueueEmpty                             0x080271b7   Thumb Code    14  user_queue.o(i.isQueueEmpty)
    isQueueFull                              0x080271c5   Thumb Code    14  user_queue.o(i.isQueueFull)
    is_digit_char                            0x080271d3   Thumb Code    14  ds3231.o(i.is_digit_char)
    main                                     0x080271e1   Thumb Code    26  main.o(i.main)
    mpu6050_init                             0x080271fb   Thumb Code    44  mpu6050.o(i.mpu6050_init)
    parse_app_alarm                          0x08027353   Thumb Code   174  ds3231.o(i.parse_app_alarm)
    parse_app_time                           0x08027401   Thumb Code   390  ds3231.o(i.parse_app_time)
    power_switch_init                        0x08027589   Thumb Code    92  key.o(i.power_switch_init)
    pvPortMalloc                             0x08027fa1   Thumb Code   172  heap_4.o(i.pvPortMalloc)
    pvTaskIncrementMutexHeldCount            0x08028051   Thumb Code    16  tasks.o(i.pvTaskIncrementMutexHeldCount)
    pxPortInitialiseStack                    0x08028065   Thumb Code    30  port.o(i.pxPortInitialiseStack)
    saveAlarmSettings                        0x08028089   Thumb Code    74  main.o(i.saveAlarmSettings)
    saveTimeSettings                         0x08028149   Thumb Code    98  main.o(i.saveTimeSettings)
    sensor_Hander                            0x08028211   Thumb Code   144  main.o(i.sensor_Hander)
    show_bme280_time                         0x080282ad   Thumb Code   138  oled_clock.o(i.show_bme280_time)
    show_step                                0x08028341   Thumb Code   148  oled_clock.o(i.show_step)
    show_time                                0x080283e1   Thumb Code   162  oled_clock.o(i.show_time)
    show_timer                               0x08028485   Thumb Code   102  timer.o(i.show_timer)
    sleep_timer_callback                     0x080284f1   Thumb Code    38  key.o(i.sleep_timer_callback)
    stopwatch                                0x08028521   Thumb Code    62  main.o(i.stopwatch)
    task_init                                0x08028565   Thumb Code   132  main.o(i.task_init)
    task_key                                 0x080285ed   Thumb Code    74  main.o(i.task_key)
    task_ota_display                         0x0802864d   Thumb Code   222  main.o(i.task_ota_display)
    task_ring_battery                        0x08028731   Thumb Code    74  main.o(i.task_ring_battery)
    task_step_detect                         0x0802877d   Thumb Code   146  main.o(i.task_step_detect)
    task_time                                0x08028815   Thumb Code   290  main.o(i.task_time)
    timer_loop                               0x08028941   Thumb Code    96  timer.o(i.timer_loop)
    ulTaskGenericNotifyTake                  0x080289a5   Thumb Code   146  tasks.o(i.ulTaskGenericNotifyTake)
    updateAlarmDisplay                       0x08028a41   Thumb Code   194  main.o(i.updateAlarmDisplay)
    updateTimeDisplay                        0x08028b49   Thumb Code   186  main.o(i.updateTimeDisplay)
    uxListRemove                             0x08028c39   Thumb Code    36  list.o(i.uxListRemove)
    uxTaskGetNumberOfTasks                   0x08028c5d   Thumb Code     6  tasks.o(i.uxTaskGetNumberOfTasks)
    vAlarmBlinkTimerCallback                 0x08028c69   Thumb Code    42  main.o(i.vAlarmBlinkTimerCallback)
    vBlinkTimerCallback                      0x08028c99   Thumb Code    42  main.o(i.vBlinkTimerCallback)
    vListInitialise                          0x08028cc9   Thumb Code    22  list.o(i.vListInitialise)
    vListInitialiseItem                      0x08028cdf   Thumb Code     6  list.o(i.vListInitialiseItem)
    vListInsert                              0x08028ce5   Thumb Code    48  list.o(i.vListInsert)
    vListInsertEnd                           0x08028d15   Thumb Code    24  list.o(i.vListInsertEnd)
    vPortEnterCritical                       0x08028d2d   Thumb Code    24  port.o(i.vPortEnterCritical)
    vPortExitCritical                        0x08028d49   Thumb Code    18  port.o(i.vPortExitCritical)
    vPortFree                                0x08028d61   Thumb Code    64  heap_4.o(i.vPortFree)
    vPortSetupTimerInterrupt                 0x08028da5   Thumb Code    42  port.o(i.vPortSetupTimerInterrupt)
    vPortSuppressTicksAndSleep               0x08028dd9   Thumb Code   208  port.o(i.vPortSuppressTicksAndSleep)
    vQueueWaitForMessageRestricted           0x08028eb1   Thumb Code    70  queue.o(i.vQueueWaitForMessageRestricted)
    vTaskDelay                               0x08028ef9   Thumb Code    48  tasks.o(i.vTaskDelay)
    vTaskDelete                              0x08028f2d   Thumb Code   156  tasks.o(i.vTaskDelete)
    vTaskGenericNotifyGiveFromISR            0x08028fd9   Thumb Code   226  tasks.o(i.vTaskGenericNotifyGiveFromISR)
    vTaskInternalSetTimeOutState             0x080290c5   Thumb Code    12  tasks.o(i.vTaskInternalSetTimeOutState)
    vTaskMissedYield                         0x080290d5   Thumb Code     8  tasks.o(i.vTaskMissedYield)
    vTaskPlaceOnEventList                    0x080290e1   Thumb Code    26  tasks.o(i.vTaskPlaceOnEventList)
    vTaskPlaceOnEventListRestricted          0x08029101   Thumb Code    62  tasks.o(i.vTaskPlaceOnEventListRestricted)
    vTaskPriorityDisinheritAfterTimeout      0x08029145   Thumb Code   148  tasks.o(i.vTaskPriorityDisinheritAfterTimeout)
    vTaskRemoveFromUnorderedEventList        0x080291e1   Thumb Code   162  tasks.o(i.vTaskRemoveFromUnorderedEventList)
    vTaskStartScheduler                      0x0802928d   Thumb Code    56  tasks.o(i.vTaskStartScheduler)
    vTaskStepTick                            0x080292c9   Thumb Code    40  tasks.o(i.vTaskStepTick)
    vTaskSuspendAll                          0x080292f5   Thumb Code    10  tasks.o(i.vTaskSuspendAll)
    vTaskSwitchContext                       0x08029305   Thumb Code    70  tasks.o(i.vTaskSwitchContext)
    xEventGroupClearBits                     0x08029355   Thumb Code    26  event_groups.o(i.xEventGroupClearBits)
    xEventGroupCreate                        0x0802936f   Thumb Code    26  event_groups.o(i.xEventGroupCreate)
    xEventGroupSetBits                       0x08029389   Thumb Code   118  event_groups.o(i.xEventGroupSetBits)
    xPortStartScheduler                      0x08029401   Thumb Code    52  port.o(i.xPortStartScheduler)
    xQueueAddToSet                           0x08029441   Thumb Code    38  queue.o(i.xQueueAddToSet)
    xQueueCreateMutex                        0x08029467   Thumb Code    24  queue.o(i.xQueueCreateMutex)
    xQueueCreateSet                          0x0802947f   Thumb Code     8  queue.o(i.xQueueCreateSet)
    xQueueGenericCreate                      0x08029487   Thumb Code    64  queue.o(i.xQueueGenericCreate)
    xQueueGenericReset                       0x080294c9   Thumb Code   142  queue.o(i.xQueueGenericReset)
    xQueueGenericSend                        0x0802955d   Thumb Code   282  queue.o(i.xQueueGenericSend)
    xQueueGenericSendFromISR                 0x0802967d   Thumb Code   152  queue.o(i.xQueueGenericSendFromISR)
    xQueueGiveFromISR                        0x08029715   Thumb Code   124  queue.o(i.xQueueGiveFromISR)
    xQueueReceive                            0x08029791   Thumb Code   236  queue.o(i.xQueueReceive)
    xQueueSelectFromSet                      0x08029881   Thumb Code    18  queue.o(i.xQueueSelectFromSet)
    xQueueSemaphoreTake                      0x08029895   Thumb Code   286  queue.o(i.xQueueSemaphoreTake)
    xTaskCheckForTimeOut                     0x080299b9   Thumb Code    84  tasks.o(i.xTaskCheckForTimeOut)
    xTaskCreate                              0x08029a11   Thumb Code    30  tasks.o(i.xTaskCreate)
    xTaskDelayUntil                          0x08029a31   Thumb Code    84  tasks.o(i.xTaskDelayUntil)
    xTaskGenericNotify                       0x08029a8d   Thumb Code   240  tasks.o(i.xTaskGenericNotify)
    xTaskGenericNotifyFromISR                0x08029b89   Thumb Code   332  tasks.o(i.xTaskGenericNotifyFromISR)
    xTaskGenericNotifyWait                   0x08029cdd   Thumb Code   180  tasks.o(i.xTaskGenericNotifyWait)
    xTaskGetSchedulerState                   0x08029d99   Thumb Code    24  tasks.o(i.xTaskGetSchedulerState)
    xTaskGetTickCount                        0x08029db5   Thumb Code     6  tasks.o(i.xTaskGetTickCount)
    xTaskGetTickCountFromISR                 0x08029dc1   Thumb Code     6  tasks.o(i.xTaskGetTickCountFromISR)
    xTaskIncrementTick                       0x08029dcd   Thumb Code   278  tasks.o(i.xTaskIncrementTick)
    xTaskPriorityDisinherit                  0x08029eed   Thumb Code   132  tasks.o(i.xTaskPriorityDisinherit)
    xTaskPriorityInherit                     0x08029f79   Thumb Code   172  tasks.o(i.xTaskPriorityInherit)
    xTaskRemoveFromEventList                 0x0802a02d   Thumb Code   200  tasks.o(i.xTaskRemoveFromEventList)
    xTaskResumeAll                           0x0802a0fd   Thumb Code   286  tasks.o(i.xTaskResumeAll)
    xTimerCreate                             0x0802a229   Thumb Code    52  timers.o(i.xTimerCreate)
    xTimerCreateTimerTask                    0x0802a25d   Thumb Code    44  timers.o(i.xTimerCreateTimerTask)
    xTimerGenericCommandFromISR              0x0802a299   Thumb Code    40  timers.o(i.xTimerGenericCommandFromISR)
    xTimerGenericCommandFromTask             0x0802a2c5   Thumb Code    62  timers.o(i.xTimerGenericCommandFromTask)
    zero_timer                               0x0802a309   Thumb Code    12  timer.o(i.zero_timer)
    OLED_F8x16                               0x0802a328   Data        1520  oled_data.o(.constdata)
    OLED_F12x24                              0x0802a918   Data        3420  oled_data.o(.constdata)
    OLED_F6x8                                0x0802b674   Data         570  oled_data.o(.constdata)
    OLED_CF16x16                             0x0802b8ae   Data         407  oled_data.o(.constdata)
    battery                                  0x0802ba45   Data          32  oled_data.o(.constdata)
    sd_t                                     0x0802ba65   Data         228  oled_data.o(.constdata)
    temperature                              0x0802bb49   Data          22  oled_data.o(.constdata)
    alalrm_data                              0x0802bb5f   Data          32  oled_data.o(.constdata)
    Region$$Table$$Base                      0x0802bb94   Number         0  anon$$obj.o(Region$$Table)
    Region$$Table$$Limit                     0x0802bbb4   Number         0  anon$$obj.o(Region$$Table)
    mode                                     0x20000011   Data           1  main.o(.data)
    last_second                              0x20000012   Data           1  main.o(.data)
    set_run                                  0x20000013   Data           1  main.o(.data)
    set_bell                                 0x20000014   Data           1  main.o(.data)
    set_time                                 0x20000015   Data           1  main.o(.data)
    set_shift                                0x20000016   Data           1  main.o(.data)
    set_shift_bell                           0x20000017   Data           1  main.o(.data)
    bell_data                                0x20000028   Data           4  main.o(.data)
    xGlobalMutex                             0x20000050   Data           4  main.o(.data)
    sem_init                                 0x20000054   Data           4  main.o(.data)
    xAlarmSemaphore                          0x20000058   Data           4  main.o(.data)
    xI2CMutex                                0x2000005c   Data           4  main.o(.data)
    xStepSemaphore                           0x20000060   Data           4  main.o(.data)
    key_mode_queue                           0x20000064   Data           4  main.o(.data)
    key_alarm_queue                          0x20000068   Data           4  main.o(.data)
    key_timeMode_queue                       0x2000006c   Data           4  main.o(.data)
    key_stopwatch_queue                      0x20000070   Data           4  main.o(.data)
    step_queue                               0x20000074   Data           4  main.o(.data)
    mpu6050_queue                            0x20000078   Data           4  main.o(.data)
    time_alarm_queue_set                     0x2000007c   Data           4  main.o(.data)
    task_init_handle                         0x20000080   Data           4  main.o(.data)
    task_key_handle                          0x20000084   Data           4  main.o(.data)
    task_time_handle                         0x20000088   Data           4  main.o(.data)
    SetTime_handle                           0x2000008c   Data           4  main.o(.data)
    task_ring_battery_handle                 0x20000090   Data           4  main.o(.data)
    task_step_handle                         0x20000094   Data           4  main.o(.data)
    task_ota_display_handle                  0x20000098   Data           4  main.o(.data)
    max30102_int_triggered                   0x200000b0   Data           1  max30102.o(.data)
    pxCurrentTCB                             0x200000e0   Data           4  tasks.o(.data)
    adc_ready_buffer                         0x20000160   Data           4  adc_battery.o(.data)
    adc_ready_count                          0x20000164   Data           2  adc_battery.o(.data)
    EXTI_IRQ_KEY                             0x20000168   Data           1  key.o(.data)
    KeyPressed                               0x20000169   Data           1  key.o(.data)
    Sleep_switch                             0x2000016c   Data           4  key.o(.data)
    is_wrist_lifted                          0x20000173   Data           1  mpu6050.o(.data)
    step_numbers                             0x20000174   Data           2  mpu6050.o(.data)
    pitch                                    0x200001b0   Data           4  mpu6050.o(.data)
    roll                                     0x200001b4   Data           4  mpu6050.o(.data)
    yaw                                      0x200001b8   Data           4  mpu6050.o(.data)
    start_flag                               0x200001bc   Data           1  timer.o(.data)
    zero_flag                                0x200001bd   Data           1  timer.o(.data)
    update_flag                              0x200001be   Data           1  timer.o(.data)
    m                                        0x200001bf   Data           1  timer.o(.data)
    s                                        0x200001c0   Data           1  timer.o(.data)
    ms                                       0x200001c1   Data           1  timer.o(.data)
    tim_PeriodNum                            0x200001c2   Data           1  timer.o(.data)
    timestamp                                0x200001c4   Data           2  timer.o(.data)
    __stdout                                 0x200001c8   Data           4  stdout.o(.data)
    time_data                                0x200001d0   Data          14  main.o(.bss)
    calendar                                 0x200001de   Data          10  main.o(.bss)
    bme280_data                              0x200001e8   Data          20  main.o(.bss)
    adc_buffer                               0x2000a5e8   Data          60  adc_battery.o(.bss)
    adc_buffer_b                             0x2000a624   Data          60  adc_battery.o(.bss)
    calib                                    0x2000a660   Data          40  bme280.o(.bss)
    OLED_DisplayBuf                          0x2000a688   Data        1024  oled.o(.bss)
    __initial_sp                             0x2000b688   Data           0  startup_stm32f411xe.o(STACK)



==============================================================================

Memory Map of the image

  Image Entry point : 0x08020199

  Load Region LR_IROM1 (Base: 0x08020000, Size: 0x0000bd84, Max: 0x00020000, ABSOLUTE, COMPRESSED[0x0000bbe0])

    Execution Region ER_IROM1 (Exec base: 0x08020000, Load base: 0x08020000, Size: 0x0000bbb4, Max: 0x00020000, ABSOLUTE)

    Exec Addr    Load Addr    Size         Type   Attr      Idx    E Section Name        Object

    0x08020000   0x08020000   0x00000198   Data   RO         4843    RESET               startup_stm32f411xe.o
    0x08020198   0x08020198   0x00000000   Code   RO         8603  * .ARM.Collect$$$$00000000  mc_w.l(entry.o)
    0x08020198   0x08020198   0x00000004   Code   RO         8956    .ARM.Collect$$$$00000001  mc_w.l(entry2.o)
    0x0802019c   0x0802019c   0x00000004   Code   RO         8959    .ARM.Collect$$$$00000004  mc_w.l(entry5.o)
    0x080201a0   0x080201a0   0x00000000   Code   RO         8961    .ARM.Collect$$$$00000008  mc_w.l(entry7b.o)
    0x080201a0   0x080201a0   0x00000000   Code   RO         8963    .ARM.Collect$$$$0000000A  mc_w.l(entry8b.o)
    0x080201a0   0x080201a0   0x00000008   Code   RO         8964    .ARM.Collect$$$$0000000B  mc_w.l(entry9a.o)
    0x080201a8   0x080201a8   0x00000000   Code   RO         8966    .ARM.Collect$$$$0000000D  mc_w.l(entry10a.o)
    0x080201a8   0x080201a8   0x00000000   Code   RO         8968    .ARM.Collect$$$$0000000F  mc_w.l(entry11a.o)
    0x080201a8   0x080201a8   0x00000004   Code   RO         8957    .ARM.Collect$$$$00002712  mc_w.l(entry2.o)
    0x080201ac   0x080201ac   0x000000be   Code   RO         5940    .emb_text           port.o
    0x0802026a   0x0802026a   0x00000002   PAD
    0x0802026c   0x0802026c   0x00000024   Code   RO         4844    .text               startup_stm32f411xe.o
    0x08020290   0x08020290   0x00000062   Code   RO         8606    .text               mc_w.l(uldiv.o)
    0x080202f2   0x080202f2   0x00000024   Code   RO         8608    .text               mc_w.l(memcpya.o)
    0x08020316   0x08020316   0x00000024   Code   RO         8610    .text               mc_w.l(memseta.o)
    0x0802033a   0x0802033a   0x00000018   Code   RO         8612    .text               mc_w.l(strncpy.o)
    0x08020352   0x08020352   0x0000001c   Code   RO         8616    .text               mc_w.l(strcmp.o)
    0x0802036e   0x0802036e   0x0000014e   Code   RO         8883    .text               mf_w.l(dadd.o)
    0x080204bc   0x080204bc   0x000000e4   Code   RO         8885    .text               mf_w.l(dmul.o)
    0x080205a0   0x080205a0   0x000000de   Code   RO         8887    .text               mf_w.l(ddiv.o)
    0x0802067e   0x0802067e   0x00000022   Code   RO         8891    .text               mf_w.l(dflti.o)
    0x080206a0   0x080206a0   0x0000001a   Code   RO         8893    .text               mf_w.l(dfltui.o)
    0x080206ba   0x080206ba   0x0000003e   Code   RO         8895    .text               mf_w.l(dfixi.o)
    0x080206f8   0x080206f8   0x00000030   Code   RO         8899    .text               mf_w.l(cdcmple.o)
    0x08020728   0x08020728   0x00000030   Code   RO         8901    .text               mf_w.l(cdrcmple.o)
    0x08020758   0x08020758   0x00000038   Code   RO         8903    .text               mf_w.l(d2f.o)
    0x08020790   0x08020790   0x0000002c   Code   RO         8971    .text               mc_w.l(uidiv.o)
    0x080207bc   0x080207bc   0x0000001e   Code   RO         8973    .text               mc_w.l(llshl.o)
    0x080207da   0x080207da   0x00000020   Code   RO         8975    .text               mc_w.l(llushr.o)
    0x080207fa   0x080207fa   0x00000024   Code   RO         8977    .text               mc_w.l(llsshr.o)
    0x0802081e   0x0802081e   0x00000000   Code   RO         8986    .text               mc_w.l(iusefp.o)
    0x0802081e   0x0802081e   0x0000006e   Code   RO         8987    .text               mf_w.l(fepilogue.o)
    0x0802088c   0x0802088c   0x000000ba   Code   RO         8989    .text               mf_w.l(depilogue.o)
    0x08020946   0x08020946   0x00000030   Code   RO         8993    .text               mf_w.l(dfixul.o)
    0x08020976   0x08020976   0x00000002   PAD
    0x08020978   0x08020978   0x00000024   Code   RO         8999    .text               mc_w.l(init.o)
    0x0802099c   0x0802099c   0x0000003a   Code   RO         9009    .text               mc_w.l(__dczerorl.o)
    0x080209d6   0x080209d6   0x00000002   PAD
    0x080209d8   0x080209d8   0x000000b8   Code   RO         7465    i.ADC_Battery_Init  adc_battery.o
    0x08020a90   0x08020a90   0x00000018   Code   RO          268    i.ADC_Cmd           stm32f4xx_adc.o
    0x08020aa8   0x08020aa8   0x00000028   Code   RO          269    i.ADC_CommonInit    stm32f4xx_adc.o
    0x08020ad0   0x08020ad0   0x00000018   Code   RO          272    i.ADC_DMACmd        stm32f4xx_adc.o
    0x08020ae8   0x08020ae8   0x00000018   Code   RO          273    i.ADC_DMARequestAfterLastTransferCmd  stm32f4xx_adc.o
    0x08020b00   0x08020b00   0x0000004c   Code   RO          288    i.ADC_Init          stm32f4xx_adc.o
    0x08020b4c   0x08020b4c   0x00000074   Code   RO          293    i.ADC_RegularChannelConfig  stm32f4xx_adc.o
    0x08020bc0   0x08020bc0   0x00000040   Code   RO         7466    i.ADC_Start         adc_battery.o
    0x08020c00   0x08020c00   0x00000098   Code   RO         7467    i.ADC_dma_int       adc_battery.o
    0x08020c98   0x08020c98   0x00000068   Code   RO         5332    i.AppBoot_ConfirmIfTrial  boot_confirm.o
    0x08020d00   0x08020d00   0x00000016   Code   RO         5333    i.AppBoot_EraseMeta  boot_confirm.o
    0x08020d16   0x08020d16   0x00000002   PAD
    0x08020d18   0x08020d18   0x0000004c   Code   RO         5334    i.AppBoot_WriteMeta  boot_confirm.o
    0x08020d64   0x08020d64   0x00000006   Code   RO         4851    i.App_BackgroundWorkPaused  main.o
    0x08020d6a   0x08020d6a   0x00000002   PAD
    0x08020d6c   0x08020d6c   0x00000020   Code   RO         4852    i.App_CanUseOled    main.o
    0x08020d8c   0x08020d8c   0x0000001c   Code   RO         4853    i.App_ClearEventBits  main.o
    0x08020da8   0x08020da8   0x0000005c   Code   RO         4854    i.App_DrainUsart2Dma  main.o
    0x08020e04   0x08020e04   0x00000014   Code   RO         4855    i.App_EventBitsSet  main.o
    0x08020e18   0x08020e18   0x00000006   Code   RO         4856    i.App_InputLocked   main.o
    0x08020e1e   0x08020e1e   0x00000002   PAD
    0x08020e20   0x08020e20   0x0000001c   Code   RO         4857    i.App_NotifyOtaDisplay  main.o
    0x08020e3c   0x08020e3c   0x00000044   Code   RO         4858    i.App_OnOtaStatusChanged  main.o
    0x08020e80   0x08020e80   0x00000190   Code   RO         4859    i.App_OtaAppendStatusLines  main.o
    0x08021010   0x08021010   0x000000a4   Code   RO         4860    i.App_OtaErrorText  main.o
    0x080210b4   0x080210b4   0x00000054   Code   RO         4861    i.App_OtaLogAppend  main.o
    0x08021108   0x08021108   0x00000022   Code   RO         4862    i.App_OtaLogReset   main.o
    0x0802112a   0x0802112a   0x00000040   Code   RO         4863    i.App_OtaRenderLog  main.o
    0x0802116a   0x0802116a   0x00000006   Code   RO         4864    i.App_OtaUiActive   main.o
    0x08021170   0x08021170   0x00000118   Code   RO         4865    i.App_ProcessBleByte  main.o
    0x08021288   0x08021288   0x0000001c   Code   RO         4866    i.App_SetEventBits  main.o
    0x080212a4   0x080212a4   0x0000002c   Code   RO         4867    i.App_SetOtaUiActive  main.o
    0x080212d0   0x080212d0   0x00000012   Code   RO         7578    i.BCD_DEC           ds3231.o
    0x080212e2   0x080212e2   0x00000036   Code   RO         7521    i.BME280_Init       bme280.o
    0x08021318   0x08021318   0x000005a0   Code   RO         7522    i.BME280_Read_All   bme280.o
    0x080218b8   0x080218b8   0x00000114   Code   RO         7523    i.BME280_Read_Calibration  bme280.o
    0x080219cc   0x080219cc   0x00000014   Code   RO         7524    i.BME_POWER_OFF     bme280.o
    0x080219e0   0x080219e0   0x0000000c   Code   RO         7525    i.BME_ReadLen       bme280.o
    0x080219ec   0x080219ec   0x00000016   Code   RO         7526    i.BME_Write         bme280.o
    0x08021a02   0x08021a02   0x00000002   Code   RO          130    i.BusFault_Handler  stm32f4xx_it.o
    0x08021a04   0x08021a04   0x00000016   Code   RO         7579    i.DEC_BCD           ds3231.o
    0x08021a1a   0x08021a1a   0x00000002   PAD
    0x08021a1c   0x08021a1c   0x000000c8   Code   RO         4868    i.DMA1_Stream5_IRQHandler  main.o
    0x08021ae4   0x08021ae4   0x000000dc   Code   RO         4869    i.DMA2_Stream0_IRQHandler  main.o
    0x08021bc0   0x08021bc0   0x0000002c   Code   RO         1299    i.DMA_ClearFlag     stm32f4xx_dma.o
    0x08021bec   0x08021bec   0x0000002c   Code   RO         1300    i.DMA_ClearITPendingBit  stm32f4xx_dma.o
    0x08021c18   0x08021c18   0x00000018   Code   RO         1301    i.DMA_Cmd           stm32f4xx_dma.o
    0x08021c30   0x08021c30   0x0000012c   Code   RO         1302    i.DMA_DeInit        stm32f4xx_dma.o
    0x08021d5c   0x08021d5c   0x00000018   Code   RO         1303    i.DMA_DoubleBufferModeCmd  stm32f4xx_dma.o
    0x08021d74   0x08021d74   0x0000001a   Code   RO         1304    i.DMA_DoubleBufferModeConfig  stm32f4xx_dma.o
    0x08021d8e   0x08021d8e   0x0000000e   Code   RO         1306    i.DMA_GetCmdStatus  stm32f4xx_dma.o
    0x08021d9c   0x08021d9c   0x00000006   Code   RO         1307    i.DMA_GetCurrDataCounter  stm32f4xx_dma.o
    0x08021da2   0x08021da2   0x0000000e   Code   RO         1308    i.DMA_GetCurrentMemoryTarget  stm32f4xx_dma.o
    0x08021db0   0x08021db0   0x00000054   Code   RO         1311    i.DMA_GetITStatus   stm32f4xx_dma.o
    0x08021e04   0x08021e04   0x00000032   Code   RO         1312    i.DMA_ITConfig      stm32f4xx_dma.o
    0x08021e36   0x08021e36   0x00000002   PAD
    0x08021e38   0x08021e38   0x00000054   Code   RO         1313    i.DMA_Init          stm32f4xx_dma.o
    0x08021e8c   0x08021e8c   0x00000022   Code   RO         1317    i.DMA_StructInit    stm32f4xx_dma.o
    0x08021eae   0x08021eae   0x00000048   Code   RO         7580    i.DS3231_ClearAlarmFlag  ds3231.o
    0x08021ef6   0x08021ef6   0x0000006c   Code   RO         7581    i.DS3231_EnableAlarmInterrupt  ds3231.o
    0x08021f62   0x08021f62   0x00000062   Code   RO         7584    i.DS3231_SetAlarm1Daily  ds3231.o
    0x08021fc4   0x08021fc4   0x00000048   Code   RO         7585    i.DS3231_SetAlarm2Daily  ds3231.o
    0x0802200c   0x0802200c   0x00000118   Code   RO         7586    i.DS3231_SetDateTime  ds3231.o
    0x08022124   0x08022124   0x00000070   Code   RO         7587    i.DS3231_getdate    ds3231.o
    0x08022194   0x08022194   0x00000054   Code   RO         7588    i.DS3231_gettime    ds3231.o
    0x080221e8   0x080221e8   0x00000104   Code   RO         7589    i.DS3231_setDate    ds3231.o
    0x080222ec   0x080222ec   0x00000078   Code   RO         7590    i.DS3231_setTime    ds3231.o
    0x08022364   0x08022364   0x00000002   Code   RO          131    i.DebugMon_Handler  stm32f4xx_it.o
    0x08022366   0x08022366   0x00000018   Code   RO         7234    i.EM7028_DelayMs    em7028.o
    0x0802237e   0x0802237e   0x0000001a   Code   RO         7235    i.EM7028_Get_HRS1   em7028.o
    0x08022398   0x08022398   0x00000006   Code   RO         7236    i.EM7028_Get_ID     em7028.o
    0x0802239e   0x0802239e   0x00000002   PAD
    0x080223a0   0x080223a0   0x00000018   Code   RO         7237    i.EM7028_HR_SetEnabled  em7028.o
    0x080223b8   0x080223b8   0x0000001e   Code   RO         7238    i.EM7028_ReadOneReg  em7028.o
    0x080223d6   0x080223d6   0x00000016   Code   RO         7239    i.EM7028_WriteOneReg  em7028.o
    0x080223ec   0x080223ec   0x0000002e   Code   RO         7240    i.EM7028_hrs_DisEnable  em7028.o
    0x0802241a   0x0802241a   0x0000002e   Code   RO         7241    i.EM7028_hrs_Enable  em7028.o
    0x08022448   0x08022448   0x0000004e   Code   RO         7242    i.EM7028_hrs_init   em7028.o
    0x08022496   0x08022496   0x00000002   PAD
    0x08022498   0x08022498   0x00000064   Code   RO         7710    i.EXTI0_IRQHandler  key.o
    0x080224fc   0x080224fc   0x00000048   Code   RO         7711    i.EXTI15_10_IRQHandler  key.o
    0x08022544   0x08022544   0x0000004c   Code   RO         4870    i.EXTI1_IRQHandler  main.o
    0x08022590   0x08022590   0x00000048   Code   RO         4871    i.EXTI4_IRQHandler  main.o
    0x080225d8   0x080225d8   0x0000000c   Code   RO         1587    i.EXTI_ClearFlag    stm32f4xx_exti.o
    0x080225e4   0x080225e4   0x0000000c   Code   RO         1588    i.EXTI_ClearITPendingBit  stm32f4xx_exti.o
    0x080225f0   0x080225f0   0x000000ec   Code   RO         7712    i.EXTI_Configuration  key.o
    0x080226dc   0x080226dc   0x00000014   Code   RO         1592    i.EXTI_GetITStatus  stm32f4xx_exti.o
    0x080226f0   0x080226f0   0x00000074   Code   RO         1593    i.EXTI_Init         stm32f4xx_exti.o
    0x08022764   0x08022764   0x00000024   Code   RO         7713    i.Enter_Standby_Mode  key.o
    0x08022788   0x08022788   0x0000000c   Code   RO         1653    i.FLASH_ClearFlag   stm32f4xx_flash.o
    0x08022794   0x08022794   0x00000020   Code   RO         1654    i.FLASH_DataCacheCmd  stm32f4xx_flash.o
    0x080227b4   0x080227b4   0x00000010   Code   RO         1655    i.FLASH_DataCacheReset  stm32f4xx_flash.o
    0x080227c4   0x080227c4   0x00000070   Code   RO         1659    i.FLASH_EraseSector  stm32f4xx_flash.o
    0x08022834   0x08022834   0x0000003c   Code   RO         1661    i.FLASH_GetStatus   stm32f4xx_flash.o
    0x08022870   0x08022870   0x00000020   Code   RO         1663    i.FLASH_InstructionCacheCmd  stm32f4xx_flash.o
    0x08022890   0x08022890   0x00000010   Code   RO         1664    i.FLASH_InstructionCacheReset  stm32f4xx_flash.o
    0x080228a0   0x080228a0   0x00000010   Code   RO         1665    i.FLASH_Lock        stm32f4xx_flash.o
    0x080228b0   0x080228b0   0x00000038   Code   RO         1686    i.FLASH_ProgramByte  stm32f4xx_flash.o
    0x080228e8   0x080228e8   0x0000003c   Code   RO         1689    i.FLASH_ProgramWord  stm32f4xx_flash.o
    0x08022924   0x08022924   0x00000024   Code   RO         1691    i.FLASH_Unlock      stm32f4xx_flash.o
    0x08022948   0x08022948   0x00000022   Code   RO         1692    i.FLASH_WaitForLastOperation  stm32f4xx_flash.o
    0x0802296a   0x0802296a   0x00000002   PAD
    0x0802296c   0x0802296c   0x00000010   Code   RO         8532    i.FPU_Enable        mcu_debug.o
    0x0802297c   0x0802297c   0x000001d0   Code   RO         4872    i.FreeRTOS_Start    main.o
    0x08022b4c   0x08022b4c   0x0000007c   Code   RO         1963    i.GPIO_Init         stm32f4xx_gpio.o
    0x08022bc8   0x08022bc8   0x00000020   Code   RO         1964    i.GPIO_PinAFConfig  stm32f4xx_gpio.o
    0x08022be8   0x08022be8   0x0000000e   Code   RO         1967    i.GPIO_ReadInputDataBit  stm32f4xx_gpio.o
    0x08022bf6   0x08022bf6   0x00000006   Code   RO         1970    i.GPIO_ResetBits    stm32f4xx_gpio.o
    0x08022bfc   0x08022bfc   0x00000004   Code   RO         1971    i.GPIO_SetBits      stm32f4xx_gpio.o
    0x08022c00   0x08022c00   0x0000000e   Code   RO         1975    i.GPIO_WriteBit     stm32f4xx_gpio.o
    0x08022c0e   0x08022c0e   0x00000002   PAD
    0x08022c10   0x08022c10   0x0000002c   Code   RO         7714    i.GetKeyNum         key.o
    0x08022c3c   0x08022c3c   0x00000030   Code   RO         7392    i.HR_AlgoInit       hralgorythm.o
    0x08022c6c   0x08022c6c   0x000000d0   Code   RO         7393    i.HR_Calculate      hralgorythm.o
    0x08022d3c   0x08022d3c   0x00000030   Code   RO         7243    i.HR_SpO2_AddAverageSample  em7028.o
    0x08022d6c   0x08022d6c   0x00000084   Code   RO         7244    i.HR_SpO2_ApplyMedianFilter  em7028.o
    0x08022df0   0x08022df0   0x0000002c   Code   RO         7245    i.HR_SpO2_ApplyStepLimit  em7028.o
    0x08022e1c   0x08022e1c   0x00000158   Code   RO         7246    i.HR_SpO2_Hander    em7028.o
    0x08022f74   0x08022f74   0x00000014   Code   RO         7247    i.HR_SpO2_ResetAverageWindow  em7028.o
    0x08022f88   0x08022f88   0x00000020   Code   RO         7248    i.HR_SpO2_ResetMedianWindow  em7028.o
    0x08022fa8   0x08022fa8   0x00000020   Code   RO         7249    i.HR_SpO2_ResetState  em7028.o
    0x08022fc8   0x08022fc8   0x0000001a   Code   RO         7250    i.HR_SpO2_ShowHrOnly  em7028.o
    0x08022fe2   0x08022fe2   0x00000002   PAD
    0x08022fe4   0x08022fe4   0x00000058   Code   RO         7251    i.HR_SpO2_TryGetAverageHr  em7028.o
    0x0802303c   0x0802303c   0x00000020   Code   RO         7252    i.HR_SpO2_UpdateDisplayedHr  em7028.o
    0x0802305c   0x0802305c   0x000000c4   Code   RO         8177    i.HR_SpO2_showm     oled_clock.o
    0x08023120   0x08023120   0x00000002   Code   RO          132    i.HardFault_Handler  stm32f4xx_it.o
    0x08023122   0x08023122   0x00000026   Code   RO         7394    i.Hr_Ave_Filter     hralgorythm.o
    0x08023148   0x08023148   0x00000018   Code   RO         2065    i.I2C_AcknowledgeConfig  stm32f4xx_i2c.o
    0x08023160   0x08023160   0x00000006   Code   RO         2069    i.I2C_ClearFlag     stm32f4xx_i2c.o
    0x08023166   0x08023166   0x00000018   Code   RO         2071    i.I2C_Cmd           stm32f4xx_i2c.o
    0x0802317e   0x0802317e   0x00000018   Code   RO         2079    i.I2C_GenerateSTART  stm32f4xx_i2c.o
    0x08023196   0x08023196   0x00000018   Code   RO         2080    i.I2C_GenerateSTOP  stm32f4xx_i2c.o
    0x080231ae   0x080231ae   0x00000032   Code   RO         2081    i.I2C_GetFlagStatus  stm32f4xx_i2c.o
    0x080231e0   0x080231e0   0x000000bc   Code   RO         2086    i.I2C_Init          stm32f4xx_i2c.o
    0x0802329c   0x0802329c   0x00000010   Code   RO         2090    i.I2C_ReadRegister  stm32f4xx_i2c.o
    0x080232ac   0x080232ac   0x00000006   Code   RO         2091    i.I2C_ReceiveData   stm32f4xx_i2c.o
    0x080232b2   0x080232b2   0x00000004   Code   RO         2094    i.I2C_SendData      stm32f4xx_i2c.o
    0x080232b6   0x080232b6   0x0000000c   Code   RO         7591    i.IIC_DS3231_ByteRead  ds3231.o
    0x080232c2   0x080232c2   0x00000016   Code   RO         7592    i.IIC_DS3231_ByteWrite  ds3231.o
    0x080232d8   0x080232d8   0x000000a0   Code   RO         7715    i.Key_Init          key.o
    0x08023378   0x08023378   0x00000014   Code   RO         7716    i.Key_SetSleepLock  key.o
    0x0802338c   0x0802338c   0x00000010   Code   RO         4873    i.LED_Switch        main.o
    0x0802339c   0x0802339c   0x00000034   Code   RO         4874    i.LED_init          main.o
    0x080233d0   0x080233d0   0x000000ac   Code   RO         7835    i.MPU6050_Proc      mpu6050.o
    0x0802347c   0x0802347c   0x00000014   Code   RO         7836    i.MPU6050_SetWakeLock  mpu6050.o
    0x08023490   0x08023490   0x00000002   Code   RO          133    i.MemManage_Handler  stm32f4xx_it.o
    0x08023492   0x08023492   0x00000002   PAD
    0x08023494   0x08023494   0x00000034   Code   RO         7796    i.Motor_GPIO_Init   motor.o
    0x080234c8   0x080234c8   0x00000010   Code   RO         7797    i.Motor_GPIO_ON     motor.o
    0x080234d8   0x080234d8   0x00000010   Code   RO         7798    i.Motor_GPIO_off    motor.o
    0x080234e8   0x080234e8   0x0000005c   Code   RO         4875    i.Motor_alarm       main.o
    0x08023544   0x08023544   0x00000002   Code   RO          134    i.NMI_Handler       stm32f4xx_it.o
    0x08023546   0x08023546   0x00000042   Code   RO         8440    i.NVIC_Configuration  usart.o
    0x08023588   0x08023588   0x00000068   Code   RO          191    i.NVIC_Init         misc.o
    0x080235f0   0x080235f0   0x00000014   Code   RO          192    i.NVIC_PriorityGroupConfig  misc.o
    0x08023604   0x08023604   0x0000002a   Code   RO         7468    i.NVIC_adc_Configuration  adc_battery.o
    0x0802362e   0x0802362e   0x00000002   PAD
    0x08023630   0x08023630   0x00000028   Code   RO         7943    i.OLED_Clear        oled.o
    0x08023658   0x08023658   0x0000005c   Code   RO         7944    i.OLED_ClearArea    oled.o
    0x080236b4   0x080236b4   0x00000098   Code   RO         7956    i.OLED_Init         oled.o
    0x0802374c   0x0802374c   0x00000010   Code   RO         7958    i.OLED_Pow          oled.o
    0x0802375c   0x0802375c   0x00000022   Code   RO         7962    i.OLED_SetCursor    oled.o
    0x0802377e   0x0802377e   0x00000002   PAD
    0x08023780   0x08023780   0x0000005c   Code   RO         7964    i.OLED_ShowChar     oled.o
    0x080237dc   0x080237dc   0x000000b4   Code   RO         7967    i.OLED_ShowImage    oled.o
    0x08023890   0x08023890   0x00000048   Code   RO         7968    i.OLED_ShowNum      oled.o
    0x080238d8   0x080238d8   0x00000188   Code   RO         7970    i.OLED_ShowString   oled.o
    0x08023a60   0x08023a60   0x00000028   Code   RO         7971    i.OLED_Update       oled.o
    0x08023a88   0x08023a88   0x00000016   Code   RO         5889    i.OLED_WriteCommand  hi2c.o
    0x08023a9e   0x08023a9e   0x00000002   PAD
    0x08023aa0   0x08023aa0   0x00000158   Code   RO         5890    i.OLED_WriteData    hi2c.o
    0x08023bf8   0x08023bf8   0x00000034   Code   RO         5372    i.Ota_BeginCollect  ota_update.o
    0x08023c2c   0x08023c2c   0x00000022   Code   RO         5373    i.Ota_CalcPercent   ota_update.o
    0x08023c4e   0x08023c4e   0x00000002   PAD
    0x08023c50   0x08023c50   0x00000034   Code   RO         5374    i.Ota_Crc32Bytes    ota_update.o
    0x08023c84   0x08023c84   0x00000034   Code   RO         5375    i.Ota_Crc32Flash    ota_update.o
    0x08023cb8   0x08023cb8   0x0000001c   Code   RO         5376    i.Ota_CurrentAckType  ota_update.o
    0x08023cd4   0x08023cd4   0x00000024   Code   RO         5377    i.Ota_DataFrameIsDuplicate  ota_update.o
    0x08023cf8   0x08023cf8   0x0000003c   Code   RO         5378    i.Ota_DownloadVectorIsValid  ota_update.o
    0x08023d34   0x08023d34   0x0000002a   Code   RO         5379    i.Ota_EraseDownloadArea  ota_update.o
    0x08023d5e   0x08023d5e   0x00000014   Code   RO         5380    i.Ota_FailAndReset  ota_update.o
    0x08023d72   0x08023d72   0x00000026   Code   RO         5381    i.Ota_FlushFlashCache  ota_update.o
    0x08023d98   0x08023d98   0x00000044   Code   RO         5382    i.Ota_GetConfirmedVersion  ota_update.o
    0x08023ddc   0x08023ddc   0x000000f8   Code   RO         5383    i.Ota_HandleDataFrame  ota_update.o
    0x08023ed4   0x08023ed4   0x000000ec   Code   RO         5384    i.Ota_HandleEndFrame  ota_update.o
    0x08023fc0   0x08023fc0   0x0000010c   Code   RO         5385    i.Ota_HandleStartFrame  ota_update.o
    0x080240cc   0x080240cc   0x00000020   Code   RO         5386    i.Ota_PrepareForNextFrame  ota_update.o
    0x080240ec   0x080240ec   0x0000000a   Code   RO         5387    i.Ota_ReadLe16      ota_update.o
    0x080240f6   0x080240f6   0x00000016   Code   RO         5388    i.Ota_ReadLe32      ota_update.o
    0x0802410c   0x0802410c   0x00000030   Code   RO         5389    i.Ota_ResetContext  ota_update.o
    0x0802413c   0x0802413c   0x00000098   Code   RO         5390    i.Ota_SendAck       ota_update.o
    0x080241d4   0x080241d4   0x0000005c   Code   RO         5391    i.Ota_SetUiState    ota_update.o
    0x08024230   0x08024230   0x0000001c   Code   RO         5392    i.Ota_UpdateCaptureResetCause  ota_update.o
    0x0802424c   0x0802424c   0x0000000c   Code   RO         5393    i.Ota_UpdateDisplayActive  ota_update.o
    0x08024258   0x08024258   0x00000022   Code   RO         5394    i.Ota_UpdateFeedBuffer  ota_update.o
    0x0802427a   0x0802427a   0x00000002   PAD
    0x0802427c   0x0802427c   0x0000016c   Code   RO         5395    i.Ota_UpdateFeedByte  ota_update.o
    0x080243e8   0x080243e8   0x0000000c   Code   RO         5396    i.Ota_UpdateGetResetCsr  ota_update.o
    0x080243f4   0x080243f4   0x00000014   Code   RO         5397    i.Ota_UpdateGetStatus  ota_update.o
    0x08024408   0x08024408   0x00000018   Code   RO         5399    i.Ota_UpdateInProgress  ota_update.o
    0x08024420   0x08024420   0x00000010   Code   RO         5400    i.Ota_UpdateOnUartRxDrop  ota_update.o
    0x08024430   0x08024430   0x00000074   Code   RO         5401    i.Ota_UpdatePoll    ota_update.o
    0x080244a4   0x080244a4   0x0000000c   Code   RO         5402    i.Ota_UpdateRegisterStatusCallback  ota_update.o
    0x080244b0   0x080244b0   0x00000006   Code   RO         5403    i.Ota_UpdateReset   ota_update.o
    0x080244b6   0x080244b6   0x00000002   PAD
    0x080244b8   0x080244b8   0x00000090   Code   RO         5404    i.Ota_WriteBootMeta  ota_update.o
    0x08024548   0x08024548   0x0000004c   Code   RO         5405    i.Ota_WriteDownloadBytes  ota_update.o
    0x08024594   0x08024594   0x00000008   Code   RO         5406    i.Ota_WriteLe16     ota_update.o
    0x0802459c   0x0802459c   0x00000010   Code   RO         5407    i.Ota_WriteLe32     ota_update.o
    0x080245ac   0x080245ac   0x00000010   Code   RO         2570    i.PWR_ClearFlag     stm32f4xx_pwr.o
    0x080245bc   0x080245bc   0x00000020   Code   RO         2572    i.PWR_EnterSTANDBYMode  stm32f4xx_pwr.o
    0x080245dc   0x080245dc   0x00000014   Code   RO         2576    i.PWR_GetFlagStatus  stm32f4xx_pwr.o
    0x080245f0   0x080245f0   0x0000000c   Code   RO         2585    i.PWR_WakeUpPinCmd  stm32f4xx_pwr.o
    0x080245fc   0x080245fc   0x0000001c   Code   RO         2715    i.RCC_AHB1PeriphClockCmd  stm32f4xx_rcc.o
    0x08024618   0x08024618   0x0000001c   Code   RO         2721    i.RCC_APB1PeriphClockCmd  stm32f4xx_rcc.o
    0x08024634   0x08024634   0x0000001c   Code   RO         2724    i.RCC_APB2PeriphClockCmd  stm32f4xx_rcc.o
    0x08024650   0x08024650   0x000000a0   Code   RO         2733    i.RCC_GetClocksFreq  stm32f4xx_rcc.o
    0x080246f0   0x080246f0   0x0000002c   Code   RO         3963    i.SYSCFG_EXTILineConfig  stm32f4xx_syscfg.o
    0x0802471c   0x0802471c   0x00000074   Code   RO            4    i.SetSysClock       system_stm32f4xx.o
    0x08024790   0x08024790   0x00000538   Code   RO         4876    i.SetTimeAlarm_Hander  main.o
    0x08024cc8   0x08024cc8   0x0000002c   Code   RO         5941    i.SysTick_Handler   port.o
    0x08024cf4   0x08024cf4   0x0000005c   Code   RO            6    i.SystemInit        system_stm32f4xx.o
    0x08024d50   0x08024d50   0x00000044   Code   RO         4877    i.TIM2_IRQHandler   main.o
    0x08024d94   0x08024d94   0x0000005e   Code   RO         8342    i.TIM2_Int_Init     timer.o
    0x08024df2   0x08024df2   0x00000002   PAD
    0x08024df4   0x08024df4   0x00000034   Code   RO         8343    i.TIM3_IRQHandler   timer.o
    0x08024e28   0x08024e28   0x00000054   Code   RO         8344    i.TIM3_Int_Init     timer.o
    0x08024e7c   0x08024e7c   0x00000006   Code   RO         4031    i.TIM_ClearITPendingBit  stm32f4xx_tim.o
    0x08024e82   0x08024e82   0x00000018   Code   RO         4036    i.TIM_Cmd           stm32f4xx_tim.o
    0x08024e9a   0x08024e9a   0x00000018   Code   RO         4057    i.TIM_GetITStatus   stm32f4xx_tim.o
    0x08024eb2   0x08024eb2   0x00000014   Code   RO         4061    i.TIM_ITConfig      stm32f4xx_tim.o
    0x08024ec6   0x08024ec6   0x00000002   PAD
    0x08024ec8   0x08024ec8   0x00000064   Code   RO         4080    i.TIM_OC4Init       stm32f4xx_tim.o
    0x08024f2c   0x08024f2c   0x00000014   Code   RO         4083    i.TIM_OCStructInit  stm32f4xx_tim.o
    0x08024f40   0x08024f40   0x0000007c   Code   RO         4108    i.TIM_TimeBaseInit  stm32f4xx_tim.o
    0x08024fbc   0x08024fbc   0x00000078   Code   RO         4878    i.USART2_IRQHandler  main.o
    0x08025034   0x08025034   0x00000018   Code   RO         4590    i.USART_Cmd         stm32f4xx_usart.o
    0x0802504c   0x0802504c   0x000000c4   Code   RO         8441    i.USART_Config      usart.o
    0x08025110   0x08025110   0x00000014   Code   RO         4591    i.USART_DMACmd      stm32f4xx_usart.o
    0x08025124   0x08025124   0x0000000e   Code   RO         4593    i.USART_GetFlagStatus  stm32f4xx_usart.o
    0x08025132   0x08025132   0x00000040   Code   RO         4594    i.USART_GetITStatus  stm32f4xx_usart.o
    0x08025172   0x08025172   0x00000036   Code   RO         4596    i.USART_ITConfig    stm32f4xx_usart.o
    0x080251a8   0x080251a8   0x000000bc   Code   RO         4597    i.USART_Init        stm32f4xx_usart.o
    0x08025264   0x08025264   0x000000b4   Code   RO         8442    i.USART_RxDmaConfig  usart.o
    0x08025318   0x08025318   0x00000008   Code   RO         4607    i.USART_SendData    stm32f4xx_usart.o
    0x08025320   0x08025320   0x00000002   Code   RO          135    i.UsageFault_Handler  stm32f4xx_it.o
    0x08025322   0x08025322   0x00000002   PAD
    0x08025324   0x08025324   0x0000001c   Code   RO         8443    i.Usart_RxDmaGetWriteIndex  usart.o
    0x08025340   0x08025340   0x00000070   Code   RO         8444    i.Usart_RxDmaRead   usart.o
    0x080253b0   0x080253b0   0x00000018   Code   RO         8446    i.Usart_SendByte    usart.o
    0x080253c8   0x080253c8   0x00000020   Code   RO         8855    i.__0printf         mc_w.l(printfa.o)
    0x080253e8   0x080253e8   0x00000028   Code   RO         8857    i.__0sprintf        mc_w.l(printfa.o)
    0x08025410   0x08025410   0x00000026   Code   RO         8939    i.__ARM_fpclassifyf  m_wm.l(fpclassifyf.o)
    0x08025436   0x08025436   0x00000002   PAD
    0x08025438   0x08025438   0x00000250   Code   RO         8575    i.__hardfp_atan2f   m_wm.l(atan2f.o)
    0x08025688   0x08025688   0x0000003a   Code   RO         8591    i.__hardfp_sqrtf    m_wm.l(sqrtf.o)
    0x080256c2   0x080256c2   0x00000006   Code   RO         8943    i.__mathlib_flt_infnan2  m_wm.l(funder.o)
    0x080256c8   0x080256c8   0x00000010   Code   RO         8947    i.__mathlib_flt_underflow  m_wm.l(funder.o)
    0x080256d8   0x080256d8   0x0000000e   Code   RO         9003    i.__scatterload_copy  mc_w.l(handlers.o)
    0x080256e6   0x080256e6   0x00000002   Code   RO         9004    i.__scatterload_null  mc_w.l(handlers.o)
    0x080256e8   0x080256e8   0x0000000e   Code   RO         9005    i.__scatterload_zeroinit  mc_w.l(handlers.o)
    0x080256f6   0x080256f6   0x00000002   PAD
    0x080256f8   0x080256f8   0x0000000c   Code   RO         8981    i.__set_errno       mc_w.l(errno.o)
    0x08025704   0x08025704   0x00000184   Code   RO         8862    i._fp_digits        mc_w.l(printfa.o)
    0x08025888   0x08025888   0x000006dc   Code   RO         8863    i._printf_core      mc_w.l(printfa.o)
    0x08025f64   0x08025f64   0x00000024   Code   RO         8864    i._printf_post_padding  mc_w.l(printfa.o)
    0x08025f88   0x08025f88   0x0000002e   Code   RO         8865    i._printf_pre_padding  mc_w.l(printfa.o)
    0x08025fb6   0x08025fb6   0x0000000a   Code   RO         8867    i._sputc            mc_w.l(printfa.o)
    0x08025fc0   0x08025fc0   0x00000058   Code   RO         7469    i.adc_tim_init      adc_battery.o
    0x08026018   0x08026018   0x00000030   Code   RO         4879    i.alarm_stop_timer_callback  main.o
    0x08026048   0x08026048   0x00000064   Code   RO         4880    i.battery_filter_capacity  main.o
    0x080260ac   0x080260ac   0x000000ac   Code   RO         8178    i.battery_show      oled_clock.o
    0x08026158   0x08026158   0x0000008c   Code   RO         4881    i.battery_update    main.o
    0x080261e4   0x080261e4   0x000000d4   Code   RO         4882    i.bell_switch       main.o
    0x080262b8   0x080262b8   0x00000058   Code   RO         4884    i.decrementAlarmValue  main.o
    0x08026310   0x08026310   0x0000008c   Code   RO         4885    i.decrementTimeValue  main.o
    0x0802639c   0x0802639c   0x00000080   Code   RO         7422    i.dequeue           user_queue.o
    0x0802641c   0x0802641c   0x0000008c   Code   RO         7837    i.detect_step_mean_crossing  mpu6050.o
    0x080264a8   0x080264a8   0x000000a8   Code   RO         7838    i.detect_wrist_gesture  mpu6050.o
    0x08026550   0x08026550   0x0000000c   Code   RO         8345    i.disableClock      timer.o
    0x0802655c   0x0802655c   0x00000056   Code   RO         8180    i.display_day       oled_clock.o
    0x080265b2   0x080265b2   0x00000056   Code   RO         8181    i.display_hour      oled_clock.o
    0x08026608   0x08026608   0x00000056   Code   RO         8182    i.display_min       oled_clock.o
    0x0802665e   0x0802665e   0x00000056   Code   RO         8183    i.display_month     oled_clock.o
    0x080266b4   0x080266b4   0x00000056   Code   RO         8184    i.display_sec       oled_clock.o
    0x0802670a   0x0802670a   0x00000030   Code   RO         8185    i.display_week      oled_clock.o
    0x0802673a   0x0802673a   0x00000054   Code   RO         8186    i.display_year      oled_clock.o
    0x0802678e   0x0802678e   0x00000002   PAD
    0x08026790   0x08026790   0x00000040   Code   RO         6611    i.eTaskConfirmSleepModeStatus  tasks.o
    0x080267d0   0x080267d0   0x00000020   Code   RO         8346    i.enableClock       timer.o
    0x080267f0   0x080267f0   0x0000004c   Code   RO         7423    i.enqueue           user_queue.o
    0x0802683c   0x0802683c   0x0000002c   Code   RO         8449    i.fputc             usart.o
    0x08026868   0x08026868   0x00000038   Code   RO         4886    i.getMaxDaysOfMonth  main.o
    0x080268a0   0x080268a0   0x0000020c   Code   RO         5891    i.h_I2C_ReadReceives  hi2c.o
    0x08026aac   0x08026aac   0x00000104   Code   RO         5893    i.h_I2C_SendBytes   hi2c.o
    0x08026bb0   0x08026bb0   0x000000c8   Code   RO         4887    i.handleAlarmSettingKey  main.o
    0x08026c78   0x08026c78   0x00000280   Code   RO         4888    i.handleKeyPress    main.o
    0x08026ef8   0x08026ef8   0x000000d8   Code   RO         4889    i.handleTimeSettingKey  main.o
    0x08026fd0   0x08026fd0   0x0000008c   Code   RO         5894    i.hi2c_init         hi2c.o
    0x0802705c   0x0802705c   0x0000006c   Code   RO         4890    i.incrementAlarmValue  main.o
    0x080270c8   0x080270c8   0x000000ac   Code   RO         4891    i.incrementTimeValue  main.o
    0x08027174   0x08027174   0x0000001c   Code   RO         7424    i.initQueue         user_queue.o
    0x08027190   0x08027190   0x00000026   Code   RO         4892    i.isLeapYear        main.o
    0x080271b6   0x080271b6   0x0000000e   Code   RO         7425    i.isQueueEmpty      user_queue.o
    0x080271c4   0x080271c4   0x0000000e   Code   RO         7426    i.isQueueFull       user_queue.o
    0x080271d2   0x080271d2   0x0000000e   Code   RO         7593    i.is_digit_char     ds3231.o
    0x080271e0   0x080271e0   0x0000001a   Code   RO         4893    i.main              main.o
    0x080271fa   0x080271fa   0x0000002c   Code   RO         7843    i.mpu6050_init      mpu6050.o
    0x08027226   0x08027226   0x00000002   PAD
    0x08027228   0x08027228   0x00000108   Code   RO         7844    i.mpu6050_read_all  mpu6050.o
    0x08027330   0x08027330   0x0000000c   Code   RO         7845    i.mpu_read_bytes    mpu6050.o
    0x0802733c   0x0802733c   0x00000016   Code   RO         7846    i.mpu_write_byte    mpu6050.o
    0x08027352   0x08027352   0x000000ae   Code   RO         7594    i.parse_app_alarm   ds3231.o
    0x08027400   0x08027400   0x00000186   Code   RO         7595    i.parse_app_time    ds3231.o
    0x08027586   0x08027586   0x00000002   PAD
    0x08027588   0x08027588   0x00000060   Code   RO         7717    i.power_switch_init  key.o
    0x080275e8   0x080275e8   0x00000078   Code   RO         7847    i.process_signals   mpu6050.o
    0x08027660   0x08027660   0x00000094   Code   RO         6614    i.prvAddCurrentTaskToDelayedList  tasks.o
    0x080276f4   0x080276f4   0x000000ac   Code   RO         6615    i.prvAddNewTaskToReadyList  tasks.o
    0x080277a0   0x080277a0   0x00000040   Code   RO         7063    i.prvCheckForValidListAndQueue  timers.o
    0x080277e0   0x080277e0   0x0000003c   Code   RO         6616    i.prvCheckTasksWaitingTermination  tasks.o
    0x0802781c   0x0802781c   0x00000028   Code   RO         6221    i.prvCopyDataFromQueue  queue.o
    0x08027844   0x08027844   0x0000006e   Code   RO         6222    i.prvCopyDataToQueue  queue.o
    0x080278b2   0x080278b2   0x00000002   PAD
    0x080278b4   0x080278b4   0x00000054   Code   RO         6617    i.prvCreateIdleTasks  tasks.o
    0x08027908   0x08027908   0x0000005c   Code   RO         6618    i.prvCreateTask     tasks.o
    0x08027964   0x08027964   0x00000014   Code   RO         6619    i.prvDeleteTCB      tasks.o
    0x08027978   0x08027978   0x00000014   Code   RO         6223    i.prvGetDisinheritPriorityAfterTimeout  queue.o
    0x0802798c   0x0802798c   0x00000038   Code   RO         6620    i.prvGetExpectedIdleTime  tasks.o
    0x080279c4   0x080279c4   0x00000024   Code   RO         7064    i.prvGetNextExpireTime  timers.o
    0x080279e8   0x080279e8   0x00000048   Code   RO         6017    i.prvHeapInit       heap_4.o
    0x08027a30   0x08027a30   0x00000044   Code   RO         6621    i.prvIdleTask       tasks.o
    0x08027a74   0x08027a74   0x00000018   Code   RO         6224    i.prvInitialiseMutex  queue.o
    0x08027a8c   0x08027a8c   0x00000026   Code   RO         6225    i.prvInitialiseNewQueue  queue.o
    0x08027ab2   0x08027ab2   0x00000080   Code   RO         6622    i.prvInitialiseNewTask  tasks.o
    0x08027b32   0x08027b32   0x00000038   Code   RO         7065    i.prvInitialiseNewTimer  timers.o
    0x08027b6a   0x08027b6a   0x00000002   PAD
    0x08027b6c   0x08027b6c   0x00000058   Code   RO         6623    i.prvInitialiseTaskLists  tasks.o
    0x08027bc4   0x08027bc4   0x00000054   Code   RO         6018    i.prvInsertBlockIntoFreeList  heap_4.o
    0x08027c18   0x08027c18   0x00000040   Code   RO         7066    i.prvInsertTimerInActiveList  timers.o
    0x08027c58   0x08027c58   0x0000001a   Code   RO         6226    i.prvIsQueueEmpty   queue.o
    0x08027c72   0x08027c72   0x0000001e   Code   RO         6227    i.prvIsQueueFull    queue.o
    0x08027c90   0x08027c90   0x0000004c   Code   RO         6228    i.prvNotifyQueueSetContainer  queue.o
    0x08027cdc   0x08027cdc   0x00000040   Code   RO         7067    i.prvProcessExpiredTimer  timers.o
    0x08027d1c   0x08027d1c   0x000000d8   Code   RO         7068    i.prvProcessReceivedCommands  timers.o
    0x08027df4   0x08027df4   0x0000006c   Code   RO         7069    i.prvProcessTimerOrBlockTask  timers.o
    0x08027e60   0x08027e60   0x00000028   Code   RO         7070    i.prvReloadTimer    timers.o
    0x08027e88   0x08027e88   0x00000020   Code   RO         6625    i.prvResetNextTaskUnblockTime  tasks.o
    0x08027ea8   0x08027ea8   0x0000002c   Code   RO         7071    i.prvSampleTimeNow  timers.o
    0x08027ed4   0x08027ed4   0x0000002c   Code   RO         7072    i.prvSwitchTimerLists  timers.o
    0x08027f00   0x08027f00   0x00000010   Code   RO         5942    i.prvTaskExitError  port.o
    0x08027f10   0x08027f10   0x00000014   Code   RO         7073    i.prvTimerTask      timers.o
    0x08027f24   0x08027f24   0x0000007c   Code   RO         6229    i.prvUnlockQueue    queue.o
    0x08027fa0   0x08027fa0   0x000000b0   Code   RO         6020    i.pvPortMalloc      heap_4.o
    0x08028050   0x08028050   0x00000014   Code   RO         6630    i.pvTaskIncrementMutexHeldCount  tasks.o
    0x08028064   0x08028064   0x00000024   Code   RO         5943    i.pxPortInitialiseStack  port.o
    0x08028088   0x08028088   0x000000c0   Code   RO         4894    i.saveAlarmSettings  main.o
    0x08028148   0x08028148   0x000000c8   Code   RO         4895    i.saveTimeSettings  main.o
    0x08028210   0x08028210   0x0000009c   Code   RO         4896    i.sensor_Hander     main.o
    0x080282ac   0x080282ac   0x00000094   Code   RO         8187    i.show_bme280_time  oled_clock.o
    0x08028340   0x08028340   0x000000a0   Code   RO         8188    i.show_step         oled_clock.o
    0x080283e0   0x080283e0   0x000000a2   Code   RO         8189    i.show_time         oled_clock.o
    0x08028482   0x08028482   0x00000002   PAD
    0x08028484   0x08028484   0x0000006c   Code   RO         8349    i.show_timer        timer.o
    0x080284f0   0x080284f0   0x00000030   Code   RO         7718    i.sleep_timer_callback  key.o
    0x08028520   0x08028520   0x00000044   Code   RO         4897    i.stopwatch         main.o
    0x08028564   0x08028564   0x00000088   Code   RO         4898    i.task_init         main.o
    0x080285ec   0x080285ec   0x00000060   Code   RO         4899    i.task_key          main.o
    0x0802864c   0x0802864c   0x000000e4   Code   RO         4900    i.task_ota_display  main.o
    0x08028730   0x08028730   0x0000004a   Code   RO         4901    i.task_ring_battery  main.o
    0x0802877a   0x0802877a   0x00000002   PAD
    0x0802877c   0x0802877c   0x00000098   Code   RO         4902    i.task_step_detect  main.o
    0x08028814   0x08028814   0x0000012c   Code   RO         4903    i.task_time         main.o
    0x08028940   0x08028940   0x00000064   Code   RO         8350    i.timer_loop        timer.o
    0x080289a4   0x080289a4   0x0000009c   Code   RO         6631    i.ulTaskGenericNotifyTake  tasks.o
    0x08028a40   0x08028a40   0x00000108   Code   RO         4904    i.updateAlarmDisplay  main.o
    0x08028b48   0x08028b48   0x000000f0   Code   RO         4905    i.updateTimeDisplay  main.o
    0x08028c38   0x08028c38   0x00000024   Code   RO         6185    i.uxListRemove      list.o
    0x08028c5c   0x08028c5c   0x0000000c   Code   RO         6635    i.uxTaskGetNumberOfTasks  tasks.o
    0x08028c68   0x08028c68   0x00000030   Code   RO         4906    i.vAlarmBlinkTimerCallback  main.o
    0x08028c98   0x08028c98   0x00000030   Code   RO         4907    i.vBlinkTimerCallback  main.o
    0x08028cc8   0x08028cc8   0x00000016   Code   RO         6186    i.vListInitialise   list.o
    0x08028cde   0x08028cde   0x00000006   Code   RO         6187    i.vListInitialiseItem  list.o
    0x08028ce4   0x08028ce4   0x00000030   Code   RO         6188    i.vListInsert       list.o
    0x08028d14   0x08028d14   0x00000018   Code   RO         6189    i.vListInsertEnd    list.o
    0x08028d2c   0x08028d2c   0x0000001c   Code   RO         5945    i.vPortEnterCritical  port.o
    0x08028d48   0x08028d48   0x00000018   Code   RO         5946    i.vPortExitCritical  port.o
    0x08028d60   0x08028d60   0x00000044   Code   RO         6021    i.vPortFree         heap_4.o
    0x08028da4   0x08028da4   0x00000034   Code   RO         5947    i.vPortSetupTimerInterrupt  port.o
    0x08028dd8   0x08028dd8   0x000000d8   Code   RO         5948    i.vPortSuppressTicksAndSleep  port.o
    0x08028eb0   0x08028eb0   0x00000046   Code   RO         6239    i.vQueueWaitForMessageRestricted  queue.o
    0x08028ef6   0x08028ef6   0x00000002   PAD
    0x08028ef8   0x08028ef8   0x00000034   Code   RO         6642    i.vTaskDelay        tasks.o
    0x08028f2c   0x08028f2c   0x000000ac   Code   RO         6643    i.vTaskDelete       tasks.o
    0x08028fd8   0x08028fd8   0x000000ec   Code   RO         6645    i.vTaskGenericNotifyGiveFromISR  tasks.o
    0x080290c4   0x080290c4   0x00000010   Code   RO         6647    i.vTaskInternalSetTimeOutState  tasks.o
    0x080290d4   0x080290d4   0x0000000c   Code   RO         6649    i.vTaskMissedYield  tasks.o
    0x080290e0   0x080290e0   0x00000020   Code   RO         6650    i.vTaskPlaceOnEventList  tasks.o
    0x08029100   0x08029100   0x00000044   Code   RO         6651    i.vTaskPlaceOnEventListRestricted  tasks.o
    0x08029144   0x08029144   0x0000009c   Code   RO         6653    i.vTaskPriorityDisinheritAfterTimeout  tasks.o
    0x080291e0   0x080291e0   0x000000ac   Code   RO         6655    i.vTaskRemoveFromUnorderedEventList  tasks.o
    0x0802928c   0x0802928c   0x0000003c   Code   RO         6660    i.vTaskStartScheduler  tasks.o
    0x080292c8   0x080292c8   0x0000002c   Code   RO         6661    i.vTaskStepTick     tasks.o
    0x080292f4   0x080292f4   0x00000010   Code   RO         6663    i.vTaskSuspendAll   tasks.o
    0x08029304   0x08029304   0x00000050   Code   RO         6664    i.vTaskSwitchContext  tasks.o
    0x08029354   0x08029354   0x0000001a   Code   RO         6099    i.xEventGroupClearBits  event_groups.o
    0x0802936e   0x0802936e   0x0000001a   Code   RO         6100    i.xEventGroupCreate  event_groups.o
    0x08029388   0x08029388   0x00000076   Code   RO         6102    i.xEventGroupSetBits  event_groups.o
    0x080293fe   0x080293fe   0x00000002   PAD
    0x08029400   0x08029400   0x00000040   Code   RO         5949    i.xPortStartScheduler  port.o
    0x08029440   0x08029440   0x00000026   Code   RO         6240    i.xQueueAddToSet    queue.o
    0x08029466   0x08029466   0x00000018   Code   RO         6241    i.xQueueCreateMutex  queue.o
    0x0802947e   0x0802947e   0x00000008   Code   RO         6242    i.xQueueCreateSet   queue.o
    0x08029486   0x08029486   0x00000040   Code   RO         6243    i.xQueueGenericCreate  queue.o
    0x080294c6   0x080294c6   0x00000002   PAD
    0x080294c8   0x080294c8   0x00000094   Code   RO         6244    i.xQueueGenericReset  queue.o
    0x0802955c   0x0802955c   0x00000120   Code   RO         6245    i.xQueueGenericSend  queue.o
    0x0802967c   0x0802967c   0x00000098   Code   RO         6246    i.xQueueGenericSendFromISR  queue.o
    0x08029714   0x08029714   0x0000007c   Code   RO         6247    i.xQueueGiveFromISR  queue.o
    0x08029790   0x08029790   0x000000f0   Code   RO         6252    i.xQueueReceive     queue.o
    0x08029880   0x08029880   0x00000012   Code   RO         6255    i.xQueueSelectFromSet  queue.o
    0x08029892   0x08029892   0x00000002   PAD
    0x08029894   0x08029894   0x00000124   Code   RO         6257    i.xQueueSemaphoreTake  queue.o
    0x080299b8   0x080299b8   0x00000058   Code   RO         6666    i.xTaskCheckForTimeOut  tasks.o
    0x08029a10   0x08029a10   0x0000001e   Code   RO         6667    i.xTaskCreate       tasks.o
    0x08029a2e   0x08029a2e   0x00000002   PAD
    0x08029a30   0x08029a30   0x0000005c   Code   RO         6668    i.xTaskDelayUntil   tasks.o
    0x08029a8c   0x08029a8c   0x000000fc   Code   RO         6669    i.xTaskGenericNotify  tasks.o
    0x08029b88   0x08029b88   0x00000154   Code   RO         6670    i.xTaskGenericNotifyFromISR  tasks.o
    0x08029cdc   0x08029cdc   0x000000bc   Code   RO         6672    i.xTaskGenericNotifyWait  tasks.o
    0x08029d98   0x08029d98   0x0000001c   Code   RO         6675    i.xTaskGetSchedulerState  tasks.o
    0x08029db4   0x08029db4   0x0000000c   Code   RO         6676    i.xTaskGetTickCount  tasks.o
    0x08029dc0   0x08029dc0   0x0000000c   Code   RO         6677    i.xTaskGetTickCountFromISR  tasks.o
    0x08029dcc   0x08029dcc   0x00000120   Code   RO         6678    i.xTaskIncrementTick  tasks.o
    0x08029eec   0x08029eec   0x0000008c   Code   RO         6679    i.xTaskPriorityDisinherit  tasks.o
    0x08029f78   0x08029f78   0x000000b4   Code   RO         6680    i.xTaskPriorityInherit  tasks.o
    0x0802a02c   0x0802a02c   0x000000d0   Code   RO         6681    i.xTaskRemoveFromEventList  tasks.o
    0x0802a0fc   0x0802a0fc   0x0000012c   Code   RO         6682    i.xTaskResumeAll    tasks.o
    0x0802a228   0x0802a228   0x00000034   Code   RO         7081    i.xTimerCreate      timers.o
    0x0802a25c   0x0802a25c   0x0000003c   Code   RO         7082    i.xTimerCreateTimerTask  timers.o
    0x0802a298   0x0802a298   0x0000002c   Code   RO         7083    i.xTimerGenericCommandFromISR  timers.o
    0x0802a2c4   0x0802a2c4   0x00000044   Code   RO         7084    i.xTimerGenericCommandFromTask  timers.o
    0x0802a308   0x0802a308   0x00000010   Code   RO         8351    i.zero_timer        timer.o
    0x0802a318   0x0802a318   0x00000010   Data   RO         4909    .constdata          main.o
    0x0802a328   0x0802a328   0x000005f0   Data   RO         8285    .constdata          oled_data.o
    0x0802a918   0x0802a918   0x00000d5c   Data   RO         8286    .constdata          oled_data.o
    0x0802b674   0x0802b674   0x0000023a   Data   RO         8287    .constdata          oled_data.o
    0x0802b8ae   0x0802b8ae   0x00000197   Data   RO         8288    .constdata          oled_data.o
    0x0802ba45   0x0802ba45   0x00000020   Data   RO         8290    .constdata          oled_data.o
    0x0802ba65   0x0802ba65   0x000000e4   Data   RO         8291    .constdata          oled_data.o
    0x0802bb49   0x0802bb49   0x00000016   Data   RO         8292    .constdata          oled_data.o
    0x0802bb5f   0x0802bb5f   0x00000020   Data   RO         8293    .constdata          oled_data.o
    0x0802bb7f   0x0802bb7f   0x00000001   PAD
    0x0802bb80   0x0802bb80   0x00000014   Data   RO         4910    .conststring        main.o
    0x0802bb94   0x0802bb94   0x00000020   Data   RO         9001    Region$$Table       anon$$obj.o


    Execution Region RW_IRAM1 (Exec base: 0x20000000, Load base: 0x0802bbb4, Size: 0x0000b688, Max: 0x00020000, ABSOLUTE, COMPRESSED[0x0000002c])

    Exec Addr    Load Addr    Size         Type   Attr      Idx    E Section Name        Object

    0x20000000   COMPRESSED   0x00000010   Data   RW         2763    .data               stm32f4xx_rcc.o
    0x20000010   COMPRESSED   0x0000008c   Data   RW         4911    .data               main.o
    0x2000009c   COMPRESSED   0x00000014   Data   RW         5409    .data               ota_update.o
    0x200000b0   COMPRESSED   0x00000001   Data   RW         5765    .data               max30102.o
    0x200000b1   COMPRESSED   0x00000003   PAD
    0x200000b4   COMPRESSED   0x00000010   Data   RW         5950    .data               port.o
    0x200000c4   COMPRESSED   0x0000001c   Data   RW         6028    .data               heap_4.o
    0x200000e0   COMPRESSED   0x00000040   Data   RW         6685    .data               tasks.o
    0x20000120   COMPRESSED   0x00000014   Data   RW         7091    .data               timers.o
    0x20000134   COMPRESSED   0x0000001e   Data   RW         7253    .data               em7028.o
    0x20000152   COMPRESSED   0x00000002   PAD
    0x20000154   COMPRESSED   0x0000000c   Data   RW         7396    .data               hralgorythm.o
    0x20000160   COMPRESSED   0x00000004   Data   RW         7471    .data               adc_battery.o
    0x20000164   COMPRESSED   0x00000002   Data   RW         7472    .data               adc_battery.o
    0x20000166   COMPRESSED   0x00000002   PAD
    0x20000168   COMPRESSED   0x00000008   Data   RW         7719    .data               key.o
    0x20000170   COMPRESSED   0x0000004c   Data   RW         7848    .data               mpu6050.o
    0x200001bc   COMPRESSED   0x0000000a   Data   RW         8352    .data               timer.o
    0x200001c6   COMPRESSED   0x00000002   PAD
    0x200001c8   COMPRESSED   0x00000004   Data   RW         8970    .data               mc_w.l(stdout.o)
    0x200001cc   COMPRESSED   0x00000004   Data   RW         8982    .data               mc_w.l(errno.o)
    0x200001d0        -       0x00000040   Zero   RW         4908    .bss                main.o
    0x20000210        -       0x00000224   Zero   RW         5408    .bss                ota_update.o
    0x20000434        -       0x0000a000   Zero   RW         6027    .bss                heap_4.o
    0x2000a434        -       0x0000012c   Zero   RW         6684    .bss                tasks.o
    0x2000a560        -       0x00000028   Zero   RW         7090    .bss                timers.o
    0x2000a588        -       0x00000060   Zero   RW         7395    .bss                hralgorythm.o
    0x2000a5e8        -       0x00000078   Zero   RW         7470    .bss                adc_battery.o
    0x2000a660        -       0x00000028   Zero   RW         7527    .bss                bme280.o
    0x2000a688        -       0x00000400   Zero   RW         7976    .bss                oled.o
    0x2000aa88        -       0x00000800   Zero   RW         8450    .bss                usart.o
    0x2000b288        -       0x00000400   Zero   RW         4841    STACK               startup_stm32f411xe.o


==============================================================================

Image component sizes


      Code (inc. data)   RO Data    RW Data    ZI Data      Debug   Object Name

       530         42          0          6        120       3812   adc_battery.o
      1824        210          0          0         40       5796   bme280.o
       202         18          0          0          0       3933   boot_confirm.o
      1858        136          0          0          0      13729   ds3231.o
      1100         50          0         30          0      12608   em7028.o
       170          0          0          0          0      16348   event_groups.o
       400         24          0         28      40960       5099   heap_4.o
      1290         54          0          0          0       4436   hi2c.o
       294         18          0         12         96       2645   hralgorythm.o
       812         74          0          8          0       5889   key.o
       136          0          0          0          0       3258   list.o
      8486       1634         36        140         64      69423   main.o
         0          0          0          1          0        821   max30102.o
        16          4          0          0          0        433   mcu_debug.o
       124         16          0          0          0     225819   misc.o
        84         16          0          0          0       1351   motor.o
       962         92          0         76          0      11889   mpu6050.o
      1110         44          0          0       1024       8208   oled.o
      1400         54          0          0          0       7973   oled_clock.o
         0          0       6231          0          0       1335   oled_data.o
      2478        190          0         20        548      49459   ota_update.o
       670         68          0         16          0      10821   port.o
      1954         22          0          0          0      21606   queue.o
        36          8        408          0       1024        792   startup_stm32f411xe.o
       304         20          0          0          0       5131   stm32f4xx_adc.o
       748         66          0          0          0       9400   stm32f4xx_dma.o
       160         22          0          0          0       2689   stm32f4xx_exti.o
       482         62          0          0          0       7211   stm32f4xx_flash.o
       194          0          0          0          0       4027   stm32f4xx_gpio.o
       366         10          0          0          0       6516   stm32f4xx_i2c.o
        12          0          0          0          0       2573   stm32f4xx_it.o
        80         22          0          0          0       2022   stm32f4xx_pwr.o
       244         30          0         16          0       4775   stm32f4xx_rcc.o
        44          6          0          0          0        632   stm32f4xx_syscfg.o
       318         36          0          0          0       5043   stm32f4xx_tim.o
       372          8          0          0          0       5704   stm32f4xx_usart.o
       208         38          0          0          0      81829   system_stm32f4xx.o
      4474        320          0         64        300      49385   tasks.o
       498         42          0         10          0       5164   timer.o
       980         86          0         20         40      14472   timers.o
       650         42          0          0       2048       6290   usart.o
       260         64          0          0          0       3277   user_queue.o

    ----------------------------------------------------------------------
     36396       3648       6708        456      46264     703623   Object Totals
         0          0         32          0          0          0   (incl. Generated)
        66          0          1          9          0          0   (incl. Padding)

    ----------------------------------------------------------------------

      Code (inc. data)   RO Data    RW Data    ZI Data      Debug   Library Member Name

       592         90          0          0          0        184   atan2f.o
        38          0          0          0          0        116   fpclassifyf.o
        22          6          0          0          0        232   funder.o
        58          0          0          0          0        136   sqrtf.o
        58          0          0          0          0          0   __dczerorl.o
         0          0          0          0          0          0   entry.o
         0          0          0          0          0          0   entry10a.o
         0          0          0          0          0          0   entry11a.o
         8          4          0          0          0          0   entry2.o
         4          0          0          0          0          0   entry5.o
         0          0          0          0          0          0   entry7b.o
         0          0          0          0          0          0   entry8b.o
         8          4          0          0          0          0   entry9a.o
        12          6          0          4          0         68   errno.o
        30          0          0          0          0          0   handlers.o
        36          8          0          0          0         68   init.o
         0          0          0          0          0          0   iusefp.o
        30          0          0          0          0         68   llshl.o
        36          0          0          0          0         68   llsshr.o
        32          0          0          0          0         68   llushr.o
        36          0          0          0          0         68   memcpya.o
        36          0          0          0          0        108   memseta.o
      2308         96          0          0          0        604   printfa.o
         0          0          0          4          0          0   stdout.o
        28          0          0          0          0         76   strcmp.o
        24          0          0          0          0         76   strncpy.o
        44          0          0          0          0         80   uidiv.o
        98          0          0          0          0         92   uldiv.o
        48          0          0          0          0         68   cdcmple.o
        48          0          0          0          0         68   cdrcmple.o
        56          0          0          0          0         88   d2f.o
       334          0          0          0          0        148   dadd.o
       222          0          0          0          0        100   ddiv.o
       186          0          0          0          0        176   depilogue.o
        62          0          0          0          0         80   dfixi.o
        48          0          0          0          0         68   dfixul.o
        34          0          0          0          0         76   dflti.o
        26          0          0          0          0         76   dfltui.o
       228          0          0          0          0         96   dmul.o
       110          0          0          0          0        168   fepilogue.o

    ----------------------------------------------------------------------
      4948        214          0          8          0       3324   Library Totals
         8          0          0          0          0          0   (incl. Padding)

    ----------------------------------------------------------------------

      Code (inc. data)   RO Data    RW Data    ZI Data      Debug   Library Name

       710         96          0          0          0        668   m_wm.l
      2828        118          0          8          0       1444   mc_w.l
      1402          0          0          0          0       1212   mf_w.l

    ----------------------------------------------------------------------
      4948        214          0          8          0       3324   Library Totals

    ----------------------------------------------------------------------

==============================================================================


      Code (inc. data)   RO Data    RW Data    ZI Data      Debug   

     41344       3862       6708        464      46264     666475   Grand Totals
     41344       3862       6708         44      46264     666475   ELF Image Totals (compressed)
     41344       3862       6708         44          0          0   ROM Totals

==============================================================================

    Total RO  Size (Code + RO Data)                48052 (  46.93kB)
    Total RW  Size (RW Data + ZI Data)             46728 (  45.63kB)
    Total ROM Size (Code + RO Data + RW Data)      48096 (  46.97kB)

==============================================================================

