<html>
<body>
<pre>
<h1>µVision Build Log</h1>
<h2>Tool Versions:</h2>
IDE-Version: ¦ÌVision V5.39.0.0
Copyright (C) 2023 ARM Ltd and ARM Germany GmbH. All rights reserved.
License Information: 1 94122, 2, LIC=V85FJ-UI7Y8-NTD3G-V6ES9-D4AU8-F8SF7
 
Tool Versions:
Toolchain:       MDK-ARM Professional  Version: 5.39.0.0
Toolchain Path:  C:\Keil_v5\ARM\ARMCC\Bin
C Compiler:      Armcc.exe V5.06 update 5 (build 528)
Assembler:       Armasm.exe V5.06 update 5 (build 528)
Linker/Locator:  ArmLink.exe V5.06 update 5 (build 528)
Library Manager: ArmAr.exe V5.06 update 5 (build 528)
Hex Converter:   FromElf.exe V5.06 update 5 (build 528)
CPU DLL:         SARMCM3.DLL V5.39.0.0
Dialog DLL:      DCM.DLL V1.17.5.0
Target DLL:      Segger\JL2CM3.dll V2.99.43.0
Dialog DLL:      TCM.DLL V1.56.4.0
 
<h2>Project:</h2>
D:\SSTM32\F411\WATCH\app_project.uvprojx
Project File Date:  06/02/2026

<h2>Output:</h2>
*** Using Compiler 'V5.06 update 5 (build 528)', folder: 'C:\Keil_v5\ARM\ARMCC\Bin'
Rebuild target 'APP Target'
compiling stm32f4xx_cec.c...
compiling system_stm32f4xx.c...
compiling stm32f4xx_dcmi.c...
compiling stm32f4xx_dbgmcu.c...
compiling stm32f4xx_cryp_des.c...
compiling stm32f4xx_it.c...
compiling stm32f4xx_can.c...
compiling stm32f4xx_crc.c...
compiling stm32f4xx_cryp_aes.c...
compiling stm32f4xx_cryp_tdes.c...
compiling misc.c...
compiling stm32f4xx_cryp.c...
compiling stm32f4xx_adc.c...
compiling stm32f4xx_dac.c...
compiling stm32f4xx_dfsdm.c...
compiling stm32f4xx_dsi.c...
compiling stm32f4xx_dma.c...
compiling stm32f4xx_dma2d.c...
compiling stm32f4xx_exti.c...
compiling stm32f4xx_flash.c...
compiling stm32f4xx_fmpi2c.c...
compiling stm32f4xx_flash_ramfunc.c...
compiling stm32f4xx_i2c.c...
compiling stm32f4xx_iwdg.c...
compiling stm32f4xx_pwr.c...
compiling stm32f4xx_lptim.c...
compiling stm32f4xx_ltdc.c...
compiling stm32f4xx_gpio.c...
compiling stm32f4xx_qspi.c...
compiling stm32f4xx_rcc.c...
compiling stm32f4xx_sdio.c...
compiling stm32f4xx_sai.c...
compiling stm32f4xx_rng.c...
compiling stm32f4xx_rtc.c...
assembling startup_stm32f411xe.s...
compiling stm32f4xx_spdifrx.c...
compiling stm32f4xx_spi.c...
compiling stm32f4xx_syscfg.c...
compiling stm32f4xx_usart.c...
compiling stm32f4xx_wwdg.c...
compiling stm32f4xx_tim.c...
compiling boot_confirm.c...
compiling heap_4.c...
compiling croutine.c...
compiling event_groups.c...
compiling ota_update.c...
compiling list.c...
compiling port.c...
compiling stream_buffer.c...
compiling delay.c...
compiling queue.c...
compiling timers.c...
compiling HrAlgorythm.c...
compiling i2c.c...
compiling user_Queue.c...
compiling tasks.c...
compiling main.c...
compiling hi2c.c...
compiling max30102.c...
compiling OLED_Data.c...
compiling EM7028.c...
compiling ADC_battery.c...
compiling bme280.c...
compiling motor.c...
compiling ds3231.c...
compiling Key.c...
compiling oled_clock.c...
compiling oled_font.c...
compiling mpu6050.c...
compiling OLED.c...
compiling MCU_Debug.c...
compiling usart.c...
compiling timer.c...
linking...
Program Size: Code=41344 RO-data=6708 RW-data=464 ZI-data=46264  
FromELF: creating hex file...
After Build - User command #1: fromelf --bin --output=.\Objects\APP\app.bin .\Objects\APP\app.axf
After Build - User command #2: python .\Bootloader\make_update_package.py
APP: Objects\APP\app.bin
version: 0x00000309
size: 48096 bytes
crc32: 0xE66C3CA6
meta: Objects\Update\app_meta.bin @ 0x08010000
download bin: Objects\Update\app_download.bin @ 0x08040000
update hex: Objects\Update\app_update.hex
".\Objects\APP\app.axf" - 0 Error(s), 0 Warning(s).

<h2>Software Packages used:</h2>

Package Vendor: Keil
                https://www.keil.com/pack/Keil.STM32F4xx_DFP.3.1.1.pack
                Keil::STM32F4xx_DFP@3.1.1
                STMicroelectronics STM32F4 Series Device Support

<h2>Collection of Component include folders:</h2>

<h2>Collection of Component Files used:</h2>
Build Time Elapsed:  00:00:07
</pre>
</body>
</html>
