Component: ARM Compiler 5.06 update 5 (build 528) Tool: armlink [4d35e2]

==============================================================================

Section Cross References

    system_stm32f4xx.o(i.SystemCoreClockUpdate) refers to system_stm32f4xx.o(.data) for .data
    system_stm32f4xx.o(i.SystemInit) refers to system_stm32f4xx.o(i.SetSysClock) for SetSysClock
    stm32f4xx_adc.o(i.ADC_DeInit) refers to stm32f4xx_rcc.o(i.RCC_APB2PeriphResetCmd) for RCC_APB2PeriphResetCmd
    stm32f4xx_can.o(i.CAN_DeInit) refers to stm32f4xx_rcc.o(i.RCC_APB1PeriphResetCmd) for RCC_APB1PeriphResetCmd
    stm32f4xx_can.o(i.CAN_GetITStatus) refers to stm32f4xx_can.o(i.CheckITStatus) for CheckITStatus
    stm32f4xx_cryp.o(i.CRYP_DeInit) refers to stm32f4xx_rcc.o(i.RCC_AHB2PeriphResetCmd) for RCC_AHB2PeriphResetCmd
    stm32f4xx_cryp_aes.o(i.CRYP_AES_CBC) refers to stm32f4xx_cryp.o(i.CRYP_KeyStructInit) for CRYP_KeyStructInit
    stm32f4xx_cryp_aes.o(i.CRYP_AES_CBC) refers to stm32f4xx_cryp.o(i.CRYP_KeyInit) for CRYP_KeyInit
    stm32f4xx_cryp_aes.o(i.CRYP_AES_CBC) refers to stm32f4xx_cryp.o(i.CRYP_Init) for CRYP_Init
    stm32f4xx_cryp_aes.o(i.CRYP_AES_CBC) refers to stm32f4xx_cryp.o(i.CRYP_IVInit) for CRYP_IVInit
    stm32f4xx_cryp_aes.o(i.CRYP_AES_CBC) refers to stm32f4xx_cryp.o(i.CRYP_FIFOFlush) for CRYP_FIFOFlush
    stm32f4xx_cryp_aes.o(i.CRYP_AES_CBC) refers to stm32f4xx_cryp.o(i.CRYP_Cmd) for CRYP_Cmd
    stm32f4xx_cryp_aes.o(i.CRYP_AES_CBC) refers to stm32f4xx_cryp.o(i.CRYP_GetCmdStatus) for CRYP_GetCmdStatus
    stm32f4xx_cryp_aes.o(i.CRYP_AES_CBC) refers to stm32f4xx_cryp.o(i.CRYP_GetFlagStatus) for CRYP_GetFlagStatus
    stm32f4xx_cryp_aes.o(i.CRYP_AES_CBC) refers to stm32f4xx_cryp.o(i.CRYP_DataIn) for CRYP_DataIn
    stm32f4xx_cryp_aes.o(i.CRYP_AES_CBC) refers to stm32f4xx_cryp.o(i.CRYP_DataOut) for CRYP_DataOut
    stm32f4xx_cryp_aes.o(i.CRYP_AES_CCM) refers to stm32f4xx_cryp.o(i.CRYP_KeyStructInit) for CRYP_KeyStructInit
    stm32f4xx_cryp_aes.o(i.CRYP_AES_CCM) refers to stm32f4xx_cryp.o(i.CRYP_FIFOFlush) for CRYP_FIFOFlush
    stm32f4xx_cryp_aes.o(i.CRYP_AES_CCM) refers to stm32f4xx_cryp.o(i.CRYP_KeyInit) for CRYP_KeyInit
    stm32f4xx_cryp_aes.o(i.CRYP_AES_CCM) refers to stm32f4xx_cryp.o(i.CRYP_IVInit) for CRYP_IVInit
    stm32f4xx_cryp_aes.o(i.CRYP_AES_CCM) refers to stm32f4xx_cryp.o(i.CRYP_Init) for CRYP_Init
    stm32f4xx_cryp_aes.o(i.CRYP_AES_CCM) refers to stm32f4xx_cryp.o(i.CRYP_PhaseConfig) for CRYP_PhaseConfig
    stm32f4xx_cryp_aes.o(i.CRYP_AES_CCM) refers to stm32f4xx_cryp.o(i.CRYP_DataIn) for CRYP_DataIn
    stm32f4xx_cryp_aes.o(i.CRYP_AES_CCM) refers to stm32f4xx_cryp.o(i.CRYP_Cmd) for CRYP_Cmd
    stm32f4xx_cryp_aes.o(i.CRYP_AES_CCM) refers to stm32f4xx_cryp.o(i.CRYP_GetCmdStatus) for CRYP_GetCmdStatus
    stm32f4xx_cryp_aes.o(i.CRYP_AES_CCM) refers to stm32f4xx_cryp.o(i.CRYP_GetFlagStatus) for CRYP_GetFlagStatus
    stm32f4xx_cryp_aes.o(i.CRYP_AES_CCM) refers to stm32f4xx_cryp.o(i.CRYP_DataOut) for CRYP_DataOut
    stm32f4xx_cryp_aes.o(i.CRYP_AES_CTR) refers to stm32f4xx_cryp.o(i.CRYP_KeyStructInit) for CRYP_KeyStructInit
    stm32f4xx_cryp_aes.o(i.CRYP_AES_CTR) refers to stm32f4xx_cryp.o(i.CRYP_KeyInit) for CRYP_KeyInit
    stm32f4xx_cryp_aes.o(i.CRYP_AES_CTR) refers to stm32f4xx_cryp.o(i.CRYP_Init) for CRYP_Init
    stm32f4xx_cryp_aes.o(i.CRYP_AES_CTR) refers to stm32f4xx_cryp.o(i.CRYP_IVInit) for CRYP_IVInit
    stm32f4xx_cryp_aes.o(i.CRYP_AES_CTR) refers to stm32f4xx_cryp.o(i.CRYP_FIFOFlush) for CRYP_FIFOFlush
    stm32f4xx_cryp_aes.o(i.CRYP_AES_CTR) refers to stm32f4xx_cryp.o(i.CRYP_Cmd) for CRYP_Cmd
    stm32f4xx_cryp_aes.o(i.CRYP_AES_CTR) refers to stm32f4xx_cryp.o(i.CRYP_GetCmdStatus) for CRYP_GetCmdStatus
    stm32f4xx_cryp_aes.o(i.CRYP_AES_CTR) refers to stm32f4xx_cryp.o(i.CRYP_DataIn) for CRYP_DataIn
    stm32f4xx_cryp_aes.o(i.CRYP_AES_CTR) refers to stm32f4xx_cryp.o(i.CRYP_GetFlagStatus) for CRYP_GetFlagStatus
    stm32f4xx_cryp_aes.o(i.CRYP_AES_CTR) refers to stm32f4xx_cryp.o(i.CRYP_DataOut) for CRYP_DataOut
    stm32f4xx_cryp_aes.o(i.CRYP_AES_ECB) refers to stm32f4xx_cryp.o(i.CRYP_KeyStructInit) for CRYP_KeyStructInit
    stm32f4xx_cryp_aes.o(i.CRYP_AES_ECB) refers to stm32f4xx_cryp.o(i.CRYP_KeyInit) for CRYP_KeyInit
    stm32f4xx_cryp_aes.o(i.CRYP_AES_ECB) refers to stm32f4xx_cryp.o(i.CRYP_Init) for CRYP_Init
    stm32f4xx_cryp_aes.o(i.CRYP_AES_ECB) refers to stm32f4xx_cryp.o(i.CRYP_FIFOFlush) for CRYP_FIFOFlush
    stm32f4xx_cryp_aes.o(i.CRYP_AES_ECB) refers to stm32f4xx_cryp.o(i.CRYP_Cmd) for CRYP_Cmd
    stm32f4xx_cryp_aes.o(i.CRYP_AES_ECB) refers to stm32f4xx_cryp.o(i.CRYP_GetCmdStatus) for CRYP_GetCmdStatus
    stm32f4xx_cryp_aes.o(i.CRYP_AES_ECB) refers to stm32f4xx_cryp.o(i.CRYP_GetFlagStatus) for CRYP_GetFlagStatus
    stm32f4xx_cryp_aes.o(i.CRYP_AES_ECB) refers to stm32f4xx_cryp.o(i.CRYP_DataIn) for CRYP_DataIn
    stm32f4xx_cryp_aes.o(i.CRYP_AES_ECB) refers to stm32f4xx_cryp.o(i.CRYP_DataOut) for CRYP_DataOut
[...]
    vPortGetIPSR                             0x08000265   Thumb Code     6  port.o(.emb_text)
    Reset_Handler                            0x0800026d   Thumb Code     8  startup_stm32f411xe.o(.text)
    ADC_IRQHandler                           0x08000287   Thumb Code     0  startup_stm32f411xe.o(.text)
    DMA1_Stream0_IRQHandler                  0x08000287   Thumb Code     0  startup_stm32f411xe.o(.text)
    DMA1_Stream1_IRQHandler                  0x08000287   Thumb Code     0  startup_stm32f411xe.o(.text)
    DMA1_Stream2_IRQHandler                  0x08000287   Thumb Code     0  startup_stm32f411xe.o(.text)
    DMA1_Stream3_IRQHandler                  0x08000287   Thumb Code     0  startup_stm32f411xe.o(.text)
    DMA1_Stream4_IRQHandler                  0x08000287   Thumb Code     0  startup_stm32f411xe.o(.text)
    DMA1_Stream5_IRQHandler                  0x08000287   Thumb Code     0  startup_stm32f411xe.o(.text)
    DMA1_Stream6_IRQHandler                  0x08000287   Thumb Code     0  startup_stm32f411xe.o(.text)
    DMA1_Stream7_IRQHandler                  0x08000287   Thumb Code     0  startup_stm32f411xe.o(.text)
    DMA2_Stream1_IRQHandler                  0x08000287   Thumb Code     0  startup_stm32f411xe.o(.text)
    DMA2_Stream2_IRQHandler                  0x08000287   Thumb Code     0  startup_stm32f411xe.o(.text)
    DMA2_Stream3_IRQHandler                  0x08000287   Thumb Code     0  startup_stm32f411xe.o(.text)
    DMA2_Stream4_IRQHandler                  0x08000287   Thumb Code     0  startup_stm32f411xe.o(.text)
    DMA2_Stream5_IRQHandler                  0x08000287   Thumb Code     0  startup_stm32f411xe.o(.text)
    DMA2_Stream6_IRQHandler                  0x08000287   Thumb Code     0  startup_stm32f411xe.o(.text)
    DMA2_Stream7_IRQHandler                  0x08000287   Thumb Code     0  startup_stm32f411xe.o(.text)
    EXTI2_IRQHandler                         0x08000287   Thumb Code     0  startup_stm32f411xe.o(.text)
    EXTI3_IRQHandler                         0x08000287   Thumb Code     0  startup_stm32f411xe.o(.text)
    EXTI9_5_IRQHandler                       0x08000287   Thumb Code     0  startup_stm32f411xe.o(.text)
    FLASH_IRQHandler                         0x08000287   Thumb Code     0  startup_stm32f411xe.o(.text)
    FPU_IRQHandler                           0x08000287   Thumb Code     0  startup_stm32f411xe.o(.text)
    I2C1_ER_IRQHandler                       0x08000287   Thumb Code     0  startup_stm32f411xe.o(.text)
    I2C1_EV_IRQHandler                       0x08000287   Thumb Code     0  startup_stm32f411xe.o(.text)
    I2C2_ER_IRQHandler                       0x08000287   Thumb Code     0  startup_stm32f411xe.o(.text)
    I2C2_EV_IRQHandler                       0x08000287   Thumb Code     0  startup_stm32f411xe.o(.text)
    I2C3_ER_IRQHandler                       0x08000287   Thumb Code     0  startup_stm32f411xe.o(.text)
    I2C3_EV_IRQHandler                       0x08000287   Thumb Code     0  startup_stm32f411xe.o(.text)
    OTG_FS_IRQHandler                        0x08000287   Thumb Code     0  startup_stm32f411xe.o(.text)
    OTG_FS_WKUP_IRQHandler                   0x08000287   Thumb Code     0  startup_stm32f411xe.o(.text)
    PVD_IRQHandler                           0x08000287   Thumb Code     0  startup_stm32f411xe.o(.text)
    RCC_IRQHandler                           0x08000287   Thumb Code     0  startup_stm32f411xe.o(.text)
    RTC_Alarm_IRQHandler                     0x08000287   Thumb Code     0  startup_stm32f411xe.o(.text)
    RTC_WKUP_IRQHandler                      0x08000287   Thumb Code     0  startup_stm32f411xe.o(.text)
    SDIO_IRQHandler                          0x08000287   Thumb Code     0  startup_stm32f411xe.o(.text)
    SPI1_IRQHandler                          0x08000287   Thumb Code     0  startup_stm32f411xe.o(.text)
    SPI2_IRQHandler                          0x08000287   Thumb Code     0  startup_stm32f411xe.o(.text)
    SPI3_IRQHandler                          0x08000287   Thumb Code     0  startup_stm32f411xe.o(.text)
    SPI4_IRQHandler                          0x08000287   Thumb Code     0  startup_stm32f411xe.o(.text)
    SPI5_IRQHandler                          0x08000287   Thumb Code     0  startup_stm32f411xe.o(.text)
    TAMP_STAMP_IRQHandler                    0x08000287   Thumb Code     0  startup_stm32f411xe.o(.text)
    TIM1_BRK_TIM9_IRQHandler                 0x08000287   Thumb Code     0  startup_stm32f411xe.o(.text)
    TIM1_CC_IRQHandler                       0x08000287   Thumb Code     0  startup_stm32f411xe.o(.text)
    TIM1_TRG_COM_TIM11_IRQHandler            0x08000287   Thumb Code     0  startup_stm32f411xe.o(.text)
    TIM1_UP_TIM10_IRQHandler                 0x08000287   Thumb Code     0  startup_stm32f411xe.o(.text)
    TIM4_IRQHandler                          0x08000287   Thumb Code     0  startup_stm32f411xe.o(.text)
    TIM5_IRQHandler                          0x08000287   Thumb Code     0  startup_stm32f411xe.o(.text)
    USART1_IRQHandler                        0x08000287   Thumb Code     0  startup_stm32f411xe.o(.text)
    USART6_IRQHandler                        0x08000287   Thumb Code     0  startup_stm32f411xe.o(.text)
    WWDG_IRQHandler                          0x08000287   Thumb Code     0  startup_stm32f411xe.o(.text)
    __aeabi_memcpy                           0x08000291   Thumb Code    36  memcpya.o(.text)
    __aeabi_memcpy4                          0x08000291   Thumb Code     0  memcpya.o(.text)
    __aeabi_memcpy8                          0x08000291   Thumb Code     0  memcpya.o(.text)
    __aeabi_memset                           0x080002b5   Thumb Code    14  memseta.o(.text)
    __aeabi_memset4                          0x080002b5   Thumb Code     0  memseta.o(.text)
    __aeabi_memset8                          0x080002b5   Thumb Code     0  memseta.o(.text)
    __aeabi_memclr                           0x080002c3   Thumb Code     4  memseta.o(.text)
    __aeabi_memclr4                          0x080002c3   Thumb Code     0  memseta.o(.text)
    __aeabi_memclr8                          0x080002c3   Thumb Code     0  memseta.o(.text)
    _memset$wrapper                          0x080002c7   Thumb Code    18  memseta.o(.text)
    strcmp                                   0x080002d9   Thumb Code    28  strcmp.o(.text)
    __aeabi_dadd                             0x080002f5   Thumb Code   322  dadd.o(.text)
    __aeabi_dsub                             0x08000437   Thumb Code     6  dadd.o(.text)
    __aeabi_drsub                            0x0800043d   Thumb Code     6  dadd.o(.text)
    __aeabi_dmul                             0x08000443   Thumb Code   228  dmul.o(.text)
    __aeabi_ddiv                             0x08000527   Thumb Code   222  ddiv.o(.text)
    __aeabi_i2d                              0x08000605   Thumb Code    34  dflti.o(.text)
    __aeabi_ui2d                             0x08000627   Thumb Code    26  dfltui.o(.text)
    __aeabi_d2iz                             0x08000641   Thumb Code    62  dfixi.o(.text)
    __aeabi_cdcmpeq                          0x08000681   Thumb Code     0  cdcmple.o(.text)
    __aeabi_cdcmple                          0x08000681   Thumb Code    48  cdcmple.o(.text)
    __aeabi_cdrcmple                         0x080006b1   Thumb Code    48  cdrcmple.o(.text)
    __aeabi_d2f                              0x080006e1   Thumb Code    56  d2f.o(.text)
    __aeabi_uidiv                            0x08000719   Thumb Code     0  uidiv.o(.text)
    __aeabi_uidivmod                         0x08000719   Thumb Code    44  uidiv.o(.text)
    __aeabi_uldivmod                         0x08000745   Thumb Code    98  uldiv.o(.text)
    __aeabi_llsl                             0x080007a7   Thumb Code    30  llshl.o(.text)
    _ll_shift_l                              0x080007a7   Thumb Code     0  llshl.o(.text)
    __aeabi_llsr                             0x080007c5   Thumb Code    32  llushr.o(.text)
    _ll_ushift_r                             0x080007c5   Thumb Code     0  llushr.o(.text)
    __aeabi_lasr                             0x080007e5   Thumb Code    36  llsshr.o(.text)
    _ll_sshift_r                             0x080007e5   Thumb Code     0  llsshr.o(.text)
    __I$use$fp                               0x08000809   Thumb Code     0  iusefp.o(.text)
    _float_round                             0x08000809   Thumb Code    18  fepilogue.o(.text)
    _float_epilogue                          0x0800081b   Thumb Code    92  fepilogue.o(.text)
    _double_round                            0x08000877   Thumb Code    30  depilogue.o(.text)
    _double_epilogue                         0x08000895   Thumb Code   156  depilogue.o(.text)
    __aeabi_d2ulz                            0x08000931   Thumb Code    48  dfixul.o(.text)
    __scatterload                            0x08000961   Thumb Code    28  init.o(.text)
    __scatterload_rt2                        0x08000961   Thumb Code     0  init.o(.text)
    __decompress                             0x08000985   Thumb Code     0  __dczerorl2.o(.text)
    __decompress1                            0x08000985   Thumb Code    86  __dczerorl2.o(.text)
    ADC_Battery_Init                         0x080009dd   Thumb Code   170  adc_battery_1.o(i.ADC_Battery_Init)
    ADC_Cmd                                  0x08000a95   Thumb Code    24  stm32f4xx_adc.o(i.ADC_Cmd)
    ADC_CommonInit                           0x08000aad   Thumb Code    30  stm32f4xx_adc.o(i.ADC_CommonInit)
    ADC_DMACmd                               0x08000ad5   Thumb Code    24  stm32f4xx_adc.o(i.ADC_DMACmd)
    ADC_DMARequestAfterLastTransferCmd       0x08000aed   Thumb Code    24  stm32f4xx_adc.o(i.ADC_DMARequestAfterLastTransferCmd)
    ADC_Init                                 0x08000b05   Thumb Code    66  stm32f4xx_adc.o(i.ADC_Init)
    ADC_RegularChannelConfig                 0x08000b51   Thumb Code   116  stm32f4xx_adc.o(i.ADC_RegularChannelConfig)
    ADC_Start                                0x08000bc5   Thumb Code    58  adc_battery_1.o(i.ADC_Start)
    ADC_dma_int                              0x08000c05   Thumb Code   134  adc_battery_1.o(i.ADC_dma_int)
    BME280_Init                              0x08000caf   Thumb Code    54  bme280_1.o(i.BME280_Init)
    BME280_Read_All                          0x08000ce5   Thumb Code  1422  bme280_1.o(i.BME280_Read_All)
    BME_POWER_OFF                            0x08001399   Thumb Code    20  bme280_1.o(i.BME_POWER_OFF)
    BusFault_Handler                         0x080013cf   Thumb Code     2  stm32f4xx_it.o(i.BusFault_Handler)
    DEC_BCD                                  0x080013d1   Thumb Code    22  ds3231_1.o(i.DEC_BCD)
    DMA2_Stream0_IRQHandler                  0x080013e9   Thumb Code   182  main.o(i.DMA2_Stream0_IRQHandler)
    DMA_ClearFlag                            0x080014c5   Thumb Code    32  stm32f4xx_dma.o(i.DMA_ClearFlag)
    DMA_ClearITPendingBit                    0x080014f1   Thumb Code    32  stm32f4xx_dma.o(i.DMA_ClearITPendingBit)
    DMA_Cmd                                  0x0800151d   Thumb Code    24  stm32f4xx_dma.o(i.DMA_Cmd)
    DMA_DoubleBufferModeCmd                  0x08001535   Thumb Code    24  stm32f4xx_dma.o(i.DMA_DoubleBufferModeCmd)
    DMA_DoubleBufferModeConfig               0x0800154d   Thumb Code    26  stm32f4xx_dma.o(i.DMA_DoubleBufferModeConfig)
    DMA_GetCurrentMemoryTarget               0x08001567   Thumb Code    14  stm32f4xx_dma.o(i.DMA_GetCurrentMemoryTarget)
    DMA_GetITStatus                          0x08001575   Thumb Code    68  stm32f4xx_dma.o(i.DMA_GetITStatus)
    DMA_ITConfig                             0x080015c9   Thumb Code    50  stm32f4xx_dma.o(i.DMA_ITConfig)
    DMA_Init                                 0x080015fd   Thumb Code    80  stm32f4xx_dma.o(i.DMA_Init)
    DMA_StructInit                           0x08001651   Thumb Code    34  stm32f4xx_dma.o(i.DMA_StructInit)
    DS3231_ClearAlarmFlag                    0x08001673   Thumb Code    72  ds3231_1.o(i.DS3231_ClearAlarmFlag)
    DS3231_EnableAlarmInterrupt              0x080016bb   Thumb Code   108  ds3231_1.o(i.DS3231_EnableAlarmInterrupt)
    DS3231_SetAlarm1Daily                    0x08001727   Thumb Code    98  ds3231_1.o(i.DS3231_SetAlarm1Daily)
    DS3231_SetAlarm2Daily                    0x08001789   Thumb Code    72  ds3231_1.o(i.DS3231_SetAlarm2Daily)
    DS3231_SetDateTime                       0x080017d1   Thumb Code   224  ds3231_1.o(i.DS3231_SetDateTime)
    DS3231_getdate                           0x080018e9   Thumb Code   112  ds3231_1.o(i.DS3231_getdate)
    DS3231_gettime                           0x08001959   Thumb Code    84  ds3231_1.o(i.DS3231_gettime)
    DS3231_setDate                           0x080019ad   Thumb Code   180  ds3231_1.o(i.DS3231_setDate)
    DS3231_setTime                           0x08001ab1   Thumb Code   120  ds3231_1.o(i.DS3231_setTime)
    DebugMon_Handler                         0x08001b29   Thumb Code     2  stm32f4xx_it.o(i.DebugMon_Handler)
    Delay_TIM_Init                           0x08001b2d   Thumb Code    64  delay.o(i.Delay_TIM_Init)
    Delay_us                                 0x08001b75   Thumb Code    66  delay.o(i.Delay_us)
    EM7028_Get_HRS1                          0x08001bdd   Thumb Code    26  em70x8.o(i.EM7028_Get_HRS1)
    EM7028_Get_ID                            0x08001bf7   Thumb Code     6  em70x8.o(i.EM7028_Get_ID)
    EM7028_ReadOneReg                        0x08001bfd   Thumb Code    30  em70x8.o(i.EM7028_ReadOneReg)
    EM7028_WriteOneReg                       0x08001c1b   Thumb Code    22  em70x8.o(i.EM7028_WriteOneReg)
    EM7028_hrs_DisEnable                     0x08001c31   Thumb Code    46  em70x8.o(i.EM7028_hrs_DisEnable)
    EM7028_hrs_Enable                        0x08001c5f   Thumb Code    46  em70x8.o(i.EM7028_hrs_Enable)
    EM7028_hrs_init                          0x08001c8d   Thumb Code    78  em70x8.o(i.EM7028_hrs_init)
    EXTI0_IRQHandler                         0x08001cdd   Thumb Code    90  key_1.o(i.EXTI0_IRQHandler)
    EXTI15_10_IRQHandler                     0x08001d41   Thumb Code    62  key_1.o(i.EXTI15_10_IRQHandler)
    EXTI1_IRQHandler                         0x08001d89   Thumb Code    66  main.o(i.EXTI1_IRQHandler)
    EXTI4_IRQHandler                         0x08001dd5   Thumb Code    64  main.o(i.EXTI4_IRQHandler)
    EXTI_ClearFlag                           0x08001e1d   Thumb Code     6  stm32f4xx_exti.o(i.EXTI_ClearFlag)
    EXTI_ClearITPendingBit                   0x08001e29   Thumb Code     6  stm32f4xx_exti.o(i.EXTI_ClearITPendingBit)
    EXTI_Configuration                       0x08001e35   Thumb Code   236  key_1.o(i.EXTI_Configuration)
    EXTI_GetITStatus                         0x08001f21   Thumb Code    16  stm32f4xx_exti.o(i.EXTI_GetITStatus)
    EXTI_Init                                0x08001f35   Thumb Code   110  stm32f4xx_exti.o(i.EXTI_Init)
    Enter_Standby_Mode                       0x08001fa9   Thumb Code    36  key_1.o(i.Enter_Standby_Mode)
    FreeRTOS_Start                           0x08001fdd   Thumb Code   310  main.o(i.FreeRTOS_Start)
    GPIO_Init                                0x08002181   Thumb Code   124  stm32f4xx_gpio.o(i.GPIO_Init)
    GPIO_PinAFConfig                         0x080021fd   Thumb Code    32  stm32f4xx_gpio.o(i.GPIO_PinAFConfig)
    GPIO_ReadInputDataBit                    0x0800221d   Thumb Code    14  stm32f4xx_gpio.o(i.GPIO_ReadInputDataBit)
    GPIO_ResetBits                           0x0800222b   Thumb Code     6  stm32f4xx_gpio.o(i.GPIO_ResetBits)
    GPIO_SetBits                             0x08002231   Thumb Code     4  stm32f4xx_gpio.o(i.GPIO_SetBits)
    GPIO_WriteBit                            0x08002235   Thumb Code    14  stm32f4xx_gpio.o(i.GPIO_WriteBit)
    GetKeyNum                                0x08002245   Thumb Code    38  key_1.o(i.GetKeyNum)
    HR_AlgoInit                              0x08002271   Thumb Code    38  hralgorythm.o(i.HR_AlgoInit)
    HR_Calculate                             0x080022a1   Thumb Code   200  hralgorythm.o(i.HR_Calculate)
    HR_SpO2_Hander                           0x08002451   Thumb Code   322  main.o(i.HR_SpO2_Hander)
    HR_SpO2_showm                            0x08002681   Thumb Code   170  oled_clock_1.o(i.HR_SpO2_showm)
    HardFault_Handler                        0x08002745   Thumb Code     2  stm32f4xx_it.o(i.HardFault_Handler)
    I2C_AcknowledgeConfig                    0x0800276d   Thumb Code    24  stm32f4xx_i2c.o(i.I2C_AcknowledgeConfig)
    I2C_ClearFlag                            0x08002785   Thumb Code     6  stm32f4xx_i2c.o(i.I2C_ClearFlag)
    I2C_Cmd                                  0x0800278b   Thumb Code    24  stm32f4xx_i2c.o(i.I2C_Cmd)
    I2C_GenerateSTART                        0x080027a3   Thumb Code    24  stm32f4xx_i2c.o(i.I2C_GenerateSTART)
    I2C_GenerateSTOP                         0x080027bb   Thumb Code    24  stm32f4xx_i2c.o(i.I2C_GenerateSTOP)
    I2C_GetFlagStatus                        0x080027d3   Thumb Code    50  stm32f4xx_i2c.o(i.I2C_GetFlagStatus)
    I2C_Init                                 0x08002805   Thumb Code   178  stm32f4xx_i2c.o(i.I2C_Init)
    I2C_ReadRegister                         0x080028c1   Thumb Code    16  stm32f4xx_i2c.o(i.I2C_ReadRegister)
    I2C_ReceiveData                          0x080028d1   Thumb Code     6  stm32f4xx_i2c.o(i.I2C_ReceiveData)
    I2C_SendData                             0x080028d7   Thumb Code     4  stm32f4xx_i2c.o(i.I2C_SendData)
    IIC_DS3231_ByteRead                      0x080028db   Thumb Code    12  ds3231_1.o(i.IIC_DS3231_ByteRead)
    IIC_DS3231_ByteWrite                     0x080028e7   Thumb Code    22  ds3231_1.o(i.IIC_DS3231_ByteWrite)
    Key_Init                                 0x080028fd   Thumb Code   130  key_1.o(i.Key_Init)
    MPU6050_Proc                             0x0800299d   Thumb Code   150  mpu6050_1.o(i.MPU6050_Proc)
    MemManage_Handler                        0x08002a49   Thumb Code     2  stm32f4xx_it.o(i.MemManage_Handler)
    Motor_GPIO_Init                          0x08002a4d   Thumb Code    48  motor.o(i.Motor_GPIO_Init)
    Motor_GPIO_ON                            0x08002a81   Thumb Code    10  motor.o(i.Motor_GPIO_ON)
    Motor_GPIO_off                           0x08002a91   Thumb Code    10  motor.o(i.Motor_GPIO_off)
    Motor_alarm                              0x08002aa1   Thumb Code    72  main.o(i.Motor_alarm)
    NMI_Handler                              0x08002b01   Thumb Code     2  stm32f4xx_it.o(i.NMI_Handler)
    NVIC_Configuration                       0x08002b03   Thumb Code    42  usart_1.o(i.NVIC_Configuration)
    NVIC_Init                                0x08002b2d   Thumb Code    98  misc.o(i.NVIC_Init)
    NVIC_PriorityGroupConfig                 0x08002b95   Thumb Code    10  misc.o(i.NVIC_PriorityGroupConfig)
    NVIC_adc_Configuration                   0x08002ba9   Thumb Code    42  adc_battery_1.o(i.NVIC_adc_Configuration)
    OLED_Clear                               0x08002bd5   Thumb Code    34  oled_1.o(i.OLED_Clear)
    OLED_ClearArea                           0x08002bfd   Thumb Code    88  oled_1.o(i.OLED_ClearArea)
    OLED_Init                                0x08002c59   Thumb Code   152  oled_1.o(i.OLED_Init)
    OLED_Pow                                 0x08002cf1   Thumb Code    16  oled_1.o(i.OLED_Pow)
    OLED_SetCursor                           0x08002d01   Thumb Code    34  oled_1.o(i.OLED_SetCursor)
    OLED_ShowChar                            0x08002d25   Thumb Code    78  oled_1.o(i.OLED_ShowChar)
    OLED_ShowImage                           0x08002d81   Thumb Code   176  oled_1.o(i.OLED_ShowImage)
    OLED_ShowNum                             0x08002e35   Thumb Code    72  oled_1.o(i.OLED_ShowNum)
    OLED_ShowString                          0x08002e7d   Thumb Code   382  oled_1.o(i.OLED_ShowString)
    OLED_Update                              0x08003005   Thumb Code    34  oled_1.o(i.OLED_Update)
    OLED_WriteCommand                        0x0800302d   Thumb Code    22  hi2c.o(i.OLED_WriteCommand)
    OLED_WriteData                           0x08003045   Thumb Code   330  hi2c.o(i.OLED_WriteData)
    PWR_ClearFlag                            0x0800319d   Thumb Code    12  stm32f4xx_pwr.o(i.PWR_ClearFlag)
    PWR_EnterSTANDBYMode                     0x080031ad   Thumb Code    24  stm32f4xx_pwr.o(i.PWR_EnterSTANDBYMode)
    PWR_GetFlagStatus                        0x080031cd   Thumb Code    16  stm32f4xx_pwr.o(i.PWR_GetFlagStatus)
    PWR_WakeUpPinCmd                         0x080031e1   Thumb Code     6  stm32f4xx_pwr.o(i.PWR_WakeUpPinCmd)
    RCC_AHB1PeriphClockCmd                   0x080031ed   Thumb Code    22  stm32f4xx_rcc.o(i.RCC_AHB1PeriphClockCmd)
    RCC_APB1PeriphClockCmd                   0x08003209   Thumb Code    22  stm32f4xx_rcc.o(i.RCC_APB1PeriphClockCmd)
    RCC_APB2PeriphClockCmd                   0x08003225   Thumb Code    22  stm32f4xx_rcc.o(i.RCC_APB2PeriphClockCmd)
    RCC_GetClocksFreq                        0x08003241   Thumb Code   148  stm32f4xx_rcc.o(i.RCC_GetClocksFreq)
    SYSCFG_EXTILineConfig                    0x080032e1   Thumb Code    38  stm32f4xx_syscfg.o(i.SYSCFG_EXTILineConfig)
    SetTimeAlarm_Hander                      0x08003381   Thumb Code   910  main.o(i.SetTimeAlarm_Hander)
    SysTick_Handler                          0x08003899   Thumb Code    38  port.o(i.SysTick_Handler)
    SystemInit                               0x080038c5   Thumb Code    72  system_stm32f4xx.o(i.SystemInit)
    TIM2_IRQHandler                          0x08003921   Thumb Code    60  main.o(i.TIM2_IRQHandler)
    TIM2_Int_Init                            0x08003965   Thumb Code    94  timer_1.o(i.TIM2_Int_Init)
    TIM3_IRQHandler                          0x080039c5   Thumb Code    42  timer_1.o(i.TIM3_IRQHandler)
    TIM3_Int_Init                            0x080039f9   Thumb Code    76  timer_1.o(i.TIM3_Int_Init)
    TIM_ClearITPendingBit                    0x08003a4d   Thumb Code     6  stm32f4xx_tim.o(i.TIM_ClearITPendingBit)
    TIM_Cmd                                  0x08003a53   Thumb Code    24  stm32f4xx_tim.o(i.TIM_Cmd)
    TIM_GetITStatus                          0x08003a6b   Thumb Code    24  stm32f4xx_tim.o(i.TIM_GetITStatus)
    TIM_ITConfig                             0x08003a83   Thumb Code    20  stm32f4xx_tim.o(i.TIM_ITConfig)
    TIM_OC4Init                              0x08003a99   Thumb Code    92  stm32f4xx_tim.o(i.TIM_OC4Init)
    TIM_OCStructInit                         0x08003afd   Thumb Code    20  stm32f4xx_tim.o(i.TIM_OCStructInit)
    TIM_TimeBaseInit                         0x08003b11   Thumb Code    96  stm32f4xx_tim.o(i.TIM_TimeBaseInit)
    USART2_IRQHandler                        0x08003b8d   Thumb Code    68  main.o(i.USART2_IRQHandler)
    USART_Cmd                                0x08003bdd   Thumb Code    24  stm32f4xx_usart.o(i.USART_Cmd)
    USART_Config                             0x08003bf5   Thumb Code   162  usart_1.o(i.USART_Config)
    USART_GetFlagStatus                      0x08003ca1   Thumb Code    14  stm32f4xx_usart.o(i.USART_GetFlagStatus)
    USART_GetITStatus                        0x08003caf   Thumb Code    64  stm32f4xx_usart.o(i.USART_GetITStatus)
    USART_ITConfig                           0x08003cef   Thumb Code    54  stm32f4xx_usart.o(i.USART_ITConfig)
    USART_Init                               0x08003d25   Thumb Code   180  stm32f4xx_usart.o(i.USART_Init)
    USART_ReceiveData                        0x08003de1   Thumb Code     8  stm32f4xx_usart.o(i.USART_ReceiveData)
    USART_SendData                           0x08003de9   Thumb Code     8  stm32f4xx_usart.o(i.USART_SendData)
    UsageFault_Handler                       0x08003df1   Thumb Code     2  stm32f4xx_it.o(i.UsageFault_Handler)
    __0printf                                0x08003df5   Thumb Code    22  printfa.o(i.__0printf)
    __1printf                                0x08003df5   Thumb Code     0  printfa.o(i.__0printf)
    __2printf                                0x08003df5   Thumb Code     0  printfa.o(i.__0printf)
    __c89printf                              0x08003df5   Thumb Code     0  printfa.o(i.__0printf)
    printf                                   0x08003df5   Thumb Code     0  printfa.o(i.__0printf)
    __ARM_fpclassifyf                        0x08003e15   Thumb Code    38  fpclassifyf.o(i.__ARM_fpclassifyf)
    __hardfp_atan2f                          0x08003e3d   Thumb Code   502  atan2f.o(i.__hardfp_atan2f)
    __hardfp_sqrtf                           0x0800408d   Thumb Code    58  sqrtf.o(i.__hardfp_sqrtf)
    __mathlib_flt_infnan2                    0x080040c7   Thumb Code     6  funder.o(i.__mathlib_flt_infnan2)
    __mathlib_flt_underflow                  0x080040cd   Thumb Code    10  funder.o(i.__mathlib_flt_underflow)
    __scatterload_copy                       0x080040dd   Thumb Code    14  handlers.o(i.__scatterload_copy)
    __scatterload_null                       0x080040eb   Thumb Code     2  handlers.o(i.__scatterload_null)
    __scatterload_zeroinit                   0x080040ed   Thumb Code    14  handlers.o(i.__scatterload_zeroinit)
    __set_errno                              0x080040fd   Thumb Code     6  errno.o(i.__set_errno)
    adc_tim_init                             0x080049bd   Thumb Code    84  adc_battery_1.o(i.adc_tim_init)
    alarm_stop_timer_callback                0x08004a15   Thumb Code    42  main.o(i.alarm_stop_timer_callback)
    battery_show                             0x08004a45   Thumb Code   166  oled_clock_1.o(i.battery_show)
    battery_update                           0x08004af1   Thumb Code   120  main.o(i.battery_update)
    bell_switch                              0x08004b8d   Thumb Code   196  main.o(i.bell_switch)
    decrementAlarmValue                      0x08004c59   Thumb Code    82  main.o(i.decrementAlarmValue)
    decrementTimeValue                       0x08004cb1   Thumb Code   132  main.o(i.decrementTimeValue)
    dequeue                                  0x08004d3d   Thumb Code    96  user_queue.o(i.dequeue)
    disableClock                             0x08004ee9   Thumb Code     8  timer_1.o(i.disableClock)
    display_day                              0x08004ef5   Thumb Code    86  oled_clock_1.o(i.display_day)
    display_hour                             0x08004f4b   Thumb Code    86  oled_clock_1.o(i.display_hour)
    display_min                              0x08004fa1   Thumb Code    86  oled_clock_1.o(i.display_min)
    display_month                            0x08004ff7   Thumb Code    86  oled_clock_1.o(i.display_month)
    display_sec                              0x0800504d   Thumb Code    86  oled_clock_1.o(i.display_sec)
    display_week                             0x080050a3   Thumb Code    48  oled_clock_1.o(i.display_week)
    display_year                             0x080050d3   Thumb Code    84  oled_clock_1.o(i.display_year)
    eTaskConfirmSleepModeStatus              0x08005129   Thumb Code    54  tasks.o(i.eTaskConfirmSleepModeStatus)
    enableClock                              0x08005169   Thumb Code    26  timer_1.o(i.enableClock)
    enqueue                                  0x08005189   Thumb Code    44  user_queue.o(i.enqueue)
    fputc                                    0x080051d5   Thumb Code    30  usart_1.o(i.fputc)
    getMaxDaysOfMonth                        0x080051f9   Thumb Code    42  main.o(i.getMaxDaysOfMonth)
    h_I2C_ReadReceives                       0x08005231   Thumb Code   510  hi2c.o(i.h_I2C_ReadReceives)
    h_I2C_SendBytes                          0x0800543d   Thumb Code   248  hi2c.o(i.h_I2C_SendBytes)
    handleAlarmSettingKey                    0x08005541   Thumb Code   126  main.o(i.handleAlarmSettingKey)
    handleKeyPress                           0x08005609   Thumb Code   626  main.o(i.handleKeyPress)
    handleTimeSettingKey                     0x08005881   Thumb Code   130  main.o(i.handleTimeSettingKey)
    hi2c_init                                0x08005959   Thumb Code   126  hi2c.o(i.hi2c_init)
    incrementAlarmValue                      0x080059e5   Thumb Code   102  main.o(i.incrementAlarmValue)
    incrementTimeValue                       0x08005a51   Thumb Code   162  main.o(i.incrementTimeValue)
    initQueue                                0x08005afd   Thumb Code    28  user_queue.o(i.initQueue)
    isLeapYear                               0x08005b19   Thumb Code    38  main.o(i.isLeapYear)
    isQueueEmpty                             0x08005b3f   Thumb Code    14  user_queue.o(i.isQueueEmpty)
    isQueueFull                              0x08005b4d   Thumb Code    14  user_queue.o(i.isQueueFull)
    is_digit_char                            0x08005b5b   Thumb Code    14  ds3231_1.o(i.is_digit_char)
    main                                     0x08005b69   Thumb Code    22  main.o(i.main)
    mpu6050_init                             0x08005b7f   Thumb Code    44  mpu6050_1.o(i.mpu6050_init)
    parse_app_alarm                          0x08005cd7   Thumb Code   174  ds3231_1.o(i.parse_app_alarm)
    parse_app_time                           0x08005d85   Thumb Code   390  ds3231_1.o(i.parse_app_time)
    power_switch_init                        0x08005f0d   Thumb Code    92  key_1.o(i.power_switch_init)
    pvPortMalloc                             0x08006925   Thumb Code   172  heap_4.o(i.pvPortMalloc)
    pvTaskIncrementMutexHeldCount            0x080069d5   Thumb Code    16  tasks.o(i.pvTaskIncrementMutexHeldCount)
    pxPortInitialiseStack                    0x080069e9   Thumb Code    30  port.o(i.pxPortInitialiseStack)
    saveAlarmSettings                        0x08006a0d   Thumb Code    74  main.o(i.saveAlarmSettings)
    saveTimeSettings                         0x08006acd   Thumb Code    98  main.o(i.saveTimeSettings)
    sensor_Hander                            0x08006b95   Thumb Code   128  main.o(i.sensor_Hander)
    show_bme280_time                         0x08006c21   Thumb Code   138  oled_clock_1.o(i.show_bme280_time)
    show_step                                0x08006cb5   Thumb Code   148  oled_clock_1.o(i.show_step)
    show_time                                0x08006d55   Thumb Code   162  oled_clock_1.o(i.show_time)
    show_timer                               0x08006df9   Thumb Code   102  timer_1.o(i.show_timer)
    sleep_timer_callback                     0x08006e65   Thumb Code    30  key_1.o(i.sleep_timer_callback)
    stopwatch                                0x08006e89   Thumb Code    62  main.o(i.stopwatch)
    task_init                                0x08006ecd   Thumb Code   100  main.o(i.task_init)
    task_key                                 0x08006f49   Thumb Code   340  main.o(i.task_key)
    task_ring_battery                        0x080070b5   Thumb Code    66  main.o(i.task_ring_battery)
    task_step_detect                         0x080070f9   Thumb Code   114  main.o(i.task_step_detect)
    task_time                                0x08007171   Thumb Code   242  main.o(i.task_time)
    timer_loop                               0x0800726d   Thumb Code    96  timer_1.o(i.timer_loop)
    updateAlarmDisplay                       0x080072d1   Thumb Code   184  main.o(i.updateAlarmDisplay)
    updateTimeDisplay                        0x080073cd   Thumb Code   176  main.o(i.updateTimeDisplay)
    uxListRemove                             0x080074b1   Thumb Code    36  list.o(i.uxListRemove)
    uxTaskGetNumberOfTasks                   0x080074d5   Thumb Code     6  tasks.o(i.uxTaskGetNumberOfTasks)
    vAlarmBlinkTimerCallback                 0x080074e1   Thumb Code    42  main.o(i.vAlarmBlinkTimerCallback)
    vBlinkTimerCallback                      0x08007511   Thumb Code    42  main.o(i.vBlinkTimerCallback)
    vListInitialise                          0x08007541   Thumb Code    22  list.o(i.vListInitialise)
    vListInitialiseItem                      0x08007557   Thumb Code     6  list.o(i.vListInitialiseItem)
    vListInsert                              0x0800755d   Thumb Code    48  list.o(i.vListInsert)
    vListInsertEnd                           0x0800758d   Thumb Code    24  list.o(i.vListInsertEnd)
    vPortEnterCritical                       0x080075a5   Thumb Code    24  port.o(i.vPortEnterCritical)
    vPortExitCritical                        0x080075c1   Thumb Code    18  port.o(i.vPortExitCritical)
    vPortFree                                0x080075d9   Thumb Code    64  heap_4.o(i.vPortFree)
    vPortSetupTimerInterrupt                 0x0800761d   Thumb Code    42  port.o(i.vPortSetupTimerInterrupt)
    vPortSuppressTicksAndSleep               0x08007651   Thumb Code   208  port.o(i.vPortSuppressTicksAndSleep)
    vQueueWaitForMessageRestricted           0x08007729   Thumb Code    70  queue.o(i.vQueueWaitForMessageRestricted)
    vTaskDelay                               0x08007771   Thumb Code    48  tasks.o(i.vTaskDelay)
    vTaskDelete                              0x080077a5   Thumb Code   156  tasks.o(i.vTaskDelete)
    vTaskInternalSetTimeOutState             0x08007851   Thumb Code    12  tasks.o(i.vTaskInternalSetTimeOutState)
    vTaskMissedYield                         0x08007861   Thumb Code     8  tasks.o(i.vTaskMissedYield)
    vTaskPlaceOnEventList                    0x0800786d   Thumb Code    26  tasks.o(i.vTaskPlaceOnEventList)
    vTaskPlaceOnEventListRestricted          0x0800788d   Thumb Code    62  tasks.o(i.vTaskPlaceOnEventListRestricted)
    vTaskPriorityDisinheritAfterTimeout      0x080078d1   Thumb Code   148  tasks.o(i.vTaskPriorityDisinheritAfterTimeout)
    vTaskStartScheduler                      0x0800796d   Thumb Code    56  tasks.o(i.vTaskStartScheduler)
    vTaskStepTick                            0x080079a9   Thumb Code    40  tasks.o(i.vTaskStepTick)
    vTaskSuspendAll                          0x080079d5   Thumb Code    10  tasks.o(i.vTaskSuspendAll)
    vTaskSwitchContext                       0x080079e5   Thumb Code    70  tasks.o(i.vTaskSwitchContext)
    xPortStartScheduler                      0x08007a35   Thumb Code    52  port.o(i.xPortStartScheduler)
    xQueueAddToSet                           0x08007a75   Thumb Code    38  queue.o(i.xQueueAddToSet)
    xQueueCreateMutex                        0x08007a9b   Thumb Code    24  queue.o(i.xQueueCreateMutex)
    xQueueCreateSet                          0x08007ab3   Thumb Code     8  queue.o(i.xQueueCreateSet)
    xQueueGenericCreate                      0x08007abb   Thumb Code    64  queue.o(i.xQueueGenericCreate)
    xQueueGenericReset                       0x08007afd   Thumb Code   142  queue.o(i.xQueueGenericReset)
    xQueueGenericSend                        0x08007b91   Thumb Code   282  queue.o(i.xQueueGenericSend)
    xQueueGenericSendFromISR                 0x08007cb1   Thumb Code   152  queue.o(i.xQueueGenericSendFromISR)
    xQueueGiveFromISR                        0x08007d49   Thumb Code   124  queue.o(i.xQueueGiveFromISR)
    xQueueReceive                            0x08007dc5   Thumb Code   236  queue.o(i.xQueueReceive)
    xQueueSelectFromSet                      0x08007eb5   Thumb Code    18  queue.o(i.xQueueSelectFromSet)
    xQueueSemaphoreTake                      0x08007ec9   Thumb Code   286  queue.o(i.xQueueSemaphoreTake)
    xTaskCheckForTimeOut                     0x08007fed   Thumb Code    84  tasks.o(i.xTaskCheckForTimeOut)
    xTaskCreate                              0x08008045   Thumb Code    30  tasks.o(i.xTaskCreate)
    xTaskDelayUntil                          0x08008065   Thumb Code    84  tasks.o(i.xTaskDelayUntil)
    xTaskGenericNotifyFromISR                0x080080c1   Thumb Code   332  tasks.o(i.xTaskGenericNotifyFromISR)
    xTaskGenericNotifyWait                   0x08008215   Thumb Code   180  tasks.o(i.xTaskGenericNotifyWait)
    xTaskGetSchedulerState                   0x080082d1   Thumb Code    24  tasks.o(i.xTaskGetSchedulerState)
    xTaskGetTickCount                        0x080082ed   Thumb Code     6  tasks.o(i.xTaskGetTickCount)
    xTaskGetTickCountFromISR                 0x080082f9   Thumb Code     6  tasks.o(i.xTaskGetTickCountFromISR)
    xTaskIncrementTick                       0x08008305   Thumb Code   278  tasks.o(i.xTaskIncrementTick)
    xTaskPriorityDisinherit                  0x08008425   Thumb Code   132  tasks.o(i.xTaskPriorityDisinherit)
    xTaskPriorityInherit                     0x080084b1   Thumb Code   172  tasks.o(i.xTaskPriorityInherit)
    xTaskRemoveFromEventList                 0x08008565   Thumb Code   200  tasks.o(i.xTaskRemoveFromEventList)
    xTaskResumeAll                           0x08008635   Thumb Code   286  tasks.o(i.xTaskResumeAll)
    xTimerCreate                             0x08008761   Thumb Code    52  timers.o(i.xTimerCreate)
    xTimerCreateTimerTask                    0x08008795   Thumb Code    44  timers.o(i.xTimerCreateTimerTask)
    xTimerGenericCommandFromISR              0x080087d1   Thumb Code    40  timers.o(i.xTimerGenericCommandFromISR)
    xTimerGenericCommandFromTask             0x080087fd   Thumb Code    62  timers.o(i.xTimerGenericCommandFromTask)
    zero_timer                               0x08008841   Thumb Code    12  timer_1.o(i.zero_timer)
    OLED_F8x16                               0x08008860   Data        1520  oled_data_1.o(.constdata)
    OLED_F12x24                              0x08008e50   Data        3420  oled_data_1.o(.constdata)
    OLED_F6x8                                0x08009bac   Data         570  oled_data_1.o(.constdata)
    OLED_CF16x16                             0x08009de6   Data         407  oled_data_1.o(.constdata)
    battery                                  0x08009f7d   Data          32  oled_data_1.o(.constdata)
    sd_t                                     0x08009f9d   Data         228  oled_data_1.o(.constdata)
    temperature                              0x0800a081   Data          22  oled_data_1.o(.constdata)
    alalrm_data                              0x0800a097   Data          32  oled_data_1.o(.constdata)
    Region$$Table$$Base                      0x0800a0cc   Number         0  anon$$obj.o(Region$$Table)
    Region$$Table$$Limit                     0x0800a0ec   Number         0  anon$$obj.o(Region$$Table)
    SystemCoreClock                          0x20000000   Data           4  system_stm32f4xx.o(.data)
    AHBPrescTable                            0x20000004   Data          16  system_stm32f4xx.o(.data)
    mode                                     0x2000002b   Data           1  main.o(.data)
    last_second                              0x2000002c   Data           1  main.o(.data)
    set_run                                  0x2000002d   Data           1  main.o(.data)
    set_bell                                 0x2000002e   Data           1  main.o(.data)
    set_time                                 0x2000002f   Data           1  main.o(.data)
    set_shift                                0x20000030   Data           1  main.o(.data)
    set_shift_bell                           0x20000031   Data           1  main.o(.data)
    bell_data                                0x2000004c   Data           4  main.o(.data)
    xGlobalMutex                             0x20000064   Data           4  main.o(.data)
    sem_init                                 0x20000068   Data           4  main.o(.data)
    xAlarmSemaphore                          0x2000006c   Data           4  main.o(.data)
    mpu6050_queue                            0x20000070   Data           4  main.o(.data)
    key_mode_queue                           0x20000074   Data           4  main.o(.data)
    key_alarm_queue                          0x20000078   Data           4  main.o(.data)
    key_timeMode_queue                       0x2000007c   Data           4  main.o(.data)
    key_stopwatch_queue                      0x20000080   Data           4  main.o(.data)
    step_queue                               0x20000084   Data           4  main.o(.data)
    usart2_key_queue                         0x20000088   Data           4  main.o(.data)
    xI2CMutex                                0x2000008c   Data           4  main.o(.data)
    time_alarm_queue_set                     0x20000090   Data           4  main.o(.data)
    task_init_handle                         0x20000094   Data           4  main.o(.data)
    task_key_handle                          0x20000098   Data           4  main.o(.data)
    task_time_handle                         0x2000009c   Data           4  main.o(.data)
    SetTime_handle                           0x200000a0   Data           4  main.o(.data)
    task_ring_battery_handle                 0x200000a4   Data           4  main.o(.data)
    xStepSemaphore                           0x200000a8   Data           4  main.o(.data)
    task_step_handle                         0x200000ac   Data           4  main.o(.data)
    max30102_int_triggered                   0x200000b1   Data           1  max30102.o(.data)
    pxCurrentTCB                             0x200000e0   Data           4  tasks.o(.data)
    adc_ready_buffer                         0x20000140   Data           4  adc_battery_1.o(.data)
    adc_ready_count                          0x20000144   Data           2  adc_battery_1.o(.data)
    EXTI_IRQ_KEY                             0x20000148   Data           1  key_1.o(.data)
    KeyPressed                               0x20000149   Data           1  key_1.o(.data)
    Sleep_switch                             0x2000014c   Data           4  key_1.o(.data)
    is_wrist_lifted                          0x20000152   Data           1  mpu6050_1.o(.data)
    step_numbers                             0x20000154   Data           2  mpu6050_1.o(.data)
    pitch                                    0x20000190   Data           4  mpu6050_1.o(.data)
    roll                                     0x20000194   Data           4  mpu6050_1.o(.data)
    yaw                                      0x20000198   Data           4  mpu6050_1.o(.data)
    start_flag                               0x2000019c   Data           1  timer_1.o(.data)
    zero_flag                                0x2000019d   Data           1  timer_1.o(.data)
    update_flag                              0x2000019e   Data           1  timer_1.o(.data)
    m                                        0x2000019f   Data           1  timer_1.o(.data)
    s                                        0x200001a0   Data           1  timer_1.o(.data)
    ms                                       0x200001a1   Data           1  timer_1.o(.data)
    tim_PeriodNum                            0x200001a2   Data           1  timer_1.o(.data)
    timestamp                                0x200001a4   Data           2  timer_1.o(.data)
    __stdout                                 0x200001a8   Data           4  stdout.o(.data)
    time_data                                0x200001b0   Data          14  main.o(.bss)
    calendar                                 0x200001be   Data          10  main.o(.bss)
    bme280_data                              0x200001c8   Data          20  main.o(.bss)
    adc_buffer                               0x2000a3a4   Data          60  adc_battery_1.o(.bss)
    adc_buffer_b                             0x2000a3e0   Data          60  adc_battery_1.o(.bss)
    calib                                    0x2000a41c   Data          40  bme280_1.o(.bss)
    OLED_DisplayBuf                          0x2000a444   Data        1024  oled_1.o(.bss)
    __initial_sp                             0x2000ac48   Data           0  startup_stm32f411xe.o(STACK)



==============================================================================

Memory Map of the image

  Image Entry point : 0x08000199

  Load Region LR_IROM1 (Base: 0x08000000, Size: 0x0000a29c, Max: 0x00010000, ABSOLUTE, COMPRESSED[0x0000a120])

    Execution Region ER_IROM1 (Exec base: 0x08000000, Load base: 0x08000000, Size: 0x0000a0ec, Max: 0x00010000, ABSOLUTE)

    Exec Addr    Load Addr    Size         Type   Attr      Idx    E Section Name        Object

    0x08000000   0x08000000   0x00000198   Data   RO         5032    RESET               startup_stm32f411xe.o
    0x08000198   0x08000198   0x00000000   Code   RO         8312  * .ARM.Collect$$$$00000000  mc_w.l(entry.o)
    0x08000198   0x08000198   0x00000004   Code   RO         8661    .ARM.Collect$$$$00000001  mc_w.l(entry2.o)
    0x0800019c   0x0800019c   0x00000004   Code   RO         8664    .ARM.Collect$$$$00000004  mc_w.l(entry5.o)
    0x080001a0   0x080001a0   0x00000000   Code   RO         8666    .ARM.Collect$$$$00000008  mc_w.l(entry7b.o)
    0x080001a0   0x080001a0   0x00000000   Code   RO         8668    .ARM.Collect$$$$0000000A  mc_w.l(entry8b.o)
    0x080001a0   0x080001a0   0x00000008   Code   RO         8669    .ARM.Collect$$$$0000000B  mc_w.l(entry9a.o)
    0x080001a8   0x080001a8   0x00000000   Code   RO         8671    .ARM.Collect$$$$0000000D  mc_w.l(entry10a.o)
    0x080001a8   0x080001a8   0x00000000   Code   RO         8673    .ARM.Collect$$$$0000000F  mc_w.l(entry11a.o)
    0x080001a8   0x080001a8   0x00000004   Code   RO         8662    .ARM.Collect$$$$00002712  mc_w.l(entry2.o)
    0x080001ac   0x080001ac   0x000000be   Code   RO         5798    .emb_text           port.o
    0x0800026a   0x0800026a   0x00000002   PAD
    0x0800026c   0x0800026c   0x00000024   Code   RO         5033    .text               startup_stm32f411xe.o
    0x08000290   0x08000290   0x00000024   Code   RO         8315    .text               mc_w.l(memcpya.o)
    0x080002b4   0x080002b4   0x00000024   Code   RO         8317    .text               mc_w.l(memseta.o)
    0x080002d8   0x080002d8   0x0000001c   Code   RO         8321    .text               mc_w.l(strcmp.o)
    0x080002f4   0x080002f4   0x0000014e   Code   RO         8588    .text               mf_w.l(dadd.o)
    0x08000442   0x08000442   0x000000e4   Code   RO         8590    .text               mf_w.l(dmul.o)
    0x08000526   0x08000526   0x000000de   Code   RO         8592    .text               mf_w.l(ddiv.o)
    0x08000604   0x08000604   0x00000022   Code   RO         8596    .text               mf_w.l(dflti.o)
    0x08000626   0x08000626   0x0000001a   Code   RO         8598    .text               mf_w.l(dfltui.o)
    0x08000640   0x08000640   0x0000003e   Code   RO         8600    .text               mf_w.l(dfixi.o)
    0x0800067e   0x0800067e   0x00000002   PAD
    0x08000680   0x08000680   0x00000030   Code   RO         8604    .text               mf_w.l(cdcmple.o)
    0x080006b0   0x080006b0   0x00000030   Code   RO         8606    .text               mf_w.l(cdrcmple.o)
    0x080006e0   0x080006e0   0x00000038   Code   RO         8608    .text               mf_w.l(d2f.o)
    0x08000718   0x08000718   0x0000002c   Code   RO         8676    .text               mc_w.l(uidiv.o)
    0x08000744   0x08000744   0x00000062   Code   RO         8678    .text               mc_w.l(uldiv.o)
    0x080007a6   0x080007a6   0x0000001e   Code   RO         8680    .text               mc_w.l(llshl.o)
    0x080007c4   0x080007c4   0x00000020   Code   RO         8682    .text               mc_w.l(llushr.o)
    0x080007e4   0x080007e4   0x00000024   Code   RO         8684    .text               mc_w.l(llsshr.o)
    0x08000808   0x08000808   0x00000000   Code   RO         8693    .text               mc_w.l(iusefp.o)
    0x08000808   0x08000808   0x0000006e   Code   RO         8694    .text               mf_w.l(fepilogue.o)
    0x08000876   0x08000876   0x000000ba   Code   RO         8696    .text               mf_w.l(depilogue.o)
    0x08000930   0x08000930   0x00000030   Code   RO         8700    .text               mf_w.l(dfixul.o)
    0x08000960   0x08000960   0x00000024   Code   RO         8706    .text               mc_w.l(init.o)
    0x08000984   0x08000984   0x00000056   Code   RO         8716    .text               mc_w.l(__dczerorl2.o)
    0x080009da   0x080009da   0x00000002   PAD
    0x080009dc   0x080009dc   0x000000b8   Code   RO         7242    i.ADC_Battery_Init  adc_battery_1.o
    0x08000a94   0x08000a94   0x00000018   Code   RO          268    i.ADC_Cmd           stm32f4xx_adc.o
    0x08000aac   0x08000aac   0x00000028   Code   RO          269    i.ADC_CommonInit    stm32f4xx_adc.o
    0x08000ad4   0x08000ad4   0x00000018   Code   RO          272    i.ADC_DMACmd        stm32f4xx_adc.o
    0x08000aec   0x08000aec   0x00000018   Code   RO          273    i.ADC_DMARequestAfterLastTransferCmd  stm32f4xx_adc.o
    0x08000b04   0x08000b04   0x0000004c   Code   RO          288    i.ADC_Init          stm32f4xx_adc.o
    0x08000b50   0x08000b50   0x00000074   Code   RO          293    i.ADC_RegularChannelConfig  stm32f4xx_adc.o
    0x08000bc4   0x08000bc4   0x00000040   Code   RO         7243    i.ADC_Start         adc_battery_1.o
    0x08000c04   0x08000c04   0x00000098   Code   RO         7244    i.ADC_dma_int       adc_battery_1.o
    0x08000c9c   0x08000c9c   0x00000012   Code   RO         7355    i.BCD_DEC           ds3231_1.o
    0x08000cae   0x08000cae   0x00000036   Code   RO         7298    i.BME280_Init       bme280_1.o
    0x08000ce4   0x08000ce4   0x000005a0   Code   RO         7299    i.BME280_Read_All   bme280_1.o
    0x08001284   0x08001284   0x00000114   Code   RO         7300    i.BME280_Read_Calibration  bme280_1.o
    0x08001398   0x08001398   0x00000014   Code   RO         7301    i.BME_POWER_OFF     bme280_1.o
    0x080013ac   0x080013ac   0x0000000c   Code   RO         7302    i.BME_ReadLen       bme280_1.o
    0x080013b8   0x080013b8   0x00000016   Code   RO         7303    i.BME_Write         bme280_1.o
    0x080013ce   0x080013ce   0x00000002   Code   RO          130    i.BusFault_Handler  stm32f4xx_it.o
    0x080013d0   0x080013d0   0x00000016   Code   RO         7356    i.DEC_BCD           ds3231_1.o
    0x080013e6   0x080013e6   0x00000002   PAD
    0x080013e8   0x080013e8   0x000000dc   Code   RO         5040    i.DMA2_Stream0_IRQHandler  main.o
    0x080014c4   0x080014c4   0x0000002c   Code   RO         1299    i.DMA_ClearFlag     stm32f4xx_dma.o
    0x080014f0   0x080014f0   0x0000002c   Code   RO         1300    i.DMA_ClearITPendingBit  stm32f4xx_dma.o
    0x0800151c   0x0800151c   0x00000018   Code   RO         1301    i.DMA_Cmd           stm32f4xx_dma.o
    0x08001534   0x08001534   0x00000018   Code   RO         1303    i.DMA_DoubleBufferModeCmd  stm32f4xx_dma.o
    0x0800154c   0x0800154c   0x0000001a   Code   RO         1304    i.DMA_DoubleBufferModeConfig  stm32f4xx_dma.o
    0x08001566   0x08001566   0x0000000e   Code   RO         1308    i.DMA_GetCurrentMemoryTarget  stm32f4xx_dma.o
    0x08001574   0x08001574   0x00000054   Code   RO         1311    i.DMA_GetITStatus   stm32f4xx_dma.o
    0x080015c8   0x080015c8   0x00000032   Code   RO         1312    i.DMA_ITConfig      stm32f4xx_dma.o
    0x080015fa   0x080015fa   0x00000002   PAD
    0x080015fc   0x080015fc   0x00000054   Code   RO         1313    i.DMA_Init          stm32f4xx_dma.o
    0x08001650   0x08001650   0x00000022   Code   RO         1317    i.DMA_StructInit    stm32f4xx_dma.o
    0x08001672   0x08001672   0x00000048   Code   RO         7357    i.DS3231_ClearAlarmFlag  ds3231_1.o
    0x080016ba   0x080016ba   0x0000006c   Code   RO         7358    i.DS3231_EnableAlarmInterrupt  ds3231_1.o
    0x08001726   0x08001726   0x00000062   Code   RO         7361    i.DS3231_SetAlarm1Daily  ds3231_1.o
    0x08001788   0x08001788   0x00000048   Code   RO         7362    i.DS3231_SetAlarm2Daily  ds3231_1.o
    0x080017d0   0x080017d0   0x00000118   Code   RO         7363    i.DS3231_SetDateTime  ds3231_1.o
    0x080018e8   0x080018e8   0x00000070   Code   RO         7364    i.DS3231_getdate    ds3231_1.o
    0x08001958   0x08001958   0x00000054   Code   RO         7365    i.DS3231_gettime    ds3231_1.o
    0x080019ac   0x080019ac   0x00000104   Code   RO         7366    i.DS3231_setDate    ds3231_1.o
    0x08001ab0   0x08001ab0   0x00000078   Code   RO         7367    i.DS3231_setTime    ds3231_1.o
    0x08001b28   0x08001b28   0x00000002   Code   RO          131    i.DebugMon_Handler  stm32f4xx_it.o
    0x08001b2a   0x08001b2a   0x00000002   PAD
    0x08001b2c   0x08001b2c   0x00000048   Code   RO         5463    i.Delay_TIM_Init    delay.o
    0x08001b74   0x08001b74   0x0000004c   Code   RO         5464    i.Delay_us          delay.o
    0x08001bc0   0x08001bc0   0x0000001c   Code   RO         7092    i.EM7028_DelayMs    em70x8.o
    0x08001bdc   0x08001bdc   0x0000001a   Code   RO         7093    i.EM7028_Get_HRS1   em70x8.o
    0x08001bf6   0x08001bf6   0x00000006   Code   RO         7094    i.EM7028_Get_ID     em70x8.o
    0x08001bfc   0x08001bfc   0x0000001e   Code   RO         7095    i.EM7028_ReadOneReg  em70x8.o
    0x08001c1a   0x08001c1a   0x00000016   Code   RO         7096    i.EM7028_WriteOneReg  em70x8.o
    0x08001c30   0x08001c30   0x0000002e   Code   RO         7097    i.EM7028_hrs_DisEnable  em70x8.o
    0x08001c5e   0x08001c5e   0x0000002e   Code   RO         7098    i.EM7028_hrs_Enable  em70x8.o
    0x08001c8c   0x08001c8c   0x0000004e   Code   RO         7099    i.EM7028_hrs_init   em70x8.o
    0x08001cda   0x08001cda   0x00000002   PAD
    0x08001cdc   0x08001cdc   0x00000064   Code   RO         7487    i.EXTI0_IRQHandler  key_1.o
    0x08001d40   0x08001d40   0x00000048   Code   RO         7488    i.EXTI15_10_IRQHandler  key_1.o
    0x08001d88   0x08001d88   0x0000004c   Code   RO         5041    i.EXTI1_IRQHandler  main.o
    0x08001dd4   0x08001dd4   0x00000048   Code   RO         5042    i.EXTI4_IRQHandler  main.o
    0x08001e1c   0x08001e1c   0x0000000c   Code   RO         1587    i.EXTI_ClearFlag    stm32f4xx_exti.o
    0x08001e28   0x08001e28   0x0000000c   Code   RO         1588    i.EXTI_ClearITPendingBit  stm32f4xx_exti.o
    0x08001e34   0x08001e34   0x000000ec   Code   RO         7489    i.EXTI_Configuration  key_1.o
    0x08001f20   0x08001f20   0x00000014   Code   RO         1592    i.EXTI_GetITStatus  stm32f4xx_exti.o
    0x08001f34   0x08001f34   0x00000074   Code   RO         1593    i.EXTI_Init         stm32f4xx_exti.o
    0x08001fa8   0x08001fa8   0x00000024   Code   RO         7490    i.Enter_Standby_Mode  key_1.o
    0x08001fcc   0x08001fcc   0x00000010   Code   RO         5043    i.FPU_Enable        main.o
    0x08001fdc   0x08001fdc   0x000001a4   Code   RO         5044    i.FreeRTOS_Start    main.o
    0x08002180   0x08002180   0x0000007c   Code   RO         1963    i.GPIO_Init         stm32f4xx_gpio.o
    0x080021fc   0x080021fc   0x00000020   Code   RO         1964    i.GPIO_PinAFConfig  stm32f4xx_gpio.o
    0x0800221c   0x0800221c   0x0000000e   Code   RO         1967    i.GPIO_ReadInputDataBit  stm32f4xx_gpio.o
    0x0800222a   0x0800222a   0x00000006   Code   RO         1970    i.GPIO_ResetBits    stm32f4xx_gpio.o
    0x08002230   0x08002230   0x00000004   Code   RO         1971    i.GPIO_SetBits      stm32f4xx_gpio.o
    0x08002234   0x08002234   0x0000000e   Code   RO         1975    i.GPIO_WriteBit     stm32f4xx_gpio.o
    0x08002242   0x08002242   0x00000002   PAD
    0x08002244   0x08002244   0x0000002c   Code   RO         7491    i.GetKeyNum         key_1.o
    0x08002270   0x08002270   0x00000030   Code   RO         7163    i.HR_AlgoInit       hralgorythm.o
    0x080022a0   0x080022a0   0x000000d0   Code   RO         7164    i.HR_Calculate      hralgorythm.o
    0x08002370   0x08002370   0x00000030   Code   RO         5045    i.HR_SpO2_AddAverageSample  main.o
    0x080023a0   0x080023a0   0x00000084   Code   RO         5046    i.HR_SpO2_ApplyMedianFilter  main.o
    0x08002424   0x08002424   0x0000002c   Code   RO         5047    i.HR_SpO2_ApplyStepLimit  main.o
    0x08002450   0x08002450   0x00000148   Code   RO         5048    i.HR_SpO2_Hander    main.o
    0x08002598   0x08002598   0x00000014   Code   RO         5049    i.HR_SpO2_ResetAverageWindow  main.o
    0x080025ac   0x080025ac   0x00000020   Code   RO         5050    i.HR_SpO2_ResetMedianWindow  main.o
    0x080025cc   0x080025cc   0x00000020   Code   RO         5051    i.HR_SpO2_ResetState  main.o
    0x080025ec   0x080025ec   0x0000001a   Code   RO         5052    i.HR_SpO2_ShowHrOnly  main.o
    0x08002606   0x08002606   0x00000002   PAD
    0x08002608   0x08002608   0x00000058   Code   RO         5053    i.HR_SpO2_TryGetAverageHr  main.o
    0x08002660   0x08002660   0x00000020   Code   RO         5054    i.HR_SpO2_UpdateDisplayedHr  main.o
    0x08002680   0x08002680   0x000000c4   Code   RO         7945    i.HR_SpO2_showm     oled_clock_1.o
    0x08002744   0x08002744   0x00000002   Code   RO          132    i.HardFault_Handler  stm32f4xx_it.o
    0x08002746   0x08002746   0x00000026   Code   RO         7165    i.Hr_Ave_Filter     hralgorythm.o
    0x0800276c   0x0800276c   0x00000018   Code   RO         2254    i.I2C_AcknowledgeConfig  stm32f4xx_i2c.o
    0x08002784   0x08002784   0x00000006   Code   RO         2258    i.I2C_ClearFlag     stm32f4xx_i2c.o
    0x0800278a   0x0800278a   0x00000018   Code   RO         2260    i.I2C_Cmd           stm32f4xx_i2c.o
    0x080027a2   0x080027a2   0x00000018   Code   RO         2268    i.I2C_GenerateSTART  stm32f4xx_i2c.o
    0x080027ba   0x080027ba   0x00000018   Code   RO         2269    i.I2C_GenerateSTOP  stm32f4xx_i2c.o
    0x080027d2   0x080027d2   0x00000032   Code   RO         2270    i.I2C_GetFlagStatus  stm32f4xx_i2c.o
    0x08002804   0x08002804   0x000000bc   Code   RO         2275    i.I2C_Init          stm32f4xx_i2c.o
    0x080028c0   0x080028c0   0x00000010   Code   RO         2279    i.I2C_ReadRegister  stm32f4xx_i2c.o
    0x080028d0   0x080028d0   0x00000006   Code   RO         2280    i.I2C_ReceiveData   stm32f4xx_i2c.o
    0x080028d6   0x080028d6   0x00000004   Code   RO         2283    i.I2C_SendData      stm32f4xx_i2c.o
    0x080028da   0x080028da   0x0000000c   Code   RO         7368    i.IIC_DS3231_ByteRead  ds3231_1.o
    0x080028e6   0x080028e6   0x00000016   Code   RO         7369    i.IIC_DS3231_ByteWrite  ds3231_1.o
    0x080028fc   0x080028fc   0x000000a0   Code   RO         7492    i.Key_Init          key_1.o
    0x0800299c   0x0800299c   0x000000ac   Code   RO         7609    i.MPU6050_Proc      mpu6050_1.o
    0x08002a48   0x08002a48   0x00000002   Code   RO          133    i.MemManage_Handler  stm32f4xx_it.o
    0x08002a4a   0x08002a4a   0x00000002   PAD
    0x08002a4c   0x08002a4c   0x00000034   Code   RO         7570    i.Motor_GPIO_Init   motor.o
    0x08002a80   0x08002a80   0x00000010   Code   RO         7571    i.Motor_GPIO_ON     motor.o
    0x08002a90   0x08002a90   0x00000010   Code   RO         7572    i.Motor_GPIO_off    motor.o
    0x08002aa0   0x08002aa0   0x00000060   Code   RO         5056    i.Motor_alarm       main.o
    0x08002b00   0x08002b00   0x00000002   Code   RO          134    i.NMI_Handler       stm32f4xx_it.o
    0x08002b02   0x08002b02   0x0000002a   Code   RO         8211    i.NVIC_Configuration  usart_1.o
    0x08002b2c   0x08002b2c   0x00000068   Code   RO          191    i.NVIC_Init         misc.o
    0x08002b94   0x08002b94   0x00000014   Code   RO          192    i.NVIC_PriorityGroupConfig  misc.o
    0x08002ba8   0x08002ba8   0x0000002a   Code   RO         7245    i.NVIC_adc_Configuration  adc_battery_1.o
    0x08002bd2   0x08002bd2   0x00000002   PAD
    0x08002bd4   0x08002bd4   0x00000028   Code   RO         7711    i.OLED_Clear        oled_1.o
    0x08002bfc   0x08002bfc   0x0000005c   Code   RO         7712    i.OLED_ClearArea    oled_1.o
    0x08002c58   0x08002c58   0x00000098   Code   RO         7724    i.OLED_Init         oled_1.o
    0x08002cf0   0x08002cf0   0x00000010   Code   RO         7726    i.OLED_Pow          oled_1.o
    0x08002d00   0x08002d00   0x00000022   Code   RO         7730    i.OLED_SetCursor    oled_1.o
    0x08002d22   0x08002d22   0x00000002   PAD
    0x08002d24   0x08002d24   0x0000005c   Code   RO         7732    i.OLED_ShowChar     oled_1.o
    0x08002d80   0x08002d80   0x000000b4   Code   RO         7735    i.OLED_ShowImage    oled_1.o
    0x08002e34   0x08002e34   0x00000048   Code   RO         7736    i.OLED_ShowNum      oled_1.o
    0x08002e7c   0x08002e7c   0x00000188   Code   RO         7738    i.OLED_ShowString   oled_1.o
    0x08003004   0x08003004   0x00000028   Code   RO         7739    i.OLED_Update       oled_1.o
    0x0800302c   0x0800302c   0x00000016   Code   RO         5747    i.OLED_WriteCommand  hi2c.o
    0x08003042   0x08003042   0x00000002   PAD
    0x08003044   0x08003044   0x00000158   Code   RO         5748    i.OLED_WriteData    hi2c.o
    0x0800319c   0x0800319c   0x00000010   Code   RO         2759    i.PWR_ClearFlag     stm32f4xx_pwr.o
    0x080031ac   0x080031ac   0x00000020   Code   RO         2761    i.PWR_EnterSTANDBYMode  stm32f4xx_pwr.o
    0x080031cc   0x080031cc   0x00000014   Code   RO         2765    i.PWR_GetFlagStatus  stm32f4xx_pwr.o
    0x080031e0   0x080031e0   0x0000000c   Code   RO         2774    i.PWR_WakeUpPinCmd  stm32f4xx_pwr.o
    0x080031ec   0x080031ec   0x0000001c   Code   RO         2904    i.RCC_AHB1PeriphClockCmd  stm32f4xx_rcc.o
    0x08003208   0x08003208   0x0000001c   Code   RO         2910    i.RCC_APB1PeriphClockCmd  stm32f4xx_rcc.o
    0x08003224   0x08003224   0x0000001c   Code   RO         2913    i.RCC_APB2PeriphClockCmd  stm32f4xx_rcc.o
    0x08003240   0x08003240   0x000000a0   Code   RO         2922    i.RCC_GetClocksFreq  stm32f4xx_rcc.o
    0x080032e0   0x080032e0   0x0000002c   Code   RO         4152    i.SYSCFG_EXTILineConfig  stm32f4xx_syscfg.o
    0x0800330c   0x0800330c   0x00000074   Code   RO            4    i.SetSysClock       system_stm32f4xx.o
    0x08003380   0x08003380   0x00000518   Code   RO         5057    i.SetTimeAlarm_Hander  main.o
    0x08003898   0x08003898   0x0000002c   Code   RO         5799    i.SysTick_Handler   port.o
    0x080038c4   0x080038c4   0x0000005c   Code   RO            6    i.SystemInit        system_stm32f4xx.o
    0x08003920   0x08003920   0x00000044   Code   RO         5058    i.TIM2_IRQHandler   main.o
    0x08003964   0x08003964   0x0000005e   Code   RO         8110    i.TIM2_Int_Init     timer_1.o
    0x080039c2   0x080039c2   0x00000002   PAD
    0x080039c4   0x080039c4   0x00000034   Code   RO         8111    i.TIM3_IRQHandler   timer_1.o
    0x080039f8   0x080039f8   0x00000054   Code   RO         8112    i.TIM3_Int_Init     timer_1.o
    0x08003a4c   0x08003a4c   0x00000006   Code   RO         4220    i.TIM_ClearITPendingBit  stm32f4xx_tim.o
    0x08003a52   0x08003a52   0x00000018   Code   RO         4225    i.TIM_Cmd           stm32f4xx_tim.o
    0x08003a6a   0x08003a6a   0x00000018   Code   RO         4246    i.TIM_GetITStatus   stm32f4xx_tim.o
    0x08003a82   0x08003a82   0x00000014   Code   RO         4250    i.TIM_ITConfig      stm32f4xx_tim.o
    0x08003a96   0x08003a96   0x00000002   PAD
    0x08003a98   0x08003a98   0x00000064   Code   RO         4269    i.TIM_OC4Init       stm32f4xx_tim.o
    0x08003afc   0x08003afc   0x00000014   Code   RO         4272    i.TIM_OCStructInit  stm32f4xx_tim.o
    0x08003b10   0x08003b10   0x0000007c   Code   RO         4297    i.TIM_TimeBaseInit  stm32f4xx_tim.o
    0x08003b8c   0x08003b8c   0x00000050   Code   RO         5059    i.USART2_IRQHandler  main.o
    0x08003bdc   0x08003bdc   0x00000018   Code   RO         4779    i.USART_Cmd         stm32f4xx_usart.o
    0x08003bf4   0x08003bf4   0x000000ac   Code   RO         8212    i.USART_Config      usart_1.o
    0x08003ca0   0x08003ca0   0x0000000e   Code   RO         4782    i.USART_GetFlagStatus  stm32f4xx_usart.o
    0x08003cae   0x08003cae   0x00000040   Code   RO         4783    i.USART_GetITStatus  stm32f4xx_usart.o
    0x08003cee   0x08003cee   0x00000036   Code   RO         4785    i.USART_ITConfig    stm32f4xx_usart.o
    0x08003d24   0x08003d24   0x000000bc   Code   RO         4786    i.USART_Init        stm32f4xx_usart.o
    0x08003de0   0x08003de0   0x00000008   Code   RO         4793    i.USART_ReceiveData  stm32f4xx_usart.o
    0x08003de8   0x08003de8   0x00000008   Code   RO         4796    i.USART_SendData    stm32f4xx_usart.o
    0x08003df0   0x08003df0   0x00000002   Code   RO          135    i.UsageFault_Handler  stm32f4xx_it.o
    0x08003df2   0x08003df2   0x00000002   PAD
    0x08003df4   0x08003df4   0x00000020   Code   RO         8560    i.__0printf         mc_w.l(printfa.o)
    0x08003e14   0x08003e14   0x00000026   Code   RO         8644    i.__ARM_fpclassifyf  m_wm.l(fpclassifyf.o)
    0x08003e3a   0x08003e3a   0x00000002   PAD
    0x08003e3c   0x08003e3c   0x00000250   Code   RO         8284    i.__hardfp_atan2f   m_wm.l(atan2f.o)
    0x0800408c   0x0800408c   0x0000003a   Code   RO         8300    i.__hardfp_sqrtf    m_wm.l(sqrtf.o)
    0x080040c6   0x080040c6   0x00000006   Code   RO         8648    i.__mathlib_flt_infnan2  m_wm.l(funder.o)
    0x080040cc   0x080040cc   0x00000010   Code   RO         8652    i.__mathlib_flt_underflow  m_wm.l(funder.o)
    0x080040dc   0x080040dc   0x0000000e   Code   RO         8710    i.__scatterload_copy  mc_w.l(handlers.o)
    0x080040ea   0x080040ea   0x00000002   Code   RO         8711    i.__scatterload_null  mc_w.l(handlers.o)
    0x080040ec   0x080040ec   0x0000000e   Code   RO         8712    i.__scatterload_zeroinit  mc_w.l(handlers.o)
    0x080040fa   0x080040fa   0x00000002   PAD
    0x080040fc   0x080040fc   0x0000000c   Code   RO         8688    i.__set_errno       mc_w.l(errno.o)
    0x08004108   0x08004108   0x00000184   Code   RO         8567    i._fp_digits        mc_w.l(printfa.o)
    0x0800428c   0x0800428c   0x000006dc   Code   RO         8568    i._printf_core      mc_w.l(printfa.o)
    0x08004968   0x08004968   0x00000024   Code   RO         8569    i._printf_post_padding  mc_w.l(printfa.o)
    0x0800498c   0x0800498c   0x0000002e   Code   RO         8570    i._printf_pre_padding  mc_w.l(printfa.o)
    0x080049ba   0x080049ba   0x00000002   PAD
    0x080049bc   0x080049bc   0x00000058   Code   RO         7246    i.adc_tim_init      adc_battery_1.o
    0x08004a14   0x08004a14   0x00000030   Code   RO         5060    i.alarm_stop_timer_callback  main.o
    0x08004a44   0x08004a44   0x000000ac   Code   RO         7946    i.battery_show      oled_clock_1.o
    0x08004af0   0x08004af0   0x0000009c   Code   RO         5061    i.battery_update    main.o
    0x08004b8c   0x08004b8c   0x000000cc   Code   RO         5062    i.bell_switch       main.o
    0x08004c58   0x08004c58   0x00000058   Code   RO         5064    i.decrementAlarmValue  main.o
    0x08004cb0   0x08004cb0   0x0000008c   Code   RO         5065    i.decrementTimeValue  main.o
    0x08004d3c   0x08004d3c   0x00000080   Code   RO         7199    i.dequeue           user_queue.o
    0x08004dbc   0x08004dbc   0x0000008c   Code   RO         7610    i.detect_step_mean_crossing  mpu6050_1.o
    0x08004e48   0x08004e48   0x000000a0   Code   RO         7611    i.detect_wrist_gesture  mpu6050_1.o
    0x08004ee8   0x08004ee8   0x0000000c   Code   RO         8113    i.disableClock      timer_1.o
    0x08004ef4   0x08004ef4   0x00000056   Code   RO         7948    i.display_day       oled_clock_1.o
    0x08004f4a   0x08004f4a   0x00000056   Code   RO         7949    i.display_hour      oled_clock_1.o
    0x08004fa0   0x08004fa0   0x00000056   Code   RO         7950    i.display_min       oled_clock_1.o
    0x08004ff6   0x08004ff6   0x00000056   Code   RO         7951    i.display_month     oled_clock_1.o
    0x0800504c   0x0800504c   0x00000056   Code   RO         7952    i.display_sec       oled_clock_1.o
    0x080050a2   0x080050a2   0x00000030   Code   RO         7953    i.display_week      oled_clock_1.o
    0x080050d2   0x080050d2   0x00000054   Code   RO         7954    i.display_year      oled_clock_1.o
    0x08005126   0x08005126   0x00000002   PAD
    0x08005128   0x08005128   0x00000040   Code   RO         6469    i.eTaskConfirmSleepModeStatus  tasks.o
    0x08005168   0x08005168   0x00000020   Code   RO         8114    i.enableClock       timer_1.o
    0x08005188   0x08005188   0x0000004c   Code   RO         7200    i.enqueue           user_queue.o
    0x080051d4   0x080051d4   0x00000024   Code   RO         8216    i.fputc             usart_1.o
    0x080051f8   0x080051f8   0x00000038   Code   RO         5066    i.getMaxDaysOfMonth  main.o
    0x08005230   0x08005230   0x0000020c   Code   RO         5749    i.h_I2C_ReadReceives  hi2c.o
    0x0800543c   0x0800543c   0x00000104   Code   RO         5751    i.h_I2C_SendBytes   hi2c.o
    0x08005540   0x08005540   0x000000c8   Code   RO         5067    i.handleAlarmSettingKey  main.o
    0x08005608   0x08005608   0x00000278   Code   RO         5068    i.handleKeyPress    main.o
    0x08005880   0x08005880   0x000000d8   Code   RO         5069    i.handleTimeSettingKey  main.o
    0x08005958   0x08005958   0x0000008c   Code   RO         5752    i.hi2c_init         hi2c.o
    0x080059e4   0x080059e4   0x0000006c   Code   RO         5070    i.incrementAlarmValue  main.o
    0x08005a50   0x08005a50   0x000000ac   Code   RO         5071    i.incrementTimeValue  main.o
    0x08005afc   0x08005afc   0x0000001c   Code   RO         7201    i.initQueue         user_queue.o
    0x08005b18   0x08005b18   0x00000026   Code   RO         5072    i.isLeapYear        main.o
    0x08005b3e   0x08005b3e   0x0000000e   Code   RO         7202    i.isQueueEmpty      user_queue.o
    0x08005b4c   0x08005b4c   0x0000000e   Code   RO         7203    i.isQueueFull       user_queue.o
    0x08005b5a   0x08005b5a   0x0000000e   Code   RO         7370    i.is_digit_char     ds3231_1.o
    0x08005b68   0x08005b68   0x00000016   Code   RO         5073    i.main              main.o
    0x08005b7e   0x08005b7e   0x0000002c   Code   RO         7616    i.mpu6050_init      mpu6050_1.o
    0x08005baa   0x08005baa   0x00000002   PAD
    0x08005bac   0x08005bac   0x00000108   Code   RO         7617    i.mpu6050_read_all  mpu6050_1.o
    0x08005cb4   0x08005cb4   0x0000000c   Code   RO         7618    i.mpu_read_bytes    mpu6050_1.o
    0x08005cc0   0x08005cc0   0x00000016   Code   RO         7619    i.mpu_write_byte    mpu6050_1.o
    0x08005cd6   0x08005cd6   0x000000ae   Code   RO         7371    i.parse_app_alarm   ds3231_1.o
    0x08005d84   0x08005d84   0x00000186   Code   RO         7372    i.parse_app_time    ds3231_1.o
    0x08005f0a   0x08005f0a   0x00000002   PAD
    0x08005f0c   0x08005f0c   0x00000060   Code   RO         7493    i.power_switch_init  key_1.o
    0x08005f6c   0x08005f6c   0x00000078   Code   RO         7620    i.process_signals   mpu6050_1.o
    0x08005fe4   0x08005fe4   0x00000094   Code   RO         6472    i.prvAddCurrentTaskToDelayedList  tasks.o
    0x08006078   0x08006078   0x000000ac   Code   RO         6473    i.prvAddNewTaskToReadyList  tasks.o
    0x08006124   0x08006124   0x00000040   Code   RO         6921    i.prvCheckForValidListAndQueue  timers.o
    0x08006164   0x08006164   0x0000003c   Code   RO         6474    i.prvCheckTasksWaitingTermination  tasks.o
    0x080061a0   0x080061a0   0x00000028   Code   RO         6079    i.prvCopyDataFromQueue  queue.o
    0x080061c8   0x080061c8   0x0000006e   Code   RO         6080    i.prvCopyDataToQueue  queue.o
    0x08006236   0x08006236   0x00000002   PAD
    0x08006238   0x08006238   0x00000054   Code   RO         6475    i.prvCreateIdleTasks  tasks.o
    0x0800628c   0x0800628c   0x0000005c   Code   RO         6476    i.prvCreateTask     tasks.o
    0x080062e8   0x080062e8   0x00000014   Code   RO         6477    i.prvDeleteTCB      tasks.o
    0x080062fc   0x080062fc   0x00000014   Code   RO         6081    i.prvGetDisinheritPriorityAfterTimeout  queue.o
    0x08006310   0x08006310   0x00000038   Code   RO         6478    i.prvGetExpectedIdleTime  tasks.o
    0x08006348   0x08006348   0x00000024   Code   RO         6922    i.prvGetNextExpireTime  timers.o
    0x0800636c   0x0800636c   0x00000048   Code   RO         5875    i.prvHeapInit       heap_4.o
    0x080063b4   0x080063b4   0x00000044   Code   RO         6479    i.prvIdleTask       tasks.o
    0x080063f8   0x080063f8   0x00000018   Code   RO         6082    i.prvInitialiseMutex  queue.o
    0x08006410   0x08006410   0x00000026   Code   RO         6083    i.prvInitialiseNewQueue  queue.o
    0x08006436   0x08006436   0x00000080   Code   RO         6480    i.prvInitialiseNewTask  tasks.o
    0x080064b6   0x080064b6   0x00000038   Code   RO         6923    i.prvInitialiseNewTimer  timers.o
    0x080064ee   0x080064ee   0x00000002   PAD
    0x080064f0   0x080064f0   0x00000058   Code   RO         6481    i.prvInitialiseTaskLists  tasks.o
    0x08006548   0x08006548   0x00000054   Code   RO         5876    i.prvInsertBlockIntoFreeList  heap_4.o
    0x0800659c   0x0800659c   0x00000040   Code   RO         6924    i.prvInsertTimerInActiveList  timers.o
    0x080065dc   0x080065dc   0x0000001a   Code   RO         6084    i.prvIsQueueEmpty   queue.o
    0x080065f6   0x080065f6   0x0000001e   Code   RO         6085    i.prvIsQueueFull    queue.o
    0x08006614   0x08006614   0x0000004c   Code   RO         6086    i.prvNotifyQueueSetContainer  queue.o
    0x08006660   0x08006660   0x00000040   Code   RO         6925    i.prvProcessExpiredTimer  timers.o
    0x080066a0   0x080066a0   0x000000d8   Code   RO         6926    i.prvProcessReceivedCommands  timers.o
    0x08006778   0x08006778   0x0000006c   Code   RO         6927    i.prvProcessTimerOrBlockTask  timers.o
    0x080067e4   0x080067e4   0x00000028   Code   RO         6928    i.prvReloadTimer    timers.o
    0x0800680c   0x0800680c   0x00000020   Code   RO         6483    i.prvResetNextTaskUnblockTime  tasks.o
    0x0800682c   0x0800682c   0x0000002c   Code   RO         6929    i.prvSampleTimeNow  timers.o
    0x08006858   0x08006858   0x0000002c   Code   RO         6930    i.prvSwitchTimerLists  timers.o
    0x08006884   0x08006884   0x00000010   Code   RO         5800    i.prvTaskExitError  port.o
    0x08006894   0x08006894   0x00000014   Code   RO         6931    i.prvTimerTask      timers.o
    0x080068a8   0x080068a8   0x0000007c   Code   RO         6087    i.prvUnlockQueue    queue.o
    0x08006924   0x08006924   0x000000b0   Code   RO         5878    i.pvPortMalloc      heap_4.o
    0x080069d4   0x080069d4   0x00000014   Code   RO         6488    i.pvTaskIncrementMutexHeldCount  tasks.o
    0x080069e8   0x080069e8   0x00000024   Code   RO         5801    i.pxPortInitialiseStack  port.o
    0x08006a0c   0x08006a0c   0x000000c0   Code   RO         5074    i.saveAlarmSettings  main.o
    0x08006acc   0x08006acc   0x000000c8   Code   RO         5075    i.saveTimeSettings  main.o
    0x08006b94   0x08006b94   0x0000008c   Code   RO         5076    i.sensor_Hander     main.o
    0x08006c20   0x08006c20   0x00000094   Code   RO         7955    i.show_bme280_time  oled_clock_1.o
    0x08006cb4   0x08006cb4   0x000000a0   Code   RO         7956    i.show_step         oled_clock_1.o
    0x08006d54   0x08006d54   0x000000a2   Code   RO         7957    i.show_time         oled_clock_1.o
    0x08006df6   0x08006df6   0x00000002   PAD
    0x08006df8   0x08006df8   0x0000006c   Code   RO         8117    i.show_timer        timer_1.o
    0x08006e64   0x08006e64   0x00000024   Code   RO         7494    i.sleep_timer_callback  key_1.o
    0x08006e88   0x08006e88   0x00000044   Code   RO         5077    i.stopwatch         main.o
    0x08006ecc   0x08006ecc   0x0000007c   Code   RO         5078    i.task_init         main.o
    0x08006f48   0x08006f48   0x0000016c   Code   RO         5079    i.task_key          main.o
    0x080070b4   0x080070b4   0x00000042   Code   RO         5080    i.task_ring_battery  main.o
    0x080070f6   0x080070f6   0x00000002   PAD
    0x080070f8   0x080070f8   0x00000078   Code   RO         5081    i.task_step_detect  main.o
    0x08007170   0x08007170   0x000000fc   Code   RO         5082    i.task_time         main.o
    0x0800726c   0x0800726c   0x00000064   Code   RO         8118    i.timer_loop        timer_1.o
    0x080072d0   0x080072d0   0x000000fc   Code   RO         5083    i.updateAlarmDisplay  main.o
    0x080073cc   0x080073cc   0x000000e4   Code   RO         5084    i.updateTimeDisplay  main.o
    0x080074b0   0x080074b0   0x00000024   Code   RO         6043    i.uxListRemove      list.o
    0x080074d4   0x080074d4   0x0000000c   Code   RO         6493    i.uxTaskGetNumberOfTasks  tasks.o
    0x080074e0   0x080074e0   0x00000030   Code   RO         5085    i.vAlarmBlinkTimerCallback  main.o
    0x08007510   0x08007510   0x00000030   Code   RO         5086    i.vBlinkTimerCallback  main.o
    0x08007540   0x08007540   0x00000016   Code   RO         6044    i.vListInitialise   list.o
    0x08007556   0x08007556   0x00000006   Code   RO         6045    i.vListInitialiseItem  list.o
    0x0800755c   0x0800755c   0x00000030   Code   RO         6046    i.vListInsert       list.o
    0x0800758c   0x0800758c   0x00000018   Code   RO         6047    i.vListInsertEnd    list.o
    0x080075a4   0x080075a4   0x0000001c   Code   RO         5803    i.vPortEnterCritical  port.o
    0x080075c0   0x080075c0   0x00000018   Code   RO         5804    i.vPortExitCritical  port.o
    0x080075d8   0x080075d8   0x00000044   Code   RO         5879    i.vPortFree         heap_4.o
    0x0800761c   0x0800761c   0x00000034   Code   RO         5805    i.vPortSetupTimerInterrupt  port.o
    0x08007650   0x08007650   0x000000d8   Code   RO         5806    i.vPortSuppressTicksAndSleep  port.o
    0x08007728   0x08007728   0x00000046   Code   RO         6097    i.vQueueWaitForMessageRestricted  queue.o
    0x0800776e   0x0800776e   0x00000002   PAD
    0x08007770   0x08007770   0x00000034   Code   RO         6500    i.vTaskDelay        tasks.o
    0x080077a4   0x080077a4   0x000000ac   Code   RO         6501    i.vTaskDelete       tasks.o
    0x08007850   0x08007850   0x00000010   Code   RO         6505    i.vTaskInternalSetTimeOutState  tasks.o
    0x08007860   0x08007860   0x0000000c   Code   RO         6507    i.vTaskMissedYield  tasks.o
    0x0800786c   0x0800786c   0x00000020   Code   RO         6508    i.vTaskPlaceOnEventList  tasks.o
    0x0800788c   0x0800788c   0x00000044   Code   RO         6509    i.vTaskPlaceOnEventListRestricted  tasks.o
    0x080078d0   0x080078d0   0x0000009c   Code   RO         6511    i.vTaskPriorityDisinheritAfterTimeout  tasks.o
    0x0800796c   0x0800796c   0x0000003c   Code   RO         6518    i.vTaskStartScheduler  tasks.o
    0x080079a8   0x080079a8   0x0000002c   Code   RO         6519    i.vTaskStepTick     tasks.o
    0x080079d4   0x080079d4   0x00000010   Code   RO         6521    i.vTaskSuspendAll   tasks.o
    0x080079e4   0x080079e4   0x00000050   Code   RO         6522    i.vTaskSwitchContext  tasks.o
    0x08007a34   0x08007a34   0x00000040   Code   RO         5807    i.xPortStartScheduler  port.o
    0x08007a74   0x08007a74   0x00000026   Code   RO         6098    i.xQueueAddToSet    queue.o
    0x08007a9a   0x08007a9a   0x00000018   Code   RO         6099    i.xQueueCreateMutex  queue.o
    0x08007ab2   0x08007ab2   0x00000008   Code   RO         6100    i.xQueueCreateSet   queue.o
    0x08007aba   0x08007aba   0x00000040   Code   RO         6101    i.xQueueGenericCreate  queue.o
    0x08007afa   0x08007afa   0x00000002   PAD
    0x08007afc   0x08007afc   0x00000094   Code   RO         6102    i.xQueueGenericReset  queue.o
    0x08007b90   0x08007b90   0x00000120   Code   RO         6103    i.xQueueGenericSend  queue.o
    0x08007cb0   0x08007cb0   0x00000098   Code   RO         6104    i.xQueueGenericSendFromISR  queue.o
    0x08007d48   0x08007d48   0x0000007c   Code   RO         6105    i.xQueueGiveFromISR  queue.o
    0x08007dc4   0x08007dc4   0x000000f0   Code   RO         6110    i.xQueueReceive     queue.o
    0x08007eb4   0x08007eb4   0x00000012   Code   RO         6113    i.xQueueSelectFromSet  queue.o
    0x08007ec6   0x08007ec6   0x00000002   PAD
    0x08007ec8   0x08007ec8   0x00000124   Code   RO         6115    i.xQueueSemaphoreTake  queue.o
    0x08007fec   0x08007fec   0x00000058   Code   RO         6524    i.xTaskCheckForTimeOut  tasks.o
    0x08008044   0x08008044   0x0000001e   Code   RO         6525    i.xTaskCreate       tasks.o
    0x08008062   0x08008062   0x00000002   PAD
    0x08008064   0x08008064   0x0000005c   Code   RO         6526    i.xTaskDelayUntil   tasks.o
    0x080080c0   0x080080c0   0x00000154   Code   RO         6528    i.xTaskGenericNotifyFromISR  tasks.o
    0x08008214   0x08008214   0x000000bc   Code   RO         6530    i.xTaskGenericNotifyWait  tasks.o
    0x080082d0   0x080082d0   0x0000001c   Code   RO         6533    i.xTaskGetSchedulerState  tasks.o
    0x080082ec   0x080082ec   0x0000000c   Code   RO         6534    i.xTaskGetTickCount  tasks.o
    0x080082f8   0x080082f8   0x0000000c   Code   RO         6535    i.xTaskGetTickCountFromISR  tasks.o
    0x08008304   0x08008304   0x00000120   Code   RO         6536    i.xTaskIncrementTick  tasks.o
    0x08008424   0x08008424   0x0000008c   Code   RO         6537    i.xTaskPriorityDisinherit  tasks.o
    0x080084b0   0x080084b0   0x000000b4   Code   RO         6538    i.xTaskPriorityInherit  tasks.o
    0x08008564   0x08008564   0x000000d0   Code   RO         6539    i.xTaskRemoveFromEventList  tasks.o
    0x08008634   0x08008634   0x0000012c   Code   RO         6540    i.xTaskResumeAll    tasks.o
    0x08008760   0x08008760   0x00000034   Code   RO         6939    i.xTimerCreate      timers.o
    0x08008794   0x08008794   0x0000003c   Code   RO         6940    i.xTimerCreateTimerTask  timers.o
    0x080087d0   0x080087d0   0x0000002c   Code   RO         6941    i.xTimerGenericCommandFromISR  timers.o
    0x080087fc   0x080087fc   0x00000044   Code   RO         6942    i.xTimerGenericCommandFromTask  timers.o
    0x08008840   0x08008840   0x00000010   Code   RO         8119    i.zero_timer        timer_1.o
    0x08008850   0x08008850   0x00000010   Data   RO         5088    .constdata          main.o
    0x08008860   0x08008860   0x000005f0   Data   RO         8053    .constdata          oled_data_1.o
    0x08008e50   0x08008e50   0x00000d5c   Data   RO         8054    .constdata          oled_data_1.o
    0x08009bac   0x08009bac   0x0000023a   Data   RO         8055    .constdata          oled_data_1.o
    0x08009de6   0x08009de6   0x00000197   Data   RO         8056    .constdata          oled_data_1.o
    0x08009f7d   0x08009f7d   0x00000020   Data   RO         8058    .constdata          oled_data_1.o
    0x08009f9d   0x08009f9d   0x000000e4   Data   RO         8059    .constdata          oled_data_1.o
    0x0800a081   0x0800a081   0x00000016   Data   RO         8060    .constdata          oled_data_1.o
    0x0800a097   0x0800a097   0x00000020   Data   RO         8061    .constdata          oled_data_1.o
    0x0800a0b7   0x0800a0b7   0x00000001   PAD
    0x0800a0b8   0x0800a0b8   0x00000014   Data   RO         5089    .conststring        main.o
    0x0800a0cc   0x0800a0cc   0x00000020   Data   RO         8708    Region$$Table       anon$$obj.o


    Execution Region RW_IRAM1 (Exec base: 0x20000000, Load base: 0x0800a0ec, Size: 0x0000ac48, Max: 0x00020000, ABSOLUTE, COMPRESSED[0x00000034])

    Exec Addr    Load Addr    Size         Type   Attr      Idx    E Section Name        Object

    0x20000000   COMPRESSED   0x00000014   Data   RW            7    .data               system_stm32f4xx.o
    0x20000014   COMPRESSED   0x00000010   Data   RW         2952    .data               stm32f4xx_rcc.o
    0x20000024   COMPRESSED   0x0000008c   Data   RW         5090    .data               main.o
    0x200000b0   COMPRESSED   0x00000001   Data   RW         5465    .data               delay.o
    0x200000b1   COMPRESSED   0x00000001   Data   RW         5623    .data               max30102.o
    0x200000b2   COMPRESSED   0x00000002   PAD
    0x200000b4   COMPRESSED   0x00000010   Data   RW         5808    .data               port.o
    0x200000c4   COMPRESSED   0x0000001c   Data   RW         5886    .data               heap_4.o
    0x200000e0   COMPRESSED   0x00000040   Data   RW         6543    .data               tasks.o
    0x20000120   COMPRESSED   0x00000014   Data   RW         6949    .data               timers.o
    0x20000134   COMPRESSED   0x0000000c   Data   RW         7167    .data               hralgorythm.o
    0x20000140   COMPRESSED   0x00000004   Data   RW         7248    .data               adc_battery_1.o
    0x20000144   COMPRESSED   0x00000002   Data   RW         7249    .data               adc_battery_1.o
    0x20000146   COMPRESSED   0x00000002   PAD
    0x20000148   COMPRESSED   0x00000008   Data   RW         7495    .data               key_1.o
    0x20000150   COMPRESSED   0x0000004c   Data   RW         7621    .data               mpu6050_1.o
    0x2000019c   COMPRESSED   0x0000000a   Data   RW         8120    .data               timer_1.o
    0x200001a6   COMPRESSED   0x00000002   PAD
    0x200001a8   COMPRESSED   0x00000004   Data   RW         8675    .data               mc_w.l(stdout.o)
    0x200001ac   COMPRESSED   0x00000004   Data   RW         8689    .data               mc_w.l(errno.o)
    0x200001b0        -       0x00000040   Zero   RW         5087    .bss                main.o
    0x200001f0        -       0x0000a000   Zero   RW         5885    .bss                heap_4.o
    0x2000a1f0        -       0x0000012c   Zero   RW         6542    .bss                tasks.o
    0x2000a31c        -       0x00000028   Zero   RW         6948    .bss                timers.o
    0x2000a344        -       0x00000060   Zero   RW         7166    .bss                hralgorythm.o
    0x2000a3a4        -       0x00000078   Zero   RW         7247    .bss                adc_battery_1.o
    0x2000a41c        -       0x00000028   Zero   RW         7304    .bss                bme280_1.o
    0x2000a444        -       0x00000400   Zero   RW         7744    .bss                oled_1.o
    0x2000a844   COMPRESSED   0x00000004   PAD
    0x2000a848        -       0x00000400   Zero   RW         5030    STACK               startup_stm32f411xe.o


==============================================================================

Image component sizes


      Code (inc. data)   RO Data    RW Data    ZI Data      Debug   Object Name

       530         42          0          6        120       3812   adc_battery_1.o
      1824        210          0          0         40       5796   bme280_1.o
       148         18          0          1          0       1088   delay.o
      1858        136          0          0          0      13729   ds3231_1.o
       282          0          0          0          0       4500   em70x8.o
         0          0          0          0          0      12720   event_groups.o
       400         24          0         28      40960       5099   heap_4.o
      1290         54          0          0          0       4436   hi2c.o
       294         18          0         12         96       3061   hralgorythm.o
       780         66          0          8          0       5374   key_1.o
       136          0          0          0          0       3258   list.o
      7316       1360         36        140         64      60736   main.o
         0          0          0          1          0        821   max30102.o
       124         16          0          0          0     225819   misc.o
        84         16          0          0          0       1351   motor.o
       934         86          0         76          0      11339   mpu6050_1.o
      1110         44          0          0       1024       8208   oled_1.o
      1400         54          0          0          0       7973   oled_clock_1.o
         0          0       6231          0          0       1335   oled_data_1.o
       670         68          0         16          0      10821   port.o
      1954         22          0          0          0      21606   queue.o
        36          8        408          0       1024        792   startup_stm32f411xe.o
       304         20          0          0          0       5131   stm32f4xx_adc.o
       428         44          0          0          0       7387   stm32f4xx_dma.o
       160         22          0          0          0       2689   stm32f4xx_exti.o
       194          0          0          0          0       4027   stm32f4xx_gpio.o
       366         10          0          0          0       6516   stm32f4xx_i2c.o
        12          0          0          0          0       2573   stm32f4xx_it.o
        80         22          0          0          0       2022   stm32f4xx_pwr.o
       244         30          0         16          0       4775   stm32f4xx_rcc.o
        44          6          0          0          0        632   stm32f4xx_syscfg.o
       318         36          0          0          0       5043   stm32f4xx_tim.o
       360          8          0          0          0       5633   stm32f4xx_usart.o
       208         38          0         20          0      73593   system_stm32f4xx.o
      3658        272          0         64        300      45226   tasks.o
       498         42          0         10          0       5164   timer_1.o
       980         86          0         20         40      14472   timers.o
       250         16          0          0          0       3348   usart_1.o
       260         64          0          0          0       3277   user_queue.o

    ----------------------------------------------------------------------
     29584       2958       6708        424      43672     605182   Object Totals
         0          0         32          0          0          0   (incl. Generated)
        50          0          1          6          4          0   (incl. Padding)

    ----------------------------------------------------------------------

      Code (inc. data)   RO Data    RW Data    ZI Data      Debug   Library Member Name

       592         90          0          0          0        184   atan2f.o
        38          0          0          0          0        116   fpclassifyf.o
        22          6          0          0          0        232   funder.o
        58          0          0          0          0        136   sqrtf.o
        86          0          0          0          0          0   __dczerorl2.o
         0          0          0          0          0          0   entry.o
         0          0          0          0          0          0   entry10a.o
         0          0          0          0          0          0   entry11a.o
         8          4          0          0          0          0   entry2.o
         4          0          0          0          0          0   entry5.o
         0          0          0          0          0          0   entry7b.o
         0          0          0          0          0          0   entry8b.o
         8          4          0          0          0          0   entry9a.o
        12          6          0          4          0         68   errno.o
        30          0          0          0          0          0   handlers.o
        36          8          0          0          0         68   init.o
         0          0          0          0          0          0   iusefp.o
        30          0          0          0          0         68   llshl.o
        36          0          0          0          0         68   llsshr.o
        32          0          0          0          0         68   llushr.o
        36          0          0          0          0         68   memcpya.o
        36          0          0          0          0        108   memseta.o
      2258         90          0          0          0        452   printfa.o
         0          0          0          4          0          0   stdout.o
        28          0          0          0          0         76   strcmp.o
        44          0          0          0          0         80   uidiv.o
        98          0          0          0          0         92   uldiv.o
        48          0          0          0          0         68   cdcmple.o
        48          0          0          0          0         68   cdrcmple.o
        56          0          0          0          0         88   d2f.o
       334          0          0          0          0        148   dadd.o
       222          0          0          0          0        100   ddiv.o
       186          0          0          0          0        176   depilogue.o
        62          0          0          0          0         80   dfixi.o
        48          0          0          0          0         68   dfixul.o
        34          0          0          0          0         76   dflti.o
        26          0          0          0          0         76   dfltui.o
       228          0          0          0          0         96   dmul.o
       110          0          0          0          0        168   fepilogue.o

    ----------------------------------------------------------------------
      4904        208          0          8          0       3096   Library Totals
        10          0          0          0          0          0   (incl. Padding)

    ----------------------------------------------------------------------

      Code (inc. data)   RO Data    RW Data    ZI Data      Debug   Library Name

       710         96          0          0          0        668   m_wm.l
      2782        112          0          8          0       1216   mc_w.l
      1402          0          0          0          0       1212   mf_w.l

    ----------------------------------------------------------------------
      4904        208          0          8          0       3096   Library Totals

    ----------------------------------------------------------------------

==============================================================================


      Code (inc. data)   RO Data    RW Data    ZI Data      Debug   

     34488       3166       6708        432      43672     576662   Grand Totals
     34488       3166       6708         52      43672     576662   ELF Image Totals (compressed)
     34488       3166       6708         52          0          0   ROM Totals

==============================================================================

    Total RO  Size (Code + RO Data)                41196 (  40.23kB)
    Total RW  Size (RW Data + ZI Data)             44104 (  43.07kB)
    Total ROM Size (Code + RO Data + RW Data)      41248 (  40.28kB)

==============================================================================

